
Running 265 tests using 8 workers

[1A[2K[1/265] [chromium] › src\__tests__\e2e\seo-preview.spec.ts:44:3 › E2E-F001: Meta Input Form › E2E-F001-04: typing a new title updates the Google Desktop preview
[1A[2K[2/265] [chromium] › src\__tests__\e2e\seo-preview.spec.ts:21:3 › E2E-F001: Meta Input Form › E2E-F001-01: page title contains the app name
[1A[2K[3/265] [chromium] › src\__tests__\e2e\seo-preview.spec.ts:25:3 › E2E-F001: Meta Input Form › E2E-F001-02: h1 heading is visible on load
[1A[2K[4/265] [chromium] › src\__tests__\e2e\seo-preview.spec.ts:56:3 › E2E-F001: Meta Input Form › E2E-F001-05: typing a new description updates the preview area
[1A[2K[5/265] [chromium] › src\__tests__\e2e\seo-preview.spec.ts:70:3 › E2E-F001: Meta Input Form › E2E-F001-06: clearing the title shows Untitled fallback in preview
[1A[2K[6/265] [chromium] › src\__tests__\e2e\seo-preview.spec.ts:31:3 › E2E-F001: Meta Input Form › E2E-F001-03: all four input fields are present and pre-filled
[1A[2K[7/265] [chromium] › src\__tests__\e2e\seo-preview.spec.ts:79:3 › E2E-F001: Meta Input Form › E2E-F001-07: character counter updates as user types in the title field
[1A[2K[8/265] [chromium] › src\__tests__\e2e\seo-preview.spec.ts:99:3 › E2E-F002: Google Desktop Preview › E2E-F002-01: Google Desktop preview tab is present and active by default
[1A[2K  1) [chromium] › src\__tests__\e2e\seo-preview.spec.ts:25:3 › E2E-F001: Meta Input Form › E2E-F001-02: h1 heading is visible on load 

    Error: [2mexpect([22m[31mlocator[39m[2m).[22mtoBeVisible[2m([22m[2m)[22m failed

    Locator: getByRole('heading', { name: /SEO Meta Preview/i, level: 1 })
    Expected: visible
    Timeout: 5000ms
    Error: element(s) not found

    Call log:
    [2m  - Expect "toBeVisible" with timeout 5000ms[22m
    [2m  - waiting for getByRole('heading', { name: /SEO Meta Preview/i, level: 1 })[22m


      26 |     await expect(
      27 |       page.getByRole("heading", { level: 1, name: /SEO Meta Preview/i }),
    > 28 |     ).toBeVisible();
         |       ^
      29 |   });
      30 |
      31 |   test("E2E-F001-03: all four input fields are present and pre-filled", async ({
        at C:\Users\Kenny\projects\seo-meta-preview-scorer\src\__tests__\e2e\seo-preview.spec.ts:28:7

    Error Context: test-results\seo-preview-E2E-F001-Meta--ac8df--heading-is-visible-on-load-chromium\error-context.md


[1A[2K  2) [chromium] › src\__tests__\e2e\seo-preview.spec.ts:99:3 › E2E-F002: Google Desktop Preview › E2E-F002-01: Google Desktop preview tab is present and active by default 

    Error: [2mexpect([22m[31mlocator[39m[2m).[22mtoBeVisible[2m([22m[2m)[22m failed

    Locator: getByRole('tab', { name: /google desktop/i }).or(getByText(/google desktop/i).first())
    Expected: visible
    Timeout: 5000ms
    Error: element(s) not found

    Call log:
    [2m  - Expect "toBeVisible" with timeout 5000ms[22m
    [2m  - waiting for getByRole('tab', { name: /google desktop/i }).or(getByText(/google desktop/i).first())[22m


      103 |       .getByRole("tab", { name: /google desktop/i })
      104 |       .or(page.getByText(/google desktop/i).first());
    > 105 |     await expect(googleTab).toBeVisible();
          |                             ^
      106 |   });
      107 |
      108 |   test("E2E-F002-02: breadcrumb URL is shown in the preview", async ({
        at C:\Users\Kenny\projects\seo-meta-preview-scorer\src\__tests__\e2e\seo-preview.spec.ts:105:29

    Error Context: test-results\seo-preview-E2E-F002-Googl-842e2-esent-and-active-by-default-chromium\error-context.md


[1A[2K  3) [chromium] › src\__tests__\e2e\seo-preview.spec.ts:31:3 › E2E-F001: Meta Input Form › E2E-F001-03: all four input fields are present and pre-filled 

    Error: [2mexpect([22m[31mlocator[39m[2m).[22mtoBeVisible[2m([22m[2m)[22m failed

    Locator: getByLabel(/page title/i)
    Expected: visible
    Timeout: 5000ms
    Error: element(s) not found

    Call log:
    [2m  - Expect "toBeVisible" with timeout 5000ms[22m
    [2m  - waiting for getByLabel(/page title/i)[22m


      32 |     page,
      33 |   }) => {
    > 34 |     await expect(page.getByLabel(/page title/i)).toBeVisible();
         |                                                  ^
      35 |     await expect(page.getByLabel(/meta description/i)).toBeVisible();
      36 |     await expect(page.getByLabel(/^url$/i)).toBeVisible();
      37 |     await expect(page.getByLabel(/primary keyword/i)).toBeVisible();
        at C:\Users\Kenny\projects\seo-meta-preview-scorer\src\__tests__\e2e\seo-preview.spec.ts:34:50

    Error Context: test-results\seo-preview-E2E-F001-Meta--9dea2--are-present-and-pre-filled-chromium\error-context.md


[1A[2K  4) [chromium] › src\__tests__\e2e\seo-preview.spec.ts:21:3 › E2E-F001: Meta Input Form › E2E-F001-01: page title contains the app name 

    Error: [2mexpect([22m[31mpage[39m[2m).[22mtoHaveTitle[2m([22m[32mexpected[39m[2m)[22m failed

    Expected pattern: [32m/SEO Meta Preview/i[39m
    Received string:  [31m"Dream Interpreter — Decode What Your Dreams Mean"[39m
    Timeout: 5000ms

    Call log:
    [2m  - Expect "toHaveTitle" with timeout 5000ms[22m
    [2m    9 × unexpected value "Dream Interpreter — Decode What Your Dreams Mean"[22m


      20 |
      21 |   test("E2E-F001-01: page title contains the app name", async ({ page }) => {
    > 22 |     await expect(page).toHaveTitle(/SEO Meta Preview/i);
         |                        ^
      23 |   });
      24 |
      25 |   test("E2E-F001-02: h1 heading is visible on load", async ({ page }) => {
        at C:\Users\Kenny\projects\seo-meta-preview-scorer\src\__tests__\e2e\seo-preview.spec.ts:22:24

    Error Context: test-results\seo-preview-E2E-F001-Meta--7128d-title-contains-the-app-name-chromium\error-context.md


[1A[2K[9/265] [chromium] › src\__tests__\e2e\seo-preview.spec.ts:108:3 › E2E-F002: Google Desktop Preview › E2E-F002-02: breadcrumb URL is shown in the preview
[1A[2K[10/265] [chromium] › src\__tests__\e2e\seo-preview.spec.ts:119:3 › E2E-F002: Google Desktop Preview › E2E-F002-03: title is truncated at 60 chars in Google Desktop preview
[1A[2K[11/265] [chromium] › src\__tests__\e2e\seo-preview.spec.ts:137:3 › E2E-F002: Google Desktop Preview › E2E-F002-04: description is shown below the title in the SERP preview
[1A[2K[12/265] [chromium] › src\__tests__\e2e\seo-preview.spec.ts:151:3 › E2E-F002: Google Desktop Preview › E2E-F002-05: keyword is highlighted in the preview
[1A[2K  5) [chromium] › src\__tests__\e2e\seo-preview.spec.ts:44:3 › E2E-F001: Meta Input Form › E2E-F001-04: typing a new title updates the Google Desktop preview 

    [31mTest timeout of 30000ms exceeded.[39m

    Error: locator.clear: Test timeout of 30000ms exceeded.
    Call log:
    [2m  - waiting for getByLabel(/page title/i)[22m


      46 |   }) => {
      47 |     const titleInput = page.getByLabel(/page title/i);
    > 48 |     await titleInput.clear();
         |                      ^
      49 |     await titleInput.fill("My Custom SEO Title 2024");
      50 |
      51 |     await expect(
        at C:\Users\Kenny\projects\seo-meta-preview-scorer\src\__tests__\e2e\seo-preview.spec.ts:48:22

    Error Context: test-results\seo-preview-E2E-F001-Meta--dd449--the-Google-Desktop-preview-chromium\error-context.md


[1A[2K  6) [chromium] › src\__tests__\e2e\seo-preview.spec.ts:56:3 › E2E-F001: Meta Input Form › E2E-F001-05: typing a new description updates the preview area 

    [31mTest timeout of 30000ms exceeded.[39m

    Error: locator.clear: Test timeout of 30000ms exceeded.
    Call log:
    [2m  - waiting for getByLabel(/meta description/i)[22m


      58 |   }) => {
      59 |     const descInput = page.getByLabel(/meta description/i);
    > 60 |     await descInput.clear();
         |                     ^
      61 |     await descInput.fill(
      62 |       "This is my custom meta description for testing purposes.",
      63 |     );
        at C:\Users\Kenny\projects\seo-meta-preview-scorer\src\__tests__\e2e\seo-preview.spec.ts:60:21

    Error Context: test-results\seo-preview-E2E-F001-Meta--7245a-on-updates-the-preview-area-chromium\error-context.md


[1A[2K  7) [chromium] › src\__tests__\e2e\seo-preview.spec.ts:79:3 › E2E-F001: Meta Input Form › E2E-F001-07: character counter updates as user types in the title field 

    [31mTest timeout of 30000ms exceeded.[39m

    Error: locator.clear: Test timeout of 30000ms exceeded.
    Call log:
    [2m  - waiting for getByLabel(/page title/i)[22m


      81 |   }) => {
      82 |     const titleInput = page.getByLabel(/page title/i);
    > 83 |     await titleInput.clear();
         |                      ^
      84 |     await titleInput.fill("Hello"); // 5 characters
      85 |
      86 |     await expect(page.getByLabel("5 characters")).toBeVisible();
        at C:\Users\Kenny\projects\seo-meta-preview-scorer\src\__tests__\e2e\seo-preview.spec.ts:83:22

    Error Context: test-results\seo-preview-E2E-F001-Meta--17768-er-types-in-the-title-field-chromium\error-context.md


[1A[2K  8) [chromium] › src\__tests__\e2e\seo-preview.spec.ts:70:3 › E2E-F001: Meta Input Form › E2E-F001-06: clearing the title shows Untitled fallback in preview 

    [31mTest timeout of 30000ms exceeded.[39m

    Error: locator.clear: Test timeout of 30000ms exceeded.
    Call log:
    [2m  - waiting for getByLabel(/page title/i)[22m


      72 |   }) => {
      73 |     const titleInput = page.getByLabel(/page title/i);
    > 74 |     await titleInput.clear();
         |                      ^
      75 |
      76 |     await expect(page.getByText("Untitled").first()).toBeVisible();
      77 |   });
        at C:\Users\Kenny\projects\seo-meta-preview-scorer\src\__tests__\e2e\seo-preview.spec.ts:74:22

    Error Context: test-results\seo-preview-E2E-F001-Meta--cfc89-ntitled-fallback-in-preview-chromium\error-context.md


[1A[2K[13/265] [chromium] › src\__tests__\e2e\seo-preview.spec.ts:176:3 › E2E-F003: Google Mobile Preview › E2E-F003-01: mobile truncation warning appears when title exceeds 50 chars
[1A[2K[14/265] [chromium] › src\__tests__\e2e\seo-preview.spec.ts:186:3 › E2E-F003: Google Mobile Preview › E2E-F003-02: no mobile truncation warning when title is within 50 chars
[1A[2K[15/265] [chromium] › src\__tests__\e2e\seo-preview.spec.ts:208:3 › E2E-F004: Score Dashboard › E2E-F004-01: Overall SEO Score heading is visible
[1A[2K[16/265] [chromium] › src\__tests__\e2e\seo-preview.spec.ts:214:3 › E2E-F004: Score Dashboard › E2E-F004-02: /100 suffix is shown in the gauge
[1A[2K  9) [chromium] › src\__tests__\e2e\seo-preview.spec.ts:214:3 › E2E-F004: Score Dashboard › E2E-F004-02: /100 suffix is shown in the gauge 

    Error: [2mexpect([22m[31mlocator[39m[2m).[22mtoBeVisible[2m([22m[2m)[22m failed

    Locator: getByText('/100').first()
    Expected: visible
    Timeout: 5000ms
    Error: element(s) not found

    Call log:
    [2m  - Expect "toBeVisible" with timeout 5000ms[22m
    [2m  - waiting for getByText('/100').first()[22m


      213 |
      214 |   test("E2E-F004-02: /100 suffix is shown in the gauge", async ({ page }) => {
    > 215 |     await expect(page.getByText("/100").first()).toBeVisible();
          |                                                  ^
      216 |   });
      217 |
      218 |   test("E2E-F004-03: Title, Description, and Keyword score cards are rendered", async ({
        at C:\Users\Kenny\projects\seo-meta-preview-scorer\src\__tests__\e2e\seo-preview.spec.ts:215:50

    Error Context: test-results\seo-preview-E2E-F004-Score-e3d4a-uffix-is-shown-in-the-gauge-chromium\error-context.md


[1A[2K  10) [chromium] › src\__tests__\e2e\seo-preview.spec.ts:208:3 › E2E-F004: Score Dashboard › E2E-F004-01: Overall SEO Score heading is visible 

    Error: [2mexpect([22m[31mlocator[39m[2m).[22mtoBeVisible[2m([22m[2m)[22m failed

    Locator: getByText('Overall SEO Score')
    Expected: visible
    Timeout: 5000ms
    Error: element(s) not found

    Call log:
    [2m  - Expect "toBeVisible" with timeout 5000ms[22m
    [2m  - waiting for getByText('Overall SEO Score')[22m


      209 |     page,
      210 |   }) => {
    > 211 |     await expect(page.getByText("Overall SEO Score")).toBeVisible();
          |                                                       ^
      212 |   });
      213 |
      214 |   test("E2E-F004-02: /100 suffix is shown in the gauge", async ({ page }) => {
        at C:\Users\Kenny\projects\seo-meta-preview-scorer\src\__tests__\e2e\seo-preview.spec.ts:211:55

    Error Context: test-results\seo-preview-E2E-F004-Score-421ba-EO-Score-heading-is-visible-chromium\error-context.md


[1A[2K  11) [chromium] › src\__tests__\e2e\seo-preview.spec.ts:108:3 › E2E-F002: Google Desktop Preview › E2E-F002-02: breadcrumb URL is shown in the preview 

    [31mTest timeout of 30000ms exceeded.[39m

    Error: locator.clear: Test timeout of 30000ms exceeded.
    Call log:
    [2m  - waiting for getByLabel(/^url$/i)[22m


      110 |   }) => {
      111 |     const urlInput = page.getByLabel(/^url$/i);
    > 112 |     await urlInput.clear();
          |                    ^
      113 |     await urlInput.fill("https://example.com/my-page");
      114 |
      115 |     // Breadcrumb should show domain
        at C:\Users\Kenny\projects\seo-meta-preview-scorer\src\__tests__\e2e\seo-preview.spec.ts:112:20

    Error Context: test-results\seo-preview-E2E-F002-Googl-1bdc5-URL-is-shown-in-the-preview-chromium\error-context.md


[1A[2K[17/265] [chromium] › src\__tests__\e2e\seo-preview.spec.ts:226:3 › E2E-F004: Score Dashboard › E2E-F004-04: score updates when metadata changes
[1A[2K[18/265] [chromium] › src\__tests__\e2e\seo-preview.spec.ts:218:3 › E2E-F004: Score Dashboard › E2E-F004-03: Title, Description, and Keyword score cards are rendered
[1A[2K  12) [chromium] › src\__tests__\e2e\seo-preview.spec.ts:119:3 › E2E-F002: Google Desktop Preview › E2E-F002-03: title is truncated at 60 chars in Google Desktop preview 

    [31mTest timeout of 30000ms exceeded.[39m

    Error: locator.clear: Test timeout of 30000ms exceeded.
    Call log:
    [2m  - waiting for getByLabel(/page title/i)[22m


      123 |     const longTitle =
      124 |       "This title is way too long and definitely exceeds sixty characters limit";
    > 125 |     await titleInput.clear();
          |                      ^
      126 |     await titleInput.fill(longTitle);
      127 |
      128 |     // The preview renders a truncated version ending with ellipsis
        at C:\Users\Kenny\projects\seo-meta-preview-scorer\src\__tests__\e2e\seo-preview.spec.ts:125:22

    Error Context: test-results\seo-preview-E2E-F002-Googl-1526a-s-in-Google-Desktop-preview-chromium\error-context.md


[1A[2K  13) [chromium] › src\__tests__\e2e\seo-preview.spec.ts:151:3 › E2E-F002: Google Desktop Preview › E2E-F002-05: keyword is highlighted in the preview 

    [31mTest timeout of 30000ms exceeded.[39m

    Error: locator.clear: Test timeout of 30000ms exceeded.
    Call log:
    [2m  - waiting for getByLabel(/page title/i)[22m


      155 |     const kwInput = page.getByLabel(/primary keyword/i);
      156 |
    > 157 |     await titleInput.clear();
          |                      ^
      158 |     await titleInput.fill("Best SEO Guide for Beginners");
      159 |     await kwInput.clear();
      160 |     await kwInput.fill("SEO Guide");
        at C:\Users\Kenny\projects\seo-meta-preview-scorer\src\__tests__\e2e\seo-preview.spec.ts:157:22

    Error Context: test-results\seo-preview-E2E-F002-Googl-90352--highlighted-in-the-preview-chromium\error-context.md


[1A[2K  14) [chromium] › src\__tests__\e2e\seo-preview.spec.ts:137:3 › E2E-F002: Google Desktop Preview › E2E-F002-04: description is shown below the title in the SERP preview 

    [31mTest timeout of 30000ms exceeded.[39m

    Error: locator.clear: Test timeout of 30000ms exceeded.
    Call log:
    [2m  - waiting for getByLabel(/meta description/i)[22m


      139 |   }) => {
      140 |     const descInput = page.getByLabel(/meta description/i);
    > 141 |     await descInput.clear();
          |                     ^
      142 |     await descInput.fill("A perfectly crafted meta description for testing.");
      143 |
      144 |     await expect(
        at C:\Users\Kenny\projects\seo-meta-preview-scorer\src\__tests__\e2e\seo-preview.spec.ts:141:21

    Error Context: test-results\seo-preview-E2E-F002-Googl-d1eea-e-title-in-the-SERP-preview-chromium\error-context.md


[1A[2K[19/265] [chromium] › src\__tests__\e2e\seo-preview.spec.ts:258:3 › E2E-F004: Score Dashboard › E2E-F004-05: empty title and description results in a low/zero score
[1A[2K[20/265] [chromium] › src\__tests__\e2e\seo-preview.spec.ts:281:3 › E2E-F005: Bing Preview Tab › E2E-F005-01: clicking the Bing preview tab shows the Bing preview
[1A[2K[21/265] [chromium] › src\__tests__\e2e\seo-preview.spec.ts:293:3 › E2E-F005: Bing Preview Tab › E2E-F005-02: Bing preview shows title with 65-char truncation
[1A[2K[22/265] [chromium] › src\__tests__\e2e\seo-preview.spec.ts:324:3 › E2E-F006: Social / OG Card Preview › E2E-F006-01: social card preview tab or section is present
[1A[2K[23/265] [chromium] › src\__tests__\e2e\seo-preview.spec.ts:341:3 › E2E-F006: Social / OG Card Preview › E2E-F006-02: social card displays the page title
[1A[2K[24/265] [chromium] › src\__tests__\e2e\seo-preview.spec.ts:368:3 › E2E-F007: Screenshot Export › E2E-F007-01: Export PNG button is rendered
[1A[2K  15) [chromium] › src\__tests__\e2e\seo-preview.spec.ts:324:3 › E2E-F006: Social / OG Card Preview › E2E-F006-01: social card preview tab or section is present 

    Error: [2mexpect([22m[31mreceived[39m[2m).[22mtoBe[2m([22m[32mexpected[39m[2m) // Object.is equality[22m

    Expected: [32mtrue[39m
    Received: [31mfalse[39m

      336 |
      337 |     // At least one of them should exist
    > 338 |     expect(tabVisible || sectionVisible).toBe(true);
          |                                          ^
      339 |   });
      340 |
      341 |   test("E2E-F006-02: social card displays the page title", async ({ page }) => {
        at C:\Users\Kenny\projects\seo-meta-preview-scorer\src\__tests__\e2e\seo-preview.spec.ts:338:42

    Error Context: test-results\seo-preview-E2E-F006-Socia-202ae-w-tab-or-section-is-present-chromium\error-context.md


[1A[2K[25/265] [chromium] › src\__tests__\e2e\seo-preview.spec.ts:374:3 › E2E-F007: Screenshot Export › E2E-F007-02: clicking Export PNG does not navigate away from the page
[1A[2K  16) [chromium] › src\__tests__\e2e\seo-preview.spec.ts:218:3 › E2E-F004: Score Dashboard › E2E-F004-03: Title, Description, and Keyword score cards are rendered 

    Error: [2mexpect([22m[31mlocator[39m[2m).[22mtoBeVisible[2m([22m[2m)[22m failed

    Locator: getByText('Title').first()
    Expected: visible
    Timeout: 5000ms
    Error: element(s) not found

    Call log:
    [2m  - Expect "toBeVisible" with timeout 5000ms[22m
    [2m  - waiting for getByText('Title').first()[22m


      219 |     page,
      220 |   }) => {
    > 221 |     await expect(page.getByText("Title").first()).toBeVisible();
          |                                                   ^
      222 |     await expect(page.getByText("Description").first()).toBeVisible();
      223 |     await expect(page.getByText("Keyword").first()).toBeVisible();
      224 |   });
        at C:\Users\Kenny\projects\seo-meta-preview-scorer\src\__tests__\e2e\seo-preview.spec.ts:221:51

    Error Context: test-results\seo-preview-E2E-F004-Score-0e134-rd-score-cards-are-rendered-chromium\error-context.md


[1A[2K[26/265] [chromium] › src\__tests__\e2e\seo-preview.spec.ts:390:3 › E2E-F008: Embeddable Widget › E2E-F008-01: embed page loads without errors
[1A[2K[27/265] [chromium] › src\__tests__\e2e\seo-preview.spec.ts:395:3 › E2E-F008: Embeddable Widget › E2E-F008-02: embed link is in the header nav
[1A[2K  17) [chromium] › src\__tests__\e2e\seo-preview.spec.ts:368:3 › E2E-F007: Screenshot Export › E2E-F007-01: Export PNG button is rendered 

    Error: [2mexpect([22m[31mlocator[39m[2m).[22mtoBeVisible[2m([22m[2m)[22m failed

    Locator: getByRole('button', { name: /export/i }).first()
    Expected: visible
    Timeout: 5000ms
    Error: element(s) not found

    Call log:
    [2m  - Expect "toBeVisible" with timeout 5000ms[22m
    [2m  - waiting for getByRole('button', { name: /export/i }).first()[22m


      369 |     await expect(
      370 |       page.getByRole("button", { name: /export/i }).first(),
    > 371 |     ).toBeVisible();
          |       ^
      372 |   });
      373 |
      374 |   test("E2E-F007-02: clicking Export PNG does not navigate away from the page", async ({
        at C:\Users\Kenny\projects\seo-meta-preview-scorer\src\__tests__\e2e\seo-preview.spec.ts:371:7

    Error Context: test-results\seo-preview-E2E-F007-Scree-f21a4-port-PNG-button-is-rendered-chromium\error-context.md


[1A[2K[28/265] [chromium] › src\__tests__\e2e\seo-preview.spec.ts:401:3 › E2E-F008: Embeddable Widget › E2E-F008-03: embed page accepts query-param options without crashing
[1A[2K[29/265] [chromium] › src\__tests__\e2e\seo-preview.spec.ts:412:3 › E2E-F008: Embeddable Widget › E2E-F008-04: embed page shows the SEO preview widget
[1A[2K[30/265] [chromium] › src\__tests__\e2e\seo-preview.spec.ts:421:3 › E2E-F008: Embeddable Widget › E2E-F008-05: navigating to embed link from header reaches /embed
[1A[2K  18) [chromium] › src\__tests__\e2e\seo-preview.spec.ts:395:3 › E2E-F008: Embeddable Widget › E2E-F008-02: embed link is in the header nav 

    Error: [2mexpect([22m[31mlocator[39m[2m).[22mtoBeVisible[2m([22m[2m)[22m failed

    Locator: getByRole('link', { name: /embed/i }).first()
    Expected: visible
    Timeout: 5000ms
    Error: element(s) not found

    Call log:
    [2m  - Expect "toBeVisible" with timeout 5000ms[22m
    [2m  - waiting for getByRole('link', { name: /embed/i }).first()[22m


      396 |     await page.goto("/");
      397 |     const embedLink = page.getByRole("link", { name: /embed/i }).first();
    > 398 |     await expect(embedLink).toBeVisible();
          |                             ^
      399 |   });
      400 |
      401 |   test("E2E-F008-03: embed page accepts query-param options without crashing", async ({
        at C:\Users\Kenny\projects\seo-meta-preview-scorer\src\__tests__\e2e\seo-preview.spec.ts:398:29

    Error Context: test-results\seo-preview-E2E-F008-Embed-f3d9d-d-link-is-in-the-header-nav-chromium\error-context.md


[1A[2K[31/265] [chromium] › src\__tests__\e2e\seo-preview.spec.ts:440:3 › E2E-F009: Dark Mode / Theme Toggle › E2E-F009-01: theme toggle button is visible in the header
[1A[2K[32/265] [chromium] › src\__tests__\e2e\seo-preview.spec.ts:457:3 › E2E-F009: Dark Mode / Theme Toggle › E2E-F009-02: clicking the theme toggle changes the color scheme
[1A[2K[33/265] [chromium] › src\__tests__\e2e\seo-preview.spec.ts:490:3 › E2E-F009: Dark Mode / Theme Toggle › E2E-F009-03: page renders correctly in dark mode
[1A[2K  19) [chromium] › src\__tests__\e2e\seo-preview.spec.ts:490:3 › E2E-F009: Dark Mode / Theme Toggle › E2E-F009-03: page renders correctly in dark mode 

    Error: [2mexpect([22m[31mlocator[39m[2m).[22mtoBeVisible[2m([22m[2m)[22m failed

    Locator: getByLabel(/page title/i)
    Expected: visible
    Timeout: 5000ms
    Error: element(s) not found

    Call log:
    [2m  - Expect "toBeVisible" with timeout 5000ms[22m
    [2m  - waiting for getByLabel(/page title/i)[22m


      494 |
      495 |     // Page should still load with key elements visible
    > 496 |     await expect(page.getByLabel(/page title/i)).toBeVisible();
          |                                                  ^
      497 |     await expect(page.getByText("Overall SEO Score")).toBeVisible();
      498 |   });
      499 |
        at C:\Users\Kenny\projects\seo-meta-preview-scorer\src\__tests__\e2e\seo-preview.spec.ts:496:50

    Error Context: test-results\seo-preview-E2E-F009-Dark--a905d-ders-correctly-in-dark-mode-chromium\error-context.md


[1A[2K[34/265] [chromium] › src\__tests__\e2e\seo-preview.spec.ts:500:3 › E2E-F009: Dark Mode / Theme Toggle › E2E-F009-04: page renders correctly in light mode
[1A[2K  20) [chromium] › src\__tests__\e2e\seo-preview.spec.ts:176:3 › E2E-F003: Google Mobile Preview › E2E-F003-01: mobile truncation warning appears when title exceeds 50 chars 

    [31mTest timeout of 30000ms exceeded.[39m

    Error: locator.clear: Test timeout of 30000ms exceeded.
    Call log:
    [2m  - waiting for getByLabel(/page title/i)[22m


      178 |   }) => {
      179 |     const titleInput = page.getByLabel(/page title/i);
    > 180 |     await titleInput.clear();
          |                      ^
      181 |     await titleInput.fill("A".repeat(51));
      182 |
      183 |     await expect(page.getByText(/truncated on mobile/i).first()).toBeVisible();
        at C:\Users\Kenny\projects\seo-meta-preview-scorer\src\__tests__\e2e\seo-preview.spec.ts:180:22

    Error Context: test-results\seo-preview-E2E-F003-Googl-e08f0-when-title-exceeds-50-chars-chromium\error-context.md


[1A[2K  21) [chromium] › src\__tests__\e2e\seo-preview.spec.ts:186:3 › E2E-F003: Google Mobile Preview › E2E-F003-02: no mobile truncation warning when title is within 50 chars 

    [31mTest timeout of 30000ms exceeded.[39m

    Error: locator.clear: Test timeout of 30000ms exceeded.
    Call log:
    [2m  - waiting for getByLabel(/page title/i)[22m


      188 |   }) => {
      189 |     const titleInput = page.getByLabel(/page title/i);
    > 190 |     await titleInput.clear();
          |                      ^
      191 |     await titleInput.fill("Short Title");
      192 |
      193 |     await expect(
        at C:\Users\Kenny\projects\seo-meta-preview-scorer\src\__tests__\e2e\seo-preview.spec.ts:190:22

    Error Context: test-results\seo-preview-E2E-F003-Googl-7c0d2-en-title-is-within-50-chars-chromium\error-context.md


[1A[2K[35/265] [chromium] › src\__tests__\e2e\seo-preview.spec.ts:520:3 › E2E-F010: History Panel › E2E-F010-01: history button or panel is accessible in the UI
[1A[2K[36/265] [chromium] › src\__tests__\e2e\seo-preview.spec.ts:543:3 › E2E-F010: History Panel › E2E-F010-02: entering metadata and navigating away adds a history entry
[1A[2K[37/265] [chromium] › src\__tests__\e2e\seo-preview.spec.ts:567:3 › E2E-F010: History Panel › E2E-F010-03: history entries can be deleted
[1A[2K  22) [chromium] › src\__tests__\e2e\seo-preview.spec.ts:500:3 › E2E-F009: Dark Mode / Theme Toggle › E2E-F009-04: page renders correctly in light mode 

    Error: [2mexpect([22m[31mlocator[39m[2m).[22mtoBeVisible[2m([22m[2m)[22m failed

    Locator: getByLabel(/page title/i)
    Expected: visible
    Timeout: 5000ms
    Error: element(s) not found

    Call log:
    [2m  - Expect "toBeVisible" with timeout 5000ms[22m
    [2m  - waiting for getByLabel(/page title/i)[22m


      504 |     await page.goto("/");
      505 |
    > 506 |     await expect(page.getByLabel(/page title/i)).toBeVisible();
          |                                                  ^
      507 |     await expect(page.getByText("Overall SEO Score")).toBeVisible();
      508 |   });
      509 | });
        at C:\Users\Kenny\projects\seo-meta-preview-scorer\src\__tests__\e2e\seo-preview.spec.ts:506:50

    Error Context: test-results\seo-preview-E2E-F009-Dark--6ab14-ers-correctly-in-light-mode-chromium\error-context.md


[1A[2K[38/265] [chromium] › src\__tests__\e2e\seo-preview.spec.ts:599:3 › E2E-F011: Bulk CSV Analysis › E2E-F011-01: bulk analysis page or section loads without errors
[1A[2K  23) [chromium] › src\__tests__\e2e\seo-preview.spec.ts:226:3 › E2E-F004: Score Dashboard › E2E-F004-04: score updates when metadata changes 

    [31mTest timeout of 30000ms exceeded.[39m

    Error: locator.textContent: Test timeout of 30000ms exceeded.
    Call log:
    [2m  - waiting for getByText('/100').first().locator('..')[22m


      230 |       .first()
      231 |       .locator("..")
    > 232 |       .textContent();
          |        ^
      233 |
      234 |     // Enter perfect metadata
      235 |     const titleInput = page.getByLabel(/page title/i);
        at C:\Users\Kenny\projects\seo-meta-preview-scorer\src\__tests__\e2e\seo-preview.spec.ts:232:8

    Error Context: test-results\seo-preview-E2E-F004-Score-8345c-dates-when-metadata-changes-chromium\error-context.md


[1A[2K[39/265] [chromium] › src\__tests__\e2e\seo-preview.spec.ts:643:3 › E2E-F011: Bulk CSV Analysis › E2E-F011-03: example CSV download link is present
[1A[2K[40/265] [chromium] › src\__tests__\e2e\seo-preview.spec.ts:679:3 › E2E-F012: URL Validation › E2E-F012-01: entering an invalid URL shows an error message
[1A[2K[41/265] [chromium] › src\__tests__\e2e\seo-preview.spec.ts:621:3 › E2E-F011: Bulk CSV Analysis › E2E-F011-02: CSV upload input is present on the bulk page
[1A[2K  24) [chromium] › src\__tests__\e2e\seo-preview.spec.ts:258:3 › E2E-F004: Score Dashboard › E2E-F004-05: empty title and description results in a low/zero score 

    [31mTest timeout of 30000ms exceeded.[39m

    Error: locator.clear: Test timeout of 30000ms exceeded.
    Call log:
    [2m  - waiting for getByLabel(/page title/i)[22m


      261 |     const titleInput = page.getByLabel(/page title/i);
      262 |     const descInput = page.getByLabel(/meta description/i);
    > 263 |     await titleInput.clear();
          |                      ^
      264 |     await descInput.clear();
      265 |
      266 |     const progressbar = page.getByRole("progressbar").first();
        at C:\Users\Kenny\projects\seo-meta-preview-scorer\src\__tests__\e2e\seo-preview.spec.ts:263:22

    Error Context: test-results\seo-preview-E2E-F004-Score-872cb-results-in-a-low-zero-score-chromium\error-context.md


[1A[2K[42/265] [chromium] › src\__tests__\e2e\seo-preview.spec.ts:705:3 › E2E-F012: URL Validation › E2E-F012-03: valid HTTPS URL updates the breadcrumb in the preview
[1A[2K[43/265] [chromium] › src\__tests__\e2e\seo-preview.spec.ts:690:3 › E2E-F012: URL Validation › E2E-F012-02: entering a valid URL clears the URL error
[1A[2K  25) [chromium] › src\__tests__\e2e\seo-preview.spec.ts:341:3 › E2E-F006: Social / OG Card Preview › E2E-F006-02: social card displays the page title 

    [31mTest timeout of 30000ms exceeded.[39m

    Error: locator.clear: Test timeout of 30000ms exceeded.
    Call log:
    [2m  - waiting for getByLabel(/page title/i)[22m


      341 |   test("E2E-F006-02: social card displays the page title", async ({ page }) => {
      342 |     const titleInput = page.getByLabel(/page title/i);
    > 343 |     await titleInput.clear();
          |                      ^
      344 |     await titleInput.fill("Social Share Title Test");
      345 |
      346 |     const socialTab = page
        at C:\Users\Kenny\projects\seo-meta-preview-scorer\src\__tests__\e2e\seo-preview.spec.ts:343:22

    Error Context: test-results\seo-preview-E2E-F006-Socia-9ac1f-ard-displays-the-page-title-chromium\error-context.md


[1A[2K[44/265] [chromium] › src\__tests__\e2e\seo-preview.spec.ts:725:3 › E2E-A11Y: Accessibility › E2E-A11Y-01: page has no heading-level skips (h1 is present)
[1A[2K  26) [chromium] › src\__tests__\e2e\seo-preview.spec.ts:374:3 › E2E-F007: Screenshot Export › E2E-F007-02: clicking Export PNG does not navigate away from the page 

    [31mTest timeout of 30000ms exceeded.[39m

    Error: locator.click: Test timeout of 30000ms exceeded.
    Call log:
    [2m  - waiting for getByRole('button', { name: /export/i }).first()[22m


      376 |   }) => {
      377 |     const exportButton = page.getByRole("button", { name: /export/i }).first();
    > 378 |     await exportButton.click();
          |                        ^
      379 |
      380 |     // Should remain on the same page
      381 |     await expect(page).toHaveURL(/^\//);
        at C:\Users\Kenny\projects\seo-meta-preview-scorer\src\__tests__\e2e\seo-preview.spec.ts:378:24

    Error Context: test-results\seo-preview-E2E-F007-Scree-78f5d-navigate-away-from-the-page-chromium\error-context.md


[1A[2K[45/265] [chromium] › src\__tests__\e2e\seo-preview.spec.ts:741:3 › E2E-A11Y: Accessibility › E2E-A11Y-03: score progress bar has aria-valuenow attribute
[1A[2K[46/265] [chromium] › src\__tests__\e2e\seo-preview.spec.ts:732:3 › E2E-A11Y: Accessibility › E2E-A11Y-02: all form inputs have accessible labels
[1A[2K  27) [chromium] › src\__tests__\e2e\seo-preview.spec.ts:741:3 › E2E-A11Y: Accessibility › E2E-A11Y-03: score progress bar has aria-valuenow attribute 

    Error: [2mexpect([22m[31mlocator[39m[2m).[22mtoHaveAttribute[2m([22m[2m)[22m failed

    Locator: getByRole('progressbar').first()
    Expected: have attribute
    Timeout: 5000ms
    Error: element(s) not found

    Call log:
    [2m  - Expect "toHaveAttribute" with timeout 5000ms[22m
    [2m  - waiting for getByRole('progressbar').first()[22m


      743 |   }) => {
      744 |     const progressbar = page.getByRole("progressbar").first();
    > 745 |     await expect(progressbar).toHaveAttribute("aria-valuenow");
          |                               ^
      746 |   });
      747 |
      748 |   test("E2E-A11Y-04: page is keyboard-navigable (Tab reaches the title field)", async ({
        at C:\Users\Kenny\projects\seo-meta-preview-scorer\src\__tests__\e2e\seo-preview.spec.ts:745:31

    Error Context: test-results\seo-preview-E2E-A11Y-Acces-efc73-has-aria-valuenow-attribute-chromium\error-context.md


[1A[2K  28) [chromium] › src\__tests__\e2e\seo-preview.spec.ts:421:3 › E2E-F008: Embeddable Widget › E2E-F008-05: navigating to embed link from header reaches /embed 

    [31mTest timeout of 30000ms exceeded.[39m

    Error: locator.click: Test timeout of 30000ms exceeded.
    Call log:
    [2m  - waiting for getByRole('link', { name: /embed/i }).first()[22m


      424 |     await page.goto("/");
      425 |     const embedLink = page.getByRole("link", { name: /embed/i }).first();
    > 426 |     await embedLink.click();
          |                     ^
      427 |     await expect(page).toHaveURL(/\/embed/i);
      428 |   });
      429 | });
        at C:\Users\Kenny\projects\seo-meta-preview-scorer\src\__tests__\e2e\seo-preview.spec.ts:426:21

    Error Context: test-results\seo-preview-E2E-F008-Embed-61d53-k-from-header-reaches-embed-chromium\error-context.md


[1A[2K  29) [chromium] › src\__tests__\e2e\seo-preview.spec.ts:732:3 › E2E-A11Y: Accessibility › E2E-A11Y-02: all form inputs have accessible labels 

    Error: [2mexpect([22m[31mlocator[39m[2m).[22mtoBeVisible[2m([22m[2m)[22m failed

    Locator: getByLabel(/page title/i)
    Expected: visible
    Timeout: 5000ms
    Error: element(s) not found

    Call log:
    [2m  - Expect "toBeVisible" with timeout 5000ms[22m
    [2m  - waiting for getByLabel(/page title/i)[22m


      733 |     page,
      734 |   }) => {
    > 735 |     await expect(page.getByLabel(/page title/i)).toBeVisible();
          |                                                  ^
      736 |     await expect(page.getByLabel(/meta description/i)).toBeVisible();
      737 |     await expect(page.getByLabel(/^url$/i)).toBeVisible();
      738 |     await expect(page.getByLabel(/primary keyword/i)).toBeVisible();
        at C:\Users\Kenny\projects\seo-meta-preview-scorer\src\__tests__\e2e\seo-preview.spec.ts:735:50

    Error Context: test-results\seo-preview-E2E-A11Y-Acces-462d3-puts-have-accessible-labels-chromium\error-context.md


[1A[2K[47/265] [chromium] › src\__tests__\e2e\seo-preview.spec.ts:748:3 › E2E-A11Y: Accessibility › E2E-A11Y-04: page is keyboard-navigable (Tab reaches the title field)
[1A[2K[48/265] [chromium] › src\__tests__\e2e\seo-preview.spec.ts:765:3 › E2E-A11Y: Accessibility › E2E-A11Y-05: page has appropriate lang attribute on <html>
[1A[2K[49/265] [chromium] › src\__tests__\e2e\seo-preview.spec.ts:773:3 › E2E-A11Y: Accessibility › E2E-A11Y-06: images (if any) have alt text
[1A[2K[50/265] [chromium] › src\__tests__\e2e\seo-preview.spec.ts:784:3 › E2E-A11Y: Accessibility › E2E-A11Y-07: interactive buttons have discernible text or aria-label
[1A[2K[51/265] [chromium] › src\__tests__\e2e\seo-preview.spec.ts:815:3 › Navigation & Header › embed link is in the header nav
[1A[2K[52/265] [chromium] › src\__tests__\e2e\seo-preview.spec.ts:820:3 › Navigation & Header › subtitle text is visible
[1A[2K  30) [chromium] › src\__tests__\e2e\seo-preview.spec.ts:820:3 › Navigation & Header › subtitle text is visible 

    Error: [2mexpect([22m[31mlocator[39m[2m).[22mtoBeVisible[2m([22m[2m)[22m failed

    Locator: getByText(/see exactly how your pages appear/i)
    Expected: visible
    Timeout: 5000ms
    Error: element(s) not found

    Call log:
    [2m  - Expect "toBeVisible" with timeout 5000ms[22m
    [2m  - waiting for getByText(/see exactly how your pages appear/i)[22m


      821 |     await expect(
      822 |       page.getByText(/see exactly how your pages appear/i),
    > 823 |     ).toBeVisible();
          |       ^
      824 |   });
      825 | });
      826 |
        at C:\Users\Kenny\projects\seo-meta-preview-scorer\src\__tests__\e2e\seo-preview.spec.ts:823:7

    Error Context: test-results\seo-preview-Navigation-Header-subtitle-text-is-visible-chromium\error-context.md


[1A[2K  31) [chromium] › src\__tests__\e2e\seo-preview.spec.ts:815:3 › Navigation & Header › embed link is in the header nav 

    Error: [2mexpect([22m[31mlocator[39m[2m).[22mtoBeVisible[2m([22m[2m)[22m failed

    Locator: getByRole('link', { name: /embed/i }).first()
    Expected: visible
    Timeout: 5000ms
    Error: element(s) not found

    Call log:
    [2m  - Expect "toBeVisible" with timeout 5000ms[22m
    [2m  - waiting for getByRole('link', { name: /embed/i }).first()[22m


      815 |   test("embed link is in the header nav", async ({ page }) => {
      816 |     const embedLink = page.getByRole("link", { name: /embed/i }).first();
    > 817 |     await expect(embedLink).toBeVisible();
          |                             ^
      818 |   });
      819 |
      820 |   test("subtitle text is visible", async ({ page }) => {
        at C:\Users\Kenny\projects\seo-meta-preview-scorer\src\__tests__\e2e\seo-preview.spec.ts:817:29

    Error Context: test-results\seo-preview-Navigation-Hea-f15a4-d-link-is-in-the-header-nav-chromium\error-context.md


[1A[2K[53/265] [chromium] › src\__tests__\e2e\seo-preview.spec.ts:832:3 › Footer › footer contains privacy-centric copy
[1A[2K[54/265] [firefox] › src\__tests__\e2e\seo-preview.spec.ts:21:3 › E2E-F001: Meta Input Form › E2E-F001-01: page title contains the app name
[1A[2K  32) [firefox] › src\__tests__\e2e\seo-preview.spec.ts:21:3 › E2E-F001: Meta Input Form › E2E-F001-01: page title contains the app name 

    Error: browserType.launch: Executable doesn't exist at C:\Users\Kenny\AppData\Local\ms-playwright\firefox-1509\firefox\firefox.exe
    ╔═════════════════════════════════════════════════════════════════════════╗
    ║ Looks like Playwright Test or Playwright was just installed or updated. ║
    ║ Please run the following command to download new browsers:              ║
    ║                                                                         ║
    ║     npx playwright install                                              ║
    ║                                                                         ║
    ║ <3 Playwright Team                                                      ║
    ╚═════════════════════════════════════════════════════════════════════════╝


[1A[2K[55/265] [firefox] › src\__tests__\e2e\seo-preview.spec.ts:25:3 › E2E-F001: Meta Input Form › E2E-F001-02: h1 heading is visible on load
[1A[2K  33) [firefox] › src\__tests__\e2e\seo-preview.spec.ts:25:3 › E2E-F001: Meta Input Form › E2E-F001-02: h1 heading is visible on load 

    Error: browserType.launch: Executable doesn't exist at C:\Users\Kenny\AppData\Local\ms-playwright\firefox-1509\firefox\firefox.exe
    ╔═════════════════════════════════════════════════════════════════════════╗
    ║ Looks like Playwright Test or Playwright was just installed or updated. ║
    ║ Please run the following command to download new browsers:              ║
    ║                                                                         ║
    ║     npx playwright install                                              ║
    ║                                                                         ║
    ║ <3 Playwright Team                                                      ║
    ╚═════════════════════════════════════════════════════════════════════════╝


[1A[2K[56/265] [firefox] › src\__tests__\e2e\seo-preview.spec.ts:31:3 › E2E-F001: Meta Input Form › E2E-F001-03: all four input fields are present and pre-filled
[1A[2K  34) [firefox] › src\__tests__\e2e\seo-preview.spec.ts:31:3 › E2E-F001: Meta Input Form › E2E-F001-03: all four input fields are present and pre-filled 

    Error: browserType.launch: Executable doesn't exist at C:\Users\Kenny\AppData\Local\ms-playwright\firefox-1509\firefox\firefox.exe
    ╔═════════════════════════════════════════════════════════════════════════╗
    ║ Looks like Playwright Test or Playwright was just installed or updated. ║
    ║ Please run the following command to download new browsers:              ║
    ║                                                                         ║
    ║     npx playwright install                                              ║
    ║                                                                         ║
    ║ <3 Playwright Team                                                      ║
    ╚═════════════════════════════════════════════════════════════════════════╝


[1A[2K[57/265] [firefox] › src\__tests__\e2e\seo-preview.spec.ts:44:3 › E2E-F001: Meta Input Form › E2E-F001-04: typing a new title updates the Google Desktop preview
[1A[2K  35) [firefox] › src\__tests__\e2e\seo-preview.spec.ts:44:3 › E2E-F001: Meta Input Form › E2E-F001-04: typing a new title updates the Google Desktop preview 

    Error: browserType.launch: Executable doesn't exist at C:\Users\Kenny\AppData\Local\ms-playwright\firefox-1509\firefox\firefox.exe
    ╔═════════════════════════════════════════════════════════════════════════╗
    ║ Looks like Playwright Test or Playwright was just installed or updated. ║
    ║ Please run the following command to download new browsers:              ║
    ║                                                                         ║
    ║     npx playwright install                                              ║
    ║                                                                         ║
    ║ <3 Playwright Team                                                      ║
    ╚═════════════════════════════════════════════════════════════════════════╝


[1A[2K[58/265] [firefox] › src\__tests__\e2e\seo-preview.spec.ts:56:3 › E2E-F001: Meta Input Form › E2E-F001-05: typing a new description updates the preview area
[1A[2K  36) [firefox] › src\__tests__\e2e\seo-preview.spec.ts:56:3 › E2E-F001: Meta Input Form › E2E-F001-05: typing a new description updates the preview area 

    Error: browserType.launch: Executable doesn't exist at C:\Users\Kenny\AppData\Local\ms-playwright\firefox-1509\firefox\firefox.exe
    ╔═════════════════════════════════════════════════════════════════════════╗
    ║ Looks like Playwright Test or Playwright was just installed or updated. ║
    ║ Please run the following command to download new browsers:              ║
    ║                                                                         ║
    ║     npx playwright install                                              ║
    ║                                                                         ║
    ║ <3 Playwright Team                                                      ║
    ╚═════════════════════════════════════════════════════════════════════════╝


[1A[2K[59/265] [firefox] › src\__tests__\e2e\seo-preview.spec.ts:70:3 › E2E-F001: Meta Input Form › E2E-F001-06: clearing the title shows Untitled fallback in preview
[1A[2K  37) [firefox] › src\__tests__\e2e\seo-preview.spec.ts:70:3 › E2E-F001: Meta Input Form › E2E-F001-06: clearing the title shows Untitled fallback in preview 

    Error: browserType.launch: Executable doesn't exist at C:\Users\Kenny\AppData\Local\ms-playwright\firefox-1509\firefox\firefox.exe
    ╔═════════════════════════════════════════════════════════════════════════╗
    ║ Looks like Playwright Test or Playwright was just installed or updated. ║
    ║ Please run the following command to download new browsers:              ║
    ║                                                                         ║
    ║     npx playwright install                                              ║
    ║                                                                         ║
    ║ <3 Playwright Team                                                      ║
    ╚═════════════════════════════════════════════════════════════════════════╝


[1A[2K[60/265] [firefox] › src\__tests__\e2e\seo-preview.spec.ts:79:3 › E2E-F001: Meta Input Form › E2E-F001-07: character counter updates as user types in the title field
[1A[2K  38) [firefox] › src\__tests__\e2e\seo-preview.spec.ts:79:3 › E2E-F001: Meta Input Form › E2E-F001-07: character counter updates as user types in the title field 

    Error: browserType.launch: Executable doesn't exist at C:\Users\Kenny\AppData\Local\ms-playwright\firefox-1509\firefox\firefox.exe
    ╔═════════════════════════════════════════════════════════════════════════╗
    ║ Looks like Playwright Test or Playwright was just installed or updated. ║
    ║ Please run the following command to download new browsers:              ║
    ║                                                                         ║
    ║     npx playwright install                                              ║
    ║                                                                         ║
    ║ <3 Playwright Team                                                      ║
    ╚═════════════════════════════════════════════════════════════════════════╝


[1A[2K  39) [chromium] › src\__tests__\e2e\seo-preview.spec.ts:832:3 › Footer › footer contains privacy-centric copy 

    Error: [2mexpect([22m[31mlocator[39m[2m).[22mtoBeVisible[2m([22m[2m)[22m failed

    Locator: getByText(/zero api calls/i)
    Expected: visible
    Timeout: 5000ms
    Error: element(s) not found

    Call log:
    [2m  - Expect "toBeVisible" with timeout 5000ms[22m
    [2m  - waiting for getByText(/zero api calls/i)[22m


      832 |   test("footer contains privacy-centric copy", async ({ page }) => {
      833 |     await page.goto("/");
    > 834 |     await expect(page.getByText(/zero api calls/i)).toBeVisible();
          |                                                     ^
      835 |   });
      836 | });
      837 |
        at C:\Users\Kenny\projects\seo-meta-preview-scorer\src\__tests__\e2e\seo-preview.spec.ts:834:53

    Error Context: test-results\seo-preview-Footer-footer-contains-privacy-centric-copy-chromium\error-context.md


[1A[2K[61/265] [firefox] › src\__tests__\e2e\seo-preview.spec.ts:99:3 › E2E-F002: Google Desktop Preview › E2E-F002-01: Google Desktop preview tab is present and active by default
[1A[2K  40) [firefox] › src\__tests__\e2e\seo-preview.spec.ts:99:3 › E2E-F002: Google Desktop Preview › E2E-F002-01: Google Desktop preview tab is present and active by default 

    Error: browserType.launch: Executable doesn't exist at C:\Users\Kenny\AppData\Local\ms-playwright\firefox-1509\firefox\firefox.exe
    ╔═════════════════════════════════════════════════════════════════════════╗
    ║ Looks like Playwright Test or Playwright was just installed or updated. ║
    ║ Please run the following command to download new browsers:              ║
    ║                                                                         ║
    ║     npx playwright install                                              ║
    ║                                                                         ║
    ║ <3 Playwright Team                                                      ║
    ╚═════════════════════════════════════════════════════════════════════════╝


[1A[2K[62/265] [firefox] › src\__tests__\e2e\seo-preview.spec.ts:108:3 › E2E-F002: Google Desktop Preview › E2E-F002-02: breadcrumb URL is shown in the preview
[1A[2K  41) [firefox] › src\__tests__\e2e\seo-preview.spec.ts:108:3 › E2E-F002: Google Desktop Preview › E2E-F002-02: breadcrumb URL is shown in the preview 

    Error: browserType.launch: Executable doesn't exist at C:\Users\Kenny\AppData\Local\ms-playwright\firefox-1509\firefox\firefox.exe
    ╔═════════════════════════════════════════════════════════════════════════╗
    ║ Looks like Playwright Test or Playwright was just installed or updated. ║
    ║ Please run the following command to download new browsers:              ║
    ║                                                                         ║
    ║     npx playwright install                                              ║
    ║                                                                         ║
    ║ <3 Playwright Team                                                      ║
    ╚═════════════════════════════════════════════════════════════════════════╝


[1A[2K  42) [chromium] › src\__tests__\e2e\seo-preview.spec.ts:543:3 › E2E-F010: History Panel › E2E-F010-02: entering metadata and navigating away adds a history entry 

    [31mTest timeout of 30000ms exceeded.[39m

    Error: locator.clear: Test timeout of 30000ms exceeded.
    Call log:
    [2m  - waiting for getByLabel(/page title/i)[22m


      545 |   }) => {
      546 |     const titleInput = page.getByLabel(/page title/i);
    > 547 |     await titleInput.clear();
          |                      ^
      548 |     await titleInput.fill("History Test Entry Title");
      549 |
      550 |     const descInput = page.getByLabel(/meta description/i);
        at C:\Users\Kenny\projects\seo-meta-preview-scorer\src\__tests__\e2e\seo-preview.spec.ts:547:22

    Error Context: test-results\seo-preview-E2E-F010-Histo-73e2e-g-away-adds-a-history-entry-chromium\error-context.md


[1A[2K  43) [chromium] › src\__tests__\e2e\seo-preview.spec.ts:567:3 › E2E-F010: History Panel › E2E-F010-03: history entries can be deleted 

    [31mTest timeout of 30000ms exceeded.[39m

    Error: locator.clear: Test timeout of 30000ms exceeded.
    Call log:
    [2m  - waiting for getByLabel(/page title/i)[22m


      568 |     // First ensure there's a history entry
      569 |     const titleInput = page.getByLabel(/page title/i);
    > 570 |     await titleInput.clear();
          |                      ^
      571 |     await titleInput.fill("Entry to Delete");
      572 |
      573 |     const historyBtn = page.getByRole("button", { name: /history/i }).first();
        at C:\Users\Kenny\projects\seo-meta-preview-scorer\src\__tests__\e2e\seo-preview.spec.ts:570:22

    Error Context: test-results\seo-preview-E2E-F010-Histo-a3a0e-tory-entries-can-be-deleted-chromium\error-context.md


[1A[2K[63/265] [firefox] › src\__tests__\e2e\seo-preview.spec.ts:119:3 › E2E-F002: Google Desktop Preview › E2E-F002-03: title is truncated at 60 chars in Google Desktop preview
[1A[2K  44) [firefox] › src\__tests__\e2e\seo-preview.spec.ts:119:3 › E2E-F002: Google Desktop Preview › E2E-F002-03: title is truncated at 60 chars in Google Desktop preview 

    Error: browserType.launch: Executable doesn't exist at C:\Users\Kenny\AppData\Local\ms-playwright\firefox-1509\firefox\firefox.exe
    ╔═════════════════════════════════════════════════════════════════════════╗
    ║ Looks like Playwright Test or Playwright was just installed or updated. ║
    ║ Please run the following command to download new browsers:              ║
    ║                                                                         ║
    ║     npx playwright install                                              ║
    ║                                                                         ║
    ║ <3 Playwright Team                                                      ║
    ╚═════════════════════════════════════════════════════════════════════════╝


[1A[2K[64/265] [firefox] › src\__tests__\e2e\seo-preview.spec.ts:137:3 › E2E-F002: Google Desktop Preview › E2E-F002-04: description is shown below the title in the SERP preview
[1A[2K  45) [firefox] › src\__tests__\e2e\seo-preview.spec.ts:137:3 › E2E-F002: Google Desktop Preview › E2E-F002-04: description is shown below the title in the SERP preview 

    Error: browserType.launch: Executable doesn't exist at C:\Users\Kenny\AppData\Local\ms-playwright\firefox-1509\firefox\firefox.exe
    ╔═════════════════════════════════════════════════════════════════════════╗
    ║ Looks like Playwright Test or Playwright was just installed or updated. ║
    ║ Please run the following command to download new browsers:              ║
    ║                                                                         ║
    ║     npx playwright install                                              ║
    ║                                                                         ║
    ║ <3 Playwright Team                                                      ║
    ╚═════════════════════════════════════════════════════════════════════════╝


[1A[2K[65/265] [firefox] › src\__tests__\e2e\seo-preview.spec.ts:151:3 › E2E-F002: Google Desktop Preview › E2E-F002-05: keyword is highlighted in the preview
[1A[2K  46) [firefox] › src\__tests__\e2e\seo-preview.spec.ts:151:3 › E2E-F002: Google Desktop Preview › E2E-F002-05: keyword is highlighted in the preview 

    Error: browserType.launch: Executable doesn't exist at C:\Users\Kenny\AppData\Local\ms-playwright\firefox-1509\firefox\firefox.exe
    ╔═════════════════════════════════════════════════════════════════════════╗
    ║ Looks like Playwright Test or Playwright was just installed or updated. ║
    ║ Please run the following command to download new browsers:              ║
    ║                                                                         ║
    ║     npx playwright install                                              ║
    ║                                                                         ║
    ║ <3 Playwright Team                                                      ║
    ╚═════════════════════════════════════════════════════════════════════════╝


[1A[2K[66/265] [firefox] › src\__tests__\e2e\seo-preview.spec.ts:176:3 › E2E-F003: Google Mobile Preview › E2E-F003-01: mobile truncation warning appears when title exceeds 50 chars
[1A[2K  47) [firefox] › src\__tests__\e2e\seo-preview.spec.ts:176:3 › E2E-F003: Google Mobile Preview › E2E-F003-01: mobile truncation warning appears when title exceeds 50 chars 

    Error: browserType.launch: Executable doesn't exist at C:\Users\Kenny\AppData\Local\ms-playwright\firefox-1509\firefox\firefox.exe
    ╔═════════════════════════════════════════════════════════════════════════╗
    ║ Looks like Playwright Test or Playwright was just installed or updated. ║
    ║ Please run the following command to download new browsers:              ║
    ║                                                                         ║
    ║     npx playwright install                                              ║
    ║                                                                         ║
    ║ <3 Playwright Team                                                      ║
    ╚═════════════════════════════════════════════════════════════════════════╝


[1A[2K[67/265] [firefox] › src\__tests__\e2e\seo-preview.spec.ts:186:3 › E2E-F003: Google Mobile Preview › E2E-F003-02: no mobile truncation warning when title is within 50 chars
[1A[2K  48) [firefox] › src\__tests__\e2e\seo-preview.spec.ts:186:3 › E2E-F003: Google Mobile Preview › E2E-F003-02: no mobile truncation warning when title is within 50 chars 

    Error: browserType.launch: Executable doesn't exist at C:\Users\Kenny\AppData\Local\ms-playwright\firefox-1509\firefox\firefox.exe
    ╔═════════════════════════════════════════════════════════════════════════╗
    ║ Looks like Playwright Test or Playwright was just installed or updated. ║
    ║ Please run the following command to download new browsers:              ║
    ║                                                                         ║
    ║     npx playwright install                                              ║
    ║                                                                         ║
    ║ <3 Playwright Team                                                      ║
    ╚═════════════════════════════════════════════════════════════════════════╝


[1A[2K[68/265] [firefox] › src\__tests__\e2e\seo-preview.spec.ts:208:3 › E2E-F004: Score Dashboard › E2E-F004-01: Overall SEO Score heading is visible
[1A[2K  49) [firefox] › src\__tests__\e2e\seo-preview.spec.ts:208:3 › E2E-F004: Score Dashboard › E2E-F004-01: Overall SEO Score heading is visible 

    Error: browserType.launch: Executable doesn't exist at C:\Users\Kenny\AppData\Local\ms-playwright\firefox-1509\firefox\firefox.exe
    ╔═════════════════════════════════════════════════════════════════════════╗
    ║ Looks like Playwright Test or Playwright was just installed or updated. ║
    ║ Please run the following command to download new browsers:              ║
    ║                                                                         ║
    ║     npx playwright install                                              ║
    ║                                                                         ║
    ║ <3 Playwright Team                                                      ║
    ╚═════════════════════════════════════════════════════════════════════════╝


[1A[2K[69/265] [firefox] › src\__tests__\e2e\seo-preview.spec.ts:214:3 › E2E-F004: Score Dashboard › E2E-F004-02: /100 suffix is shown in the gauge
[1A[2K  50) [firefox] › src\__tests__\e2e\seo-preview.spec.ts:214:3 › E2E-F004: Score Dashboard › E2E-F004-02: /100 suffix is shown in the gauge 

    Error: browserType.launch: Executable doesn't exist at C:\Users\Kenny\AppData\Local\ms-playwright\firefox-1509\firefox\firefox.exe
    ╔═════════════════════════════════════════════════════════════════════════╗
    ║ Looks like Playwright Test or Playwright was just installed or updated. ║
    ║ Please run the following command to download new browsers:              ║
    ║                                                                         ║
    ║     npx playwright install                                              ║
    ║                                                                         ║
    ║ <3 Playwright Team                                                      ║
    ╚═════════════════════════════════════════════════════════════════════════╝


[1A[2K[70/265] [firefox] › src\__tests__\e2e\seo-preview.spec.ts:218:3 › E2E-F004: Score Dashboard › E2E-F004-03: Title, Description, and Keyword score cards are rendered
[1A[2K  51) [firefox] › src\__tests__\e2e\seo-preview.spec.ts:218:3 › E2E-F004: Score Dashboard › E2E-F004-03: Title, Description, and Keyword score cards are rendered 

    Error: browserType.launch: Executable doesn't exist at C:\Users\Kenny\AppData\Local\ms-playwright\firefox-1509\firefox\firefox.exe
    ╔═════════════════════════════════════════════════════════════════════════╗
    ║ Looks like Playwright Test or Playwright was just installed or updated. ║
    ║ Please run the following command to download new browsers:              ║
    ║                                                                         ║
    ║     npx playwright install                                              ║
    ║                                                                         ║
    ║ <3 Playwright Team                                                      ║
    ╚═════════════════════════════════════════════════════════════════════════╝


[1A[2K[71/265] [firefox] › src\__tests__\e2e\seo-preview.spec.ts:226:3 › E2E-F004: Score Dashboard › E2E-F004-04: score updates when metadata changes
[1A[2K  52) [firefox] › src\__tests__\e2e\seo-preview.spec.ts:226:3 › E2E-F004: Score Dashboard › E2E-F004-04: score updates when metadata changes 

    Error: browserType.launch: Executable doesn't exist at C:\Users\Kenny\AppData\Local\ms-playwright\firefox-1509\firefox\firefox.exe
    ╔═════════════════════════════════════════════════════════════════════════╗
    ║ Looks like Playwright Test or Playwright was just installed or updated. ║
    ║ Please run the following command to download new browsers:              ║
    ║                                                                         ║
    ║     npx playwright install                                              ║
    ║                                                                         ║
    ║ <3 Playwright Team                                                      ║
    ╚═════════════════════════════════════════════════════════════════════════╝


[1A[2K[72/265] [firefox] › src\__tests__\e2e\seo-preview.spec.ts:258:3 › E2E-F004: Score Dashboard › E2E-F004-05: empty title and description results in a low/zero score
[1A[2K  53) [firefox] › src\__tests__\e2e\seo-preview.spec.ts:258:3 › E2E-F004: Score Dashboard › E2E-F004-05: empty title and description results in a low/zero score 

    Error: browserType.launch: Executable doesn't exist at C:\Users\Kenny\AppData\Local\ms-playwright\firefox-1509\firefox\firefox.exe
    ╔═════════════════════════════════════════════════════════════════════════╗
    ║ Looks like Playwright Test or Playwright was just installed or updated. ║
    ║ Please run the following command to download new browsers:              ║
    ║                                                                         ║
    ║     npx playwright install                                              ║
    ║                                                                         ║
    ║ <3 Playwright Team                                                      ║
    ╚═════════════════════════════════════════════════════════════════════════╝


[1A[2K[73/265] [firefox] › src\__tests__\e2e\seo-preview.spec.ts:281:3 › E2E-F005: Bing Preview Tab › E2E-F005-01: clicking the Bing preview tab shows the Bing preview
[1A[2K  54) [firefox] › src\__tests__\e2e\seo-preview.spec.ts:281:3 › E2E-F005: Bing Preview Tab › E2E-F005-01: clicking the Bing preview tab shows the Bing preview 

    Error: browserType.launch: Executable doesn't exist at C:\Users\Kenny\AppData\Local\ms-playwright\firefox-1509\firefox\firefox.exe
    ╔═════════════════════════════════════════════════════════════════════════╗
    ║ Looks like Playwright Test or Playwright was just installed or updated. ║
    ║ Please run the following command to download new browsers:              ║
    ║                                                                         ║
    ║     npx playwright install                                              ║
    ║                                                                         ║
    ║ <3 Playwright Team                                                      ║
    ╚═════════════════════════════════════════════════════════════════════════╝


[1A[2K[74/265] [firefox] › src\__tests__\e2e\seo-preview.spec.ts:293:3 › E2E-F005: Bing Preview Tab › E2E-F005-02: Bing preview shows title with 65-char truncation
[1A[2K  55) [firefox] › src\__tests__\e2e\seo-preview.spec.ts:293:3 › E2E-F005: Bing Preview Tab › E2E-F005-02: Bing preview shows title with 65-char truncation 

    Error: browserType.launch: Executable doesn't exist at C:\Users\Kenny\AppData\Local\ms-playwright\firefox-1509\firefox\firefox.exe
    ╔═════════════════════════════════════════════════════════════════════════╗
    ║ Looks like Playwright Test or Playwright was just installed or updated. ║
    ║ Please run the following command to download new browsers:              ║
    ║                                                                         ║
    ║     npx playwright install                                              ║
    ║                                                                         ║
    ║ <3 Playwright Team                                                      ║
    ╚═════════════════════════════════════════════════════════════════════════╝


[1A[2K[75/265] [firefox] › src\__tests__\e2e\seo-preview.spec.ts:324:3 › E2E-F006: Social / OG Card Preview › E2E-F006-01: social card preview tab or section is present
[1A[2K  56) [firefox] › src\__tests__\e2e\seo-preview.spec.ts:324:3 › E2E-F006: Social / OG Card Preview › E2E-F006-01: social card preview tab or section is present 

    Error: browserType.launch: Executable doesn't exist at C:\Users\Kenny\AppData\Local\ms-playwright\firefox-1509\firefox\firefox.exe
    ╔═════════════════════════════════════════════════════════════════════════╗
    ║ Looks like Playwright Test or Playwright was just installed or updated. ║
    ║ Please run the following command to download new browsers:              ║
    ║                                                                         ║
    ║     npx playwright install                                              ║
    ║                                                                         ║
    ║ <3 Playwright Team                                                      ║
    ╚═════════════════════════════════════════════════════════════════════════╝


[1A[2K[76/265] [firefox] › src\__tests__\e2e\seo-preview.spec.ts:341:3 › E2E-F006: Social / OG Card Preview › E2E-F006-02: social card displays the page title
[1A[2K  57) [firefox] › src\__tests__\e2e\seo-preview.spec.ts:341:3 › E2E-F006: Social / OG Card Preview › E2E-F006-02: social card displays the page title 

    Error: browserType.launch: Executable doesn't exist at C:\Users\Kenny\AppData\Local\ms-playwright\firefox-1509\firefox\firefox.exe
    ╔═════════════════════════════════════════════════════════════════════════╗
    ║ Looks like Playwright Test or Playwright was just installed or updated. ║
    ║ Please run the following command to download new browsers:              ║
    ║                                                                         ║
    ║     npx playwright install                                              ║
    ║                                                                         ║
    ║ <3 Playwright Team                                                      ║
    ╚═════════════════════════════════════════════════════════════════════════╝


[1A[2K[77/265] [firefox] › src\__tests__\e2e\seo-preview.spec.ts:368:3 › E2E-F007: Screenshot Export › E2E-F007-01: Export PNG button is rendered
[1A[2K  58) [firefox] › src\__tests__\e2e\seo-preview.spec.ts:368:3 › E2E-F007: Screenshot Export › E2E-F007-01: Export PNG button is rendered 

    Error: browserType.launch: Executable doesn't exist at C:\Users\Kenny\AppData\Local\ms-playwright\firefox-1509\firefox\firefox.exe
    ╔═════════════════════════════════════════════════════════════════════════╗
    ║ Looks like Playwright Test or Playwright was just installed or updated. ║
    ║ Please run the following command to download new browsers:              ║
    ║                                                                         ║
    ║     npx playwright install                                              ║
    ║                                                                         ║
    ║ <3 Playwright Team                                                      ║
    ╚═════════════════════════════════════════════════════════════════════════╝


[1A[2K[78/265] [firefox] › src\__tests__\e2e\seo-preview.spec.ts:374:3 › E2E-F007: Screenshot Export › E2E-F007-02: clicking Export PNG does not navigate away from the page
[1A[2K[79/265] [firefox] › src\__tests__\e2e\seo-preview.spec.ts:390:3 › E2E-F008: Embeddable Widget › E2E-F008-01: embed page loads without errors
[1A[2K  59) [firefox] › src\__tests__\e2e\seo-preview.spec.ts:374:3 › E2E-F007: Screenshot Export › E2E-F007-02: clicking Export PNG does not navigate away from the page 

    Error: browserType.launch: Executable doesn't exist at C:\Users\Kenny\AppData\Local\ms-playwright\firefox-1509\firefox\firefox.exe
    ╔═════════════════════════════════════════════════════════════════════════╗
    ║ Looks like Playwright Test or Playwright was just installed or updated. ║
    ║ Please run the following command to download new browsers:              ║
    ║                                                                         ║
    ║     npx playwright install                                              ║
    ║                                                                         ║
    ║ <3 Playwright Team                                                      ║
    ╚═════════════════════════════════════════════════════════════════════════╝


[1A[2K  60) [firefox] › src\__tests__\e2e\seo-preview.spec.ts:390:3 › E2E-F008: Embeddable Widget › E2E-F008-01: embed page loads without errors 

    Error: browserType.launch: Executable doesn't exist at C:\Users\Kenny\AppData\Local\ms-playwright\firefox-1509\firefox\firefox.exe
    ╔═════════════════════════════════════════════════════════════════════════╗
    ║ Looks like Playwright Test or Playwright was just installed or updated. ║
    ║ Please run the following command to download new browsers:              ║
    ║                                                                         ║
    ║     npx playwright install                                              ║
    ║                                                                         ║
    ║ <3 Playwright Team                                                      ║
    ╚═════════════════════════════════════════════════════════════════════════╝


[1A[2K[80/265] [firefox] › src\__tests__\e2e\seo-preview.spec.ts:395:3 › E2E-F008: Embeddable Widget › E2E-F008-02: embed link is in the header nav
[1A[2K  61) [firefox] › src\__tests__\e2e\seo-preview.spec.ts:395:3 › E2E-F008: Embeddable Widget › E2E-F008-02: embed link is in the header nav 

    Error: browserType.launch: Executable doesn't exist at C:\Users\Kenny\AppData\Local\ms-playwright\firefox-1509\firefox\firefox.exe
    ╔═════════════════════════════════════════════════════════════════════════╗
    ║ Looks like Playwright Test or Playwright was just installed or updated. ║
    ║ Please run the following command to download new browsers:              ║
    ║                                                                         ║
    ║     npx playwright install                                              ║
    ║                                                                         ║
    ║ <3 Playwright Team                                                      ║
    ╚═════════════════════════════════════════════════════════════════════════╝


[1A[2K[81/265] [firefox] › src\__tests__\e2e\seo-preview.spec.ts:401:3 › E2E-F008: Embeddable Widget › E2E-F008-03: embed page accepts query-param options without crashing
[1A[2K  62) [firefox] › src\__tests__\e2e\seo-preview.spec.ts:401:3 › E2E-F008: Embeddable Widget › E2E-F008-03: embed page accepts query-param options without crashing 

    Error: browserType.launch: Executable doesn't exist at C:\Users\Kenny\AppData\Local\ms-playwright\firefox-1509\firefox\firefox.exe
    ╔═════════════════════════════════════════════════════════════════════════╗
    ║ Looks like Playwright Test or Playwright was just installed or updated. ║
    ║ Please run the following command to download new browsers:              ║
    ║                                                                         ║
    ║     npx playwright install                                              ║
    ║                                                                         ║
    ║ <3 Playwright Team                                                      ║
    ╚═════════════════════════════════════════════════════════════════════════╝


[1A[2K[82/265] [firefox] › src\__tests__\e2e\seo-preview.spec.ts:421:3 › E2E-F008: Embeddable Widget › E2E-F008-05: navigating to embed link from header reaches /embed
[1A[2K[83/265] [firefox] › src\__tests__\e2e\seo-preview.spec.ts:412:3 › E2E-F008: Embeddable Widget › E2E-F008-04: embed page shows the SEO preview widget
[1A[2K  63) [firefox] › src\__tests__\e2e\seo-preview.spec.ts:421:3 › E2E-F008: Embeddable Widget › E2E-F008-05: navigating to embed link from header reaches /embed 

    Error: browserType.launch: Executable doesn't exist at C:\Users\Kenny\AppData\Local\ms-playwright\firefox-1509\firefox\firefox.exe
    ╔═════════════════════════════════════════════════════════════════════════╗
    ║ Looks like Playwright Test or Playwright was just installed or updated. ║
    ║ Please run the following command to download new browsers:              ║
    ║                                                                         ║
    ║     npx playwright install                                              ║
    ║                                                                         ║
    ║ <3 Playwright Team                                                      ║
    ╚═════════════════════════════════════════════════════════════════════════╝


[1A[2K  64) [firefox] › src\__tests__\e2e\seo-preview.spec.ts:412:3 › E2E-F008: Embeddable Widget › E2E-F008-04: embed page shows the SEO preview widget 

    Error: browserType.launch: Executable doesn't exist at C:\Users\Kenny\AppData\Local\ms-playwright\firefox-1509\firefox\firefox.exe
    ╔═════════════════════════════════════════════════════════════════════════╗
    ║ Looks like Playwright Test or Playwright was just installed or updated. ║
    ║ Please run the following command to download new browsers:              ║
    ║                                                                         ║
    ║     npx playwright install                                              ║
    ║                                                                         ║
    ║ <3 Playwright Team                                                      ║
    ╚═════════════════════════════════════════════════════════════════════════╝


[1A[2K[84/265] [firefox] › src\__tests__\e2e\seo-preview.spec.ts:440:3 › E2E-F009: Dark Mode / Theme Toggle › E2E-F009-01: theme toggle button is visible in the header
[1A[2K  65) [firefox] › src\__tests__\e2e\seo-preview.spec.ts:440:3 › E2E-F009: Dark Mode / Theme Toggle › E2E-F009-01: theme toggle button is visible in the header 

    Error: browserType.launch: Executable doesn't exist at C:\Users\Kenny\AppData\Local\ms-playwright\firefox-1509\firefox\firefox.exe
    ╔═════════════════════════════════════════════════════════════════════════╗
    ║ Looks like Playwright Test or Playwright was just installed or updated. ║
    ║ Please run the following command to download new browsers:              ║
    ║                                                                         ║
    ║     npx playwright install                                              ║
    ║                                                                         ║
    ║ <3 Playwright Team                                                      ║
    ╚═════════════════════════════════════════════════════════════════════════╝


[1A[2K[85/265] [firefox] › src\__tests__\e2e\seo-preview.spec.ts:457:3 › E2E-F009: Dark Mode / Theme Toggle › E2E-F009-02: clicking the theme toggle changes the color scheme
[1A[2K  66) [firefox] › src\__tests__\e2e\seo-preview.spec.ts:457:3 › E2E-F009: Dark Mode / Theme Toggle › E2E-F009-02: clicking the theme toggle changes the color scheme 

    Error: browserType.launch: Executable doesn't exist at C:\Users\Kenny\AppData\Local\ms-playwright\firefox-1509\firefox\firefox.exe
    ╔═════════════════════════════════════════════════════════════════════════╗
    ║ Looks like Playwright Test or Playwright was just installed or updated. ║
    ║ Please run the following command to download new browsers:              ║
    ║                                                                         ║
    ║     npx playwright install                                              ║
    ║                                                                         ║
    ║ <3 Playwright Team                                                      ║
    ╚═════════════════════════════════════════════════════════════════════════╝


[1A[2K[86/265] [firefox] › src\__tests__\e2e\seo-preview.spec.ts:490:3 › E2E-F009: Dark Mode / Theme Toggle › E2E-F009-03: page renders correctly in dark mode
[1A[2K[87/265] [firefox] › src\__tests__\e2e\seo-preview.spec.ts:500:3 › E2E-F009: Dark Mode / Theme Toggle › E2E-F009-04: page renders correctly in light mode
[1A[2K  67) [firefox] › src\__tests__\e2e\seo-preview.spec.ts:500:3 › E2E-F009: Dark Mode / Theme Toggle › E2E-F009-04: page renders correctly in light mode 

    Error: browserType.launch: Executable doesn't exist at C:\Users\Kenny\AppData\Local\ms-playwright\firefox-1509\firefox\firefox.exe
    ╔═════════════════════════════════════════════════════════════════════════╗
    ║ Looks like Playwright Test or Playwright was just installed or updated. ║
    ║ Please run the following command to download new browsers:              ║
    ║                                                                         ║
    ║     npx playwright install                                              ║
    ║                                                                         ║
    ║ <3 Playwright Team                                                      ║
    ╚═════════════════════════════════════════════════════════════════════════╝


[1A[2K  68) [firefox] › src\__tests__\e2e\seo-preview.spec.ts:490:3 › E2E-F009: Dark Mode / Theme Toggle › E2E-F009-03: page renders correctly in dark mode 

    Error: browserType.launch: Executable doesn't exist at C:\Users\Kenny\AppData\Local\ms-playwright\firefox-1509\firefox\firefox.exe
    ╔═════════════════════════════════════════════════════════════════════════╗
    ║ Looks like Playwright Test or Playwright was just installed or updated. ║
    ║ Please run the following command to download new browsers:              ║
    ║                                                                         ║
    ║     npx playwright install                                              ║
    ║                                                                         ║
    ║ <3 Playwright Team                                                      ║
    ╚═════════════════════════════════════════════════════════════════════════╝


[1A[2K[88/265] [firefox] › src\__tests__\e2e\seo-preview.spec.ts:520:3 › E2E-F010: History Panel › E2E-F010-01: history button or panel is accessible in the UI
[1A[2K  69) [firefox] › src\__tests__\e2e\seo-preview.spec.ts:520:3 › E2E-F010: History Panel › E2E-F010-01: history button or panel is accessible in the UI 

    Error: browserType.launch: Executable doesn't exist at C:\Users\Kenny\AppData\Local\ms-playwright\firefox-1509\firefox\firefox.exe
    ╔═════════════════════════════════════════════════════════════════════════╗
    ║ Looks like Playwright Test or Playwright was just installed or updated. ║
    ║ Please run the following command to download new browsers:              ║
    ║                                                                         ║
    ║     npx playwright install                                              ║
    ║                                                                         ║
    ║ <3 Playwright Team                                                      ║
    ╚═════════════════════════════════════════════════════════════════════════╝


[1A[2K[89/265] [firefox] › src\__tests__\e2e\seo-preview.spec.ts:543:3 › E2E-F010: History Panel › E2E-F010-02: entering metadata and navigating away adds a history entry
[1A[2K  70) [firefox] › src\__tests__\e2e\seo-preview.spec.ts:543:3 › E2E-F010: History Panel › E2E-F010-02: entering metadata and navigating away adds a history entry 

    Error: browserType.launch: Executable doesn't exist at C:\Users\Kenny\AppData\Local\ms-playwright\firefox-1509\firefox\firefox.exe
    ╔═════════════════════════════════════════════════════════════════════════╗
    ║ Looks like Playwright Test or Playwright was just installed or updated. ║
    ║ Please run the following command to download new browsers:              ║
    ║                                                                         ║
    ║     npx playwright install                                              ║
    ║                                                                         ║
    ║ <3 Playwright Team                                                      ║
    ╚═════════════════════════════════════════════════════════════════════════╝


[1A[2K  71) [chromium] › src\__tests__\e2e\seo-preview.spec.ts:679:3 › E2E-F012: URL Validation › E2E-F012-01: entering an invalid URL shows an error message 

    [31mTest timeout of 30000ms exceeded.[39m

    Error: locator.clear: Test timeout of 30000ms exceeded.
    Call log:
    [2m  - waiting for getByLabel(/^url$/i)[22m


      681 |   }) => {
      682 |     const urlInput = page.getByLabel(/^url$/i);
    > 683 |     await urlInput.clear();
          |                    ^
      684 |     await urlInput.fill("not-a-valid-url");
      685 |     await urlInput.blur();
      686 |
        at C:\Users\Kenny\projects\seo-meta-preview-scorer\src\__tests__\e2e\seo-preview.spec.ts:683:20

    Error Context: test-results\seo-preview-E2E-F012-URL-V-b66df--URL-shows-an-error-message-chromium\error-context.md


[1A[2K[90/265] [firefox] › src\__tests__\e2e\seo-preview.spec.ts:599:3 › E2E-F011: Bulk CSV Analysis › E2E-F011-01: bulk analysis page or section loads without errors
[1A[2K[91/265] [firefox] › src\__tests__\e2e\seo-preview.spec.ts:567:3 › E2E-F010: History Panel › E2E-F010-03: history entries can be deleted
[1A[2K  72) [firefox] › src\__tests__\e2e\seo-preview.spec.ts:599:3 › E2E-F011: Bulk CSV Analysis › E2E-F011-01: bulk analysis page or section loads without errors 

    Error: browserType.launch: Executable doesn't exist at C:\Users\Kenny\AppData\Local\ms-playwright\firefox-1509\firefox\firefox.exe
    ╔═════════════════════════════════════════════════════════════════════════╗
    ║ Looks like Playwright Test or Playwright was just installed or updated. ║
    ║ Please run the following command to download new browsers:              ║
    ║                                                                         ║
    ║     npx playwright install                                              ║
    ║                                                                         ║
    ║ <3 Playwright Team                                                      ║
    ╚═════════════════════════════════════════════════════════════════════════╝


[1A[2K  73) [firefox] › src\__tests__\e2e\seo-preview.spec.ts:567:3 › E2E-F010: History Panel › E2E-F010-03: history entries can be deleted 

    Error: browserType.launch: Executable doesn't exist at C:\Users\Kenny\AppData\Local\ms-playwright\firefox-1509\firefox\firefox.exe
    ╔═════════════════════════════════════════════════════════════════════════╗
    ║ Looks like Playwright Test or Playwright was just installed or updated. ║
    ║ Please run the following command to download new browsers:              ║
    ║                                                                         ║
    ║     npx playwright install                                              ║
    ║                                                                         ║
    ║ <3 Playwright Team                                                      ║
    ╚═════════════════════════════════════════════════════════════════════════╝


[1A[2K[92/265] [firefox] › src\__tests__\e2e\seo-preview.spec.ts:621:3 › E2E-F011: Bulk CSV Analysis › E2E-F011-02: CSV upload input is present on the bulk page
[1A[2K  74) [firefox] › src\__tests__\e2e\seo-preview.spec.ts:621:3 › E2E-F011: Bulk CSV Analysis › E2E-F011-02: CSV upload input is present on the bulk page 

    Error: browserType.launch: Executable doesn't exist at C:\Users\Kenny\AppData\Local\ms-playwright\firefox-1509\firefox\firefox.exe
    ╔═════════════════════════════════════════════════════════════════════════╗
    ║ Looks like Playwright Test or Playwright was just installed or updated. ║
    ║ Please run the following command to download new browsers:              ║
    ║                                                                         ║
    ║     npx playwright install                                              ║
    ║                                                                         ║
    ║ <3 Playwright Team                                                      ║
    ╚═════════════════════════════════════════════════════════════════════════╝


[1A[2K[93/265] [firefox] › src\__tests__\e2e\seo-preview.spec.ts:643:3 › E2E-F011: Bulk CSV Analysis › E2E-F011-03: example CSV download link is present
[1A[2K  75) [firefox] › src\__tests__\e2e\seo-preview.spec.ts:643:3 › E2E-F011: Bulk CSV Analysis › E2E-F011-03: example CSV download link is present 

    Error: browserType.launch: Executable doesn't exist at C:\Users\Kenny\AppData\Local\ms-playwright\firefox-1509\firefox\firefox.exe
    ╔═════════════════════════════════════════════════════════════════════════╗
    ║ Looks like Playwright Test or Playwright was just installed or updated. ║
    ║ Please run the following command to download new browsers:              ║
    ║                                                                         ║
    ║     npx playwright install                                              ║
    ║                                                                         ║
    ║ <3 Playwright Team                                                      ║
    ╚═════════════════════════════════════════════════════════════════════════╝


[1A[2K  76) [chromium] › src\__tests__\e2e\seo-preview.spec.ts:705:3 › E2E-F012: URL Validation › E2E-F012-03: valid HTTPS URL updates the breadcrumb in the preview 

    [31mTest timeout of 30000ms exceeded.[39m

    Error: locator.clear: Test timeout of 30000ms exceeded.
    Call log:
    [2m  - waiting for getByLabel(/^url$/i)[22m


      707 |   }) => {
      708 |     const urlInput = page.getByLabel(/^url$/i);
    > 709 |     await urlInput.clear();
          |                    ^
      710 |     await urlInput.fill("https://myblog.example.com/articles/seo-tips");
      711 |
      712 |     await expect(page.getByText(/myblog\.example\.com/i).first()).toBeVisible();
        at C:\Users\Kenny\projects\seo-meta-preview-scorer\src\__tests__\e2e\seo-preview.spec.ts:709:20

    Error Context: test-results\seo-preview-E2E-F012-URL-V-7bb90-e-breadcrumb-in-the-preview-chromium\error-context.md


[1A[2K[94/265] [firefox] › src\__tests__\e2e\seo-preview.spec.ts:679:3 › E2E-F012: URL Validation › E2E-F012-01: entering an invalid URL shows an error message
[1A[2K  77) [firefox] › src\__tests__\e2e\seo-preview.spec.ts:679:3 › E2E-F012: URL Validation › E2E-F012-01: entering an invalid URL shows an error message 

    Error: browserType.launch: Executable doesn't exist at C:\Users\Kenny\AppData\Local\ms-playwright\firefox-1509\firefox\firefox.exe
    ╔═════════════════════════════════════════════════════════════════════════╗
    ║ Looks like Playwright Test or Playwright was just installed or updated. ║
    ║ Please run the following command to download new browsers:              ║
    ║                                                                         ║
    ║     npx playwright install                                              ║
    ║                                                                         ║
    ║ <3 Playwright Team                                                      ║
    ╚═════════════════════════════════════════════════════════════════════════╝


[1A[2K  78) [chromium] › src\__tests__\e2e\seo-preview.spec.ts:690:3 › E2E-F012: URL Validation › E2E-F012-02: entering a valid URL clears the URL error 

    [31mTest timeout of 30000ms exceeded.[39m

    Error: locator.clear: Test timeout of 30000ms exceeded.
    Call log:
    [2m  - waiting for getByLabel(/^url$/i)[22m


      692 |   }) => {
      693 |     const urlInput = page.getByLabel(/^url$/i);
    > 694 |     await urlInput.clear();
          |                    ^
      695 |     await urlInput.fill("not-valid");
      696 |     await urlInput.blur();
      697 |
        at C:\Users\Kenny\projects\seo-meta-preview-scorer\src\__tests__\e2e\seo-preview.spec.ts:694:20

    Error Context: test-results\seo-preview-E2E-F012-URL-V-0161f-id-URL-clears-the-URL-error-chromium\error-context.md


[1A[2K[95/265] [firefox] › src\__tests__\e2e\seo-preview.spec.ts:690:3 › E2E-F012: URL Validation › E2E-F012-02: entering a valid URL clears the URL error
[1A[2K[96/265] [firefox] › src\__tests__\e2e\seo-preview.spec.ts:705:3 › E2E-F012: URL Validation › E2E-F012-03: valid HTTPS URL updates the breadcrumb in the preview
[1A[2K  79) [firefox] › src\__tests__\e2e\seo-preview.spec.ts:690:3 › E2E-F012: URL Validation › E2E-F012-02: entering a valid URL clears the URL error 

    Error: browserType.launch: Executable doesn't exist at C:\Users\Kenny\AppData\Local\ms-playwright\firefox-1509\firefox\firefox.exe
    ╔═════════════════════════════════════════════════════════════════════════╗
    ║ Looks like Playwright Test or Playwright was just installed or updated. ║
    ║ Please run the following command to download new browsers:              ║
    ║                                                                         ║
    ║     npx playwright install                                              ║
    ║                                                                         ║
    ║ <3 Playwright Team                                                      ║
    ╚═════════════════════════════════════════════════════════════════════════╝


[1A[2K  80) [firefox] › src\__tests__\e2e\seo-preview.spec.ts:705:3 › E2E-F012: URL Validation › E2E-F012-03: valid HTTPS URL updates the breadcrumb in the preview 

    Error: browserType.launch: Executable doesn't exist at C:\Users\Kenny\AppData\Local\ms-playwright\firefox-1509\firefox\firefox.exe
    ╔═════════════════════════════════════════════════════════════════════════╗
    ║ Looks like Playwright Test or Playwright was just installed or updated. ║
    ║ Please run the following command to download new browsers:              ║
    ║                                                                         ║
    ║     npx playwright install                                              ║
    ║                                                                         ║
    ║ <3 Playwright Team                                                      ║
    ╚═════════════════════════════════════════════════════════════════════════╝


[1A[2K[97/265] [firefox] › src\__tests__\e2e\seo-preview.spec.ts:725:3 › E2E-A11Y: Accessibility › E2E-A11Y-01: page has no heading-level skips (h1 is present)
[1A[2K  81) [firefox] › src\__tests__\e2e\seo-preview.spec.ts:725:3 › E2E-A11Y: Accessibility › E2E-A11Y-01: page has no heading-level skips (h1 is present) 

    Error: browserType.launch: Executable doesn't exist at C:\Users\Kenny\AppData\Local\ms-playwright\firefox-1509\firefox\firefox.exe
    ╔═════════════════════════════════════════════════════════════════════════╗
    ║ Looks like Playwright Test or Playwright was just installed or updated. ║
    ║ Please run the following command to download new browsers:              ║
    ║                                                                         ║
    ║     npx playwright install                                              ║
    ║                                                                         ║
    ║ <3 Playwright Team                                                      ║
    ╚═════════════════════════════════════════════════════════════════════════╝


[1A[2K[98/265] [firefox] › src\__tests__\e2e\seo-preview.spec.ts:732:3 › E2E-A11Y: Accessibility › E2E-A11Y-02: all form inputs have accessible labels
[1A[2K  82) [firefox] › src\__tests__\e2e\seo-preview.spec.ts:732:3 › E2E-A11Y: Accessibility › E2E-A11Y-02: all form inputs have accessible labels 

    Error: browserType.launch: Executable doesn't exist at C:\Users\Kenny\AppData\Local\ms-playwright\firefox-1509\firefox\firefox.exe
    ╔═════════════════════════════════════════════════════════════════════════╗
    ║ Looks like Playwright Test or Playwright was just installed or updated. ║
    ║ Please run the following command to download new browsers:              ║
    ║                                                                         ║
    ║     npx playwright install                                              ║
    ║                                                                         ║
    ║ <3 Playwright Team                                                      ║
    ╚═════════════════════════════════════════════════════════════════════════╝


[1A[2K[99/265] [firefox] › src\__tests__\e2e\seo-preview.spec.ts:741:3 › E2E-A11Y: Accessibility › E2E-A11Y-03: score progress bar has aria-valuenow attribute
[1A[2K  83) [firefox] › src\__tests__\e2e\seo-preview.spec.ts:741:3 › E2E-A11Y: Accessibility › E2E-A11Y-03: score progress bar has aria-valuenow attribute 

    Error: browserType.launch: Executable doesn't exist at C:\Users\Kenny\AppData\Local\ms-playwright\firefox-1509\firefox\firefox.exe
    ╔═════════════════════════════════════════════════════════════════════════╗
    ║ Looks like Playwright Test or Playwright was just installed or updated. ║
    ║ Please run the following command to download new browsers:              ║
    ║                                                                         ║
    ║     npx playwright install                                              ║
    ║                                                                         ║
    ║ <3 Playwright Team                                                      ║
    ╚═════════════════════════════════════════════════════════════════════════╝


[1A[2K[100/265] [firefox] › src\__tests__\e2e\seo-preview.spec.ts:748:3 › E2E-A11Y: Accessibility › E2E-A11Y-04: page is keyboard-navigable (Tab reaches the title field)
[1A[2K  84) [firefox] › src\__tests__\e2e\seo-preview.spec.ts:748:3 › E2E-A11Y: Accessibility › E2E-A11Y-04: page is keyboard-navigable (Tab reaches the title field) 

    Error: browserType.launch: Executable doesn't exist at C:\Users\Kenny\AppData\Local\ms-playwright\firefox-1509\firefox\firefox.exe
    ╔═════════════════════════════════════════════════════════════════════════╗
    ║ Looks like Playwright Test or Playwright was just installed or updated. ║
    ║ Please run the following command to download new browsers:              ║
    ║                                                                         ║
    ║     npx playwright install                                              ║
    ║                                                                         ║
    ║ <3 Playwright Team                                                      ║
    ╚═════════════════════════════════════════════════════════════════════════╝


[1A[2K[101/265] [firefox] › src\__tests__\e2e\seo-preview.spec.ts:765:3 › E2E-A11Y: Accessibility › E2E-A11Y-05: page has appropriate lang attribute on <html>
[1A[2K  85) [firefox] › src\__tests__\e2e\seo-preview.spec.ts:765:3 › E2E-A11Y: Accessibility › E2E-A11Y-05: page has appropriate lang attribute on <html> 

    Error: browserType.launch: Executable doesn't exist at C:\Users\Kenny\AppData\Local\ms-playwright\firefox-1509\firefox\firefox.exe
    ╔═════════════════════════════════════════════════════════════════════════╗
    ║ Looks like Playwright Test or Playwright was just installed or updated. ║
    ║ Please run the following command to download new browsers:              ║
    ║                                                                         ║
    ║     npx playwright install                                              ║
    ║                                                                         ║
    ║ <3 Playwright Team                                                      ║
    ╚═════════════════════════════════════════════════════════════════════════╝


[1A[2K[102/265] [firefox] › src\__tests__\e2e\seo-preview.spec.ts:784:3 › E2E-A11Y: Accessibility › E2E-A11Y-07: interactive buttons have discernible text or aria-label
[1A[2K[103/265] [firefox] › src\__tests__\e2e\seo-preview.spec.ts:773:3 › E2E-A11Y: Accessibility › E2E-A11Y-06: images (if any) have alt text
[1A[2K  86) [firefox] › src\__tests__\e2e\seo-preview.spec.ts:784:3 › E2E-A11Y: Accessibility › E2E-A11Y-07: interactive buttons have discernible text or aria-label 

    Error: browserType.launch: Executable doesn't exist at C:\Users\Kenny\AppData\Local\ms-playwright\firefox-1509\firefox\firefox.exe
    ╔═════════════════════════════════════════════════════════════════════════╗
    ║ Looks like Playwright Test or Playwright was just installed or updated. ║
    ║ Please run the following command to download new browsers:              ║
    ║                                                                         ║
    ║     npx playwright install                                              ║
    ║                                                                         ║
    ║ <3 Playwright Team                                                      ║
    ╚═════════════════════════════════════════════════════════════════════════╝


[1A[2K  87) [firefox] › src\__tests__\e2e\seo-preview.spec.ts:773:3 › E2E-A11Y: Accessibility › E2E-A11Y-06: images (if any) have alt text 

    Error: browserType.launch: Executable doesn't exist at C:\Users\Kenny\AppData\Local\ms-playwright\firefox-1509\firefox\firefox.exe
    ╔═════════════════════════════════════════════════════════════════════════╗
    ║ Looks like Playwright Test or Playwright was just installed or updated. ║
    ║ Please run the following command to download new browsers:              ║
    ║                                                                         ║
    ║     npx playwright install                                              ║
    ║                                                                         ║
    ║ <3 Playwright Team                                                      ║
    ╚═════════════════════════════════════════════════════════════════════════╝


[1A[2K[104/265] [firefox] › src\__tests__\e2e\seo-preview.spec.ts:815:3 › Navigation & Header › embed link is in the header nav
[1A[2K  88) [firefox] › src\__tests__\e2e\seo-preview.spec.ts:815:3 › Navigation & Header › embed link is in the header nav 

    Error: browserType.launch: Executable doesn't exist at C:\Users\Kenny\AppData\Local\ms-playwright\firefox-1509\firefox\firefox.exe
    ╔═════════════════════════════════════════════════════════════════════════╗
    ║ Looks like Playwright Test or Playwright was just installed or updated. ║
    ║ Please run the following command to download new browsers:              ║
    ║                                                                         ║
    ║     npx playwright install                                              ║
    ║                                                                         ║
    ║ <3 Playwright Team                                                      ║
    ╚═════════════════════════════════════════════════════════════════════════╝


[1A[2K[105/265] [firefox] › src\__tests__\e2e\seo-preview.spec.ts:820:3 › Navigation & Header › subtitle text is visible
[1A[2K  89) [firefox] › src\__tests__\e2e\seo-preview.spec.ts:820:3 › Navigation & Header › subtitle text is visible 

    Error: browserType.launch: Executable doesn't exist at C:\Users\Kenny\AppData\Local\ms-playwright\firefox-1509\firefox\firefox.exe
    ╔═════════════════════════════════════════════════════════════════════════╗
    ║ Looks like Playwright Test or Playwright was just installed or updated. ║
    ║ Please run the following command to download new browsers:              ║
    ║                                                                         ║
    ║     npx playwright install                                              ║
    ║                                                                         ║
    ║ <3 Playwright Team                                                      ║
    ╚═════════════════════════════════════════════════════════════════════════╝


[1A[2K[106/265] [firefox] › src\__tests__\e2e\seo-preview.spec.ts:832:3 › Footer › footer contains privacy-centric copy
[1A[2K  90) [firefox] › src\__tests__\e2e\seo-preview.spec.ts:832:3 › Footer › footer contains privacy-centric copy 

    Error: browserType.launch: Executable doesn't exist at C:\Users\Kenny\AppData\Local\ms-playwright\firefox-1509\firefox\firefox.exe
    ╔═════════════════════════════════════════════════════════════════════════╗
    ║ Looks like Playwright Test or Playwright was just installed or updated. ║
    ║ Please run the following command to download new browsers:              ║
    ║                                                                         ║
    ║     npx playwright install                                              ║
    ║                                                                         ║
    ║ <3 Playwright Team                                                      ║
    ╚═════════════════════════════════════════════════════════════════════════╝


[1A[2K[107/265] [webkit] › src\__tests__\e2e\seo-preview.spec.ts:21:3 › E2E-F001: Meta Input Form › E2E-F001-01: page title contains the app name
[1A[2K  91) [webkit] › src\__tests__\e2e\seo-preview.spec.ts:21:3 › E2E-F001: Meta Input Form › E2E-F001-01: page title contains the app name 

    Error: browserType.launch: Executable doesn't exist at C:\Users\Kenny\AppData\Local\ms-playwright\webkit-2248\Playwright.exe
    ╔═════════════════════════════════════════════════════════════════════════╗
    ║ Looks like Playwright Test or Playwright was just installed or updated. ║
    ║ Please run the following command to download new browsers:              ║
    ║                                                                         ║
    ║     npx playwright install                                              ║
    ║                                                                         ║
    ║ <3 Playwright Team                                                      ║
    ╚═════════════════════════════════════════════════════════════════════════╝


[1A[2K[108/265] [webkit] › src\__tests__\e2e\seo-preview.spec.ts:25:3 › E2E-F001: Meta Input Form › E2E-F001-02: h1 heading is visible on load
[1A[2K  92) [webkit] › src\__tests__\e2e\seo-preview.spec.ts:25:3 › E2E-F001: Meta Input Form › E2E-F001-02: h1 heading is visible on load 

    Error: browserType.launch: Executable doesn't exist at C:\Users\Kenny\AppData\Local\ms-playwright\webkit-2248\Playwright.exe
    ╔═════════════════════════════════════════════════════════════════════════╗
    ║ Looks like Playwright Test or Playwright was just installed or updated. ║
    ║ Please run the following command to download new browsers:              ║
    ║                                                                         ║
    ║     npx playwright install                                              ║
    ║                                                                         ║
    ║ <3 Playwright Team                                                      ║
    ╚═════════════════════════════════════════════════════════════════════════╝


[1A[2K[109/265] [webkit] › src\__tests__\e2e\seo-preview.spec.ts:44:3 › E2E-F001: Meta Input Form › E2E-F001-04: typing a new title updates the Google Desktop preview
[1A[2K  93) [webkit] › src\__tests__\e2e\seo-preview.spec.ts:44:3 › E2E-F001: Meta Input Form › E2E-F001-04: typing a new title updates the Google Desktop preview 

    Error: browserType.launch: Executable doesn't exist at C:\Users\Kenny\AppData\Local\ms-playwright\webkit-2248\Playwright.exe
    ╔═════════════════════════════════════════════════════════════════════════╗
    ║ Looks like Playwright Test or Playwright was just installed or updated. ║
    ║ Please run the following command to download new browsers:              ║
    ║                                                                         ║
    ║     npx playwright install                                              ║
    ║                                                                         ║
    ║ <3 Playwright Team                                                      ║
    ╚═════════════════════════════════════════════════════════════════════════╝


[1A[2K[110/265] [webkit] › src\__tests__\e2e\seo-preview.spec.ts:31:3 › E2E-F001: Meta Input Form › E2E-F001-03: all four input fields are present and pre-filled
[1A[2K  94) [webkit] › src\__tests__\e2e\seo-preview.spec.ts:31:3 › E2E-F001: Meta Input Form › E2E-F001-03: all four input fields are present and pre-filled 

    Error: browserType.launch: Executable doesn't exist at C:\Users\Kenny\AppData\Local\ms-playwright\webkit-2248\Playwright.exe
    ╔═════════════════════════════════════════════════════════════════════════╗
    ║ Looks like Playwright Test or Playwright was just installed or updated. ║
    ║ Please run the following command to download new browsers:              ║
    ║                                                                         ║
    ║     npx playwright install                                              ║
    ║                                                                         ║
    ║ <3 Playwright Team                                                      ║
    ╚═════════════════════════════════════════════════════════════════════════╝


[1A[2K[111/265] [webkit] › src\__tests__\e2e\seo-preview.spec.ts:56:3 › E2E-F001: Meta Input Form › E2E-F001-05: typing a new description updates the preview area
[1A[2K  95) [webkit] › src\__tests__\e2e\seo-preview.spec.ts:56:3 › E2E-F001: Meta Input Form › E2E-F001-05: typing a new description updates the preview area 

    Error: browserType.launch: Executable doesn't exist at C:\Users\Kenny\AppData\Local\ms-playwright\webkit-2248\Playwright.exe
    ╔═════════════════════════════════════════════════════════════════════════╗
    ║ Looks like Playwright Test or Playwright was just installed or updated. ║
    ║ Please run the following command to download new browsers:              ║
    ║                                                                         ║
    ║     npx playwright install                                              ║
    ║                                                                         ║
    ║ <3 Playwright Team                                                      ║
    ╚═════════════════════════════════════════════════════════════════════════╝


[1A[2K[112/265] [webkit] › src\__tests__\e2e\seo-preview.spec.ts:70:3 › E2E-F001: Meta Input Form › E2E-F001-06: clearing the title shows Untitled fallback in preview
[1A[2K  96) [webkit] › src\__tests__\e2e\seo-preview.spec.ts:70:3 › E2E-F001: Meta Input Form › E2E-F001-06: clearing the title shows Untitled fallback in preview 

    Error: browserType.launch: Executable doesn't exist at C:\Users\Kenny\AppData\Local\ms-playwright\webkit-2248\Playwright.exe
    ╔═════════════════════════════════════════════════════════════════════════╗
    ║ Looks like Playwright Test or Playwright was just installed or updated. ║
    ║ Please run the following command to download new browsers:              ║
    ║                                                                         ║
    ║     npx playwright install                                              ║
    ║                                                                         ║
    ║ <3 Playwright Team                                                      ║
    ╚═════════════════════════════════════════════════════════════════════════╝


[1A[2K[113/265] [webkit] › src\__tests__\e2e\seo-preview.spec.ts:79:3 › E2E-F001: Meta Input Form › E2E-F001-07: character counter updates as user types in the title field
[1A[2K  97) [webkit] › src\__tests__\e2e\seo-preview.spec.ts:79:3 › E2E-F001: Meta Input Form › E2E-F001-07: character counter updates as user types in the title field 

    Error: browserType.launch: Executable doesn't exist at C:\Users\Kenny\AppData\Local\ms-playwright\webkit-2248\Playwright.exe
    ╔═════════════════════════════════════════════════════════════════════════╗
    ║ Looks like Playwright Test or Playwright was just installed or updated. ║
    ║ Please run the following command to download new browsers:              ║
    ║                                                                         ║
    ║     npx playwright install                                              ║
    ║                                                                         ║
    ║ <3 Playwright Team                                                      ║
    ╚═════════════════════════════════════════════════════════════════════════╝


[1A[2K[114/265] [webkit] › src\__tests__\e2e\seo-preview.spec.ts:99:3 › E2E-F002: Google Desktop Preview › E2E-F002-01: Google Desktop preview tab is present and active by default
[1A[2K  98) [webkit] › src\__tests__\e2e\seo-preview.spec.ts:99:3 › E2E-F002: Google Desktop Preview › E2E-F002-01: Google Desktop preview tab is present and active by default 

    Error: browserType.launch: Executable doesn't exist at C:\Users\Kenny\AppData\Local\ms-playwright\webkit-2248\Playwright.exe
    ╔═════════════════════════════════════════════════════════════════════════╗
    ║ Looks like Playwright Test or Playwright was just installed or updated. ║
    ║ Please run the following command to download new browsers:              ║
    ║                                                                         ║
    ║     npx playwright install                                              ║
    ║                                                                         ║
    ║ <3 Playwright Team                                                      ║
    ╚═════════════════════════════════════════════════════════════════════════╝


[1A[2K[115/265] [webkit] › src\__tests__\e2e\seo-preview.spec.ts:108:3 › E2E-F002: Google Desktop Preview › E2E-F002-02: breadcrumb URL is shown in the preview
[1A[2K  99) [webkit] › src\__tests__\e2e\seo-preview.spec.ts:108:3 › E2E-F002: Google Desktop Preview › E2E-F002-02: breadcrumb URL is shown in the preview 

    Error: browserType.launch: Executable doesn't exist at C:\Users\Kenny\AppData\Local\ms-playwright\webkit-2248\Playwright.exe
    ╔═════════════════════════════════════════════════════════════════════════╗
    ║ Looks like Playwright Test or Playwright was just installed or updated. ║
    ║ Please run the following command to download new browsers:              ║
    ║                                                                         ║
    ║     npx playwright install                                              ║
    ║                                                                         ║
    ║ <3 Playwright Team                                                      ║
    ╚═════════════════════════════════════════════════════════════════════════╝


[1A[2K[116/265] [webkit] › src\__tests__\e2e\seo-preview.spec.ts:119:3 › E2E-F002: Google Desktop Preview › E2E-F002-03: title is truncated at 60 chars in Google Desktop preview
[1A[2K[117/265] [webkit] › src\__tests__\e2e\seo-preview.spec.ts:137:3 › E2E-F002: Google Desktop Preview › E2E-F002-04: description is shown below the title in the SERP preview
[1A[2K  100) [webkit] › src\__tests__\e2e\seo-preview.spec.ts:119:3 › E2E-F002: Google Desktop Preview › E2E-F002-03: title is truncated at 60 chars in Google Desktop preview 

    Error: browserType.launch: Executable doesn't exist at C:\Users\Kenny\AppData\Local\ms-playwright\webkit-2248\Playwright.exe
    ╔═════════════════════════════════════════════════════════════════════════╗
    ║ Looks like Playwright Test or Playwright was just installed or updated. ║
    ║ Please run the following command to download new browsers:              ║
    ║                                                                         ║
    ║     npx playwright install                                              ║
    ║                                                                         ║
    ║ <3 Playwright Team                                                      ║
    ╚═════════════════════════════════════════════════════════════════════════╝


[1A[2K  101) [webkit] › src\__tests__\e2e\seo-preview.spec.ts:137:3 › E2E-F002: Google Desktop Preview › E2E-F002-04: description is shown below the title in the SERP preview 

    Error: browserType.launch: Executable doesn't exist at C:\Users\Kenny\AppData\Local\ms-playwright\webkit-2248\Playwright.exe
    ╔═════════════════════════════════════════════════════════════════════════╗
    ║ Looks like Playwright Test or Playwright was just installed or updated. ║
    ║ Please run the following command to download new browsers:              ║
    ║                                                                         ║
    ║     npx playwright install                                              ║
    ║                                                                         ║
    ║ <3 Playwright Team                                                      ║
    ╚═════════════════════════════════════════════════════════════════════════╝


[1A[2K[118/265] [webkit] › src\__tests__\e2e\seo-preview.spec.ts:151:3 › E2E-F002: Google Desktop Preview › E2E-F002-05: keyword is highlighted in the preview
[1A[2K  102) [webkit] › src\__tests__\e2e\seo-preview.spec.ts:151:3 › E2E-F002: Google Desktop Preview › E2E-F002-05: keyword is highlighted in the preview 

    Error: browserType.launch: Executable doesn't exist at C:\Users\Kenny\AppData\Local\ms-playwright\webkit-2248\Playwright.exe
    ╔═════════════════════════════════════════════════════════════════════════╗
    ║ Looks like Playwright Test or Playwright was just installed or updated. ║
    ║ Please run the following command to download new browsers:              ║
    ║                                                                         ║
    ║     npx playwright install                                              ║
    ║                                                                         ║
    ║ <3 Playwright Team                                                      ║
    ╚═════════════════════════════════════════════════════════════════════════╝


[1A[2K[119/265] [webkit] › src\__tests__\e2e\seo-preview.spec.ts:176:3 › E2E-F003: Google Mobile Preview › E2E-F003-01: mobile truncation warning appears when title exceeds 50 chars
[1A[2K  103) [webkit] › src\__tests__\e2e\seo-preview.spec.ts:176:3 › E2E-F003: Google Mobile Preview › E2E-F003-01: mobile truncation warning appears when title exceeds 50 chars 

    Error: browserType.launch: Executable doesn't exist at C:\Users\Kenny\AppData\Local\ms-playwright\webkit-2248\Playwright.exe
    ╔═════════════════════════════════════════════════════════════════════════╗
    ║ Looks like Playwright Test or Playwright was just installed or updated. ║
    ║ Please run the following command to download new browsers:              ║
    ║                                                                         ║
    ║     npx playwright install                                              ║
    ║                                                                         ║
    ║ <3 Playwright Team                                                      ║
    ╚═════════════════════════════════════════════════════════════════════════╝


[1A[2K[120/265] [webkit] › src\__tests__\e2e\seo-preview.spec.ts:186:3 › E2E-F003: Google Mobile Preview › E2E-F003-02: no mobile truncation warning when title is within 50 chars
[1A[2K  104) [webkit] › src\__tests__\e2e\seo-preview.spec.ts:186:3 › E2E-F003: Google Mobile Preview › E2E-F003-02: no mobile truncation warning when title is within 50 chars 

    Error: browserType.launch: Executable doesn't exist at C:\Users\Kenny\AppData\Local\ms-playwright\webkit-2248\Playwright.exe
    ╔═════════════════════════════════════════════════════════════════════════╗
    ║ Looks like Playwright Test or Playwright was just installed or updated. ║
    ║ Please run the following command to download new browsers:              ║
    ║                                                                         ║
    ║     npx playwright install                                              ║
    ║                                                                         ║
    ║ <3 Playwright Team                                                      ║
    ╚═════════════════════════════════════════════════════════════════════════╝


[1A[2K[121/265] [webkit] › src\__tests__\e2e\seo-preview.spec.ts:208:3 › E2E-F004: Score Dashboard › E2E-F004-01: Overall SEO Score heading is visible
[1A[2K  105) [webkit] › src\__tests__\e2e\seo-preview.spec.ts:208:3 › E2E-F004: Score Dashboard › E2E-F004-01: Overall SEO Score heading is visible 

    Error: browserType.launch: Executable doesn't exist at C:\Users\Kenny\AppData\Local\ms-playwright\webkit-2248\Playwright.exe
    ╔═════════════════════════════════════════════════════════════════════════╗
    ║ Looks like Playwright Test or Playwright was just installed or updated. ║
    ║ Please run the following command to download new browsers:              ║
    ║                                                                         ║
    ║     npx playwright install                                              ║
    ║                                                                         ║
    ║ <3 Playwright Team                                                      ║
    ╚═════════════════════════════════════════════════════════════════════════╝


[1A[2K[122/265] [webkit] › src\__tests__\e2e\seo-preview.spec.ts:214:3 › E2E-F004: Score Dashboard › E2E-F004-02: /100 suffix is shown in the gauge
[1A[2K  106) [webkit] › src\__tests__\e2e\seo-preview.spec.ts:214:3 › E2E-F004: Score Dashboard › E2E-F004-02: /100 suffix is shown in the gauge 

    Error: browserType.launch: Executable doesn't exist at C:\Users\Kenny\AppData\Local\ms-playwright\webkit-2248\Playwright.exe
    ╔═════════════════════════════════════════════════════════════════════════╗
    ║ Looks like Playwright Test or Playwright was just installed or updated. ║
    ║ Please run the following command to download new browsers:              ║
    ║                                                                         ║
    ║     npx playwright install                                              ║
    ║                                                                         ║
    ║ <3 Playwright Team                                                      ║
    ╚═════════════════════════════════════════════════════════════════════════╝


[1A[2K[123/265] [webkit] › src\__tests__\e2e\seo-preview.spec.ts:218:3 › E2E-F004: Score Dashboard › E2E-F004-03: Title, Description, and Keyword score cards are rendered
[1A[2K[124/265] [webkit] › src\__tests__\e2e\seo-preview.spec.ts:226:3 › E2E-F004: Score Dashboard › E2E-F004-04: score updates when metadata changes
[1A[2K  107) [webkit] › src\__tests__\e2e\seo-preview.spec.ts:226:3 › E2E-F004: Score Dashboard › E2E-F004-04: score updates when metadata changes 

    Error: browserType.launch: Executable doesn't exist at C:\Users\Kenny\AppData\Local\ms-playwright\webkit-2248\Playwright.exe
    ╔═════════════════════════════════════════════════════════════════════════╗
    ║ Looks like Playwright Test or Playwright was just installed or updated. ║
    ║ Please run the following command to download new browsers:              ║
    ║                                                                         ║
    ║     npx playwright install                                              ║
    ║                                                                         ║
    ║ <3 Playwright Team                                                      ║
    ╚═════════════════════════════════════════════════════════════════════════╝


[1A[2K  108) [webkit] › src\__tests__\e2e\seo-preview.spec.ts:218:3 › E2E-F004: Score Dashboard › E2E-F004-03: Title, Description, and Keyword score cards are rendered 

    Error: browserType.launch: Executable doesn't exist at C:\Users\Kenny\AppData\Local\ms-playwright\webkit-2248\Playwright.exe
    ╔═════════════════════════════════════════════════════════════════════════╗
    ║ Looks like Playwright Test or Playwright was just installed or updated. ║
    ║ Please run the following command to download new browsers:              ║
    ║                                                                         ║
    ║     npx playwright install                                              ║
    ║                                                                         ║
    ║ <3 Playwright Team                                                      ║
    ╚═════════════════════════════════════════════════════════════════════════╝


[1A[2K[125/265] [webkit] › src\__tests__\e2e\seo-preview.spec.ts:258:3 › E2E-F004: Score Dashboard › E2E-F004-05: empty title and description results in a low/zero score
[1A[2K  109) [webkit] › src\__tests__\e2e\seo-preview.spec.ts:258:3 › E2E-F004: Score Dashboard › E2E-F004-05: empty title and description results in a low/zero score 

    Error: browserType.launch: Executable doesn't exist at C:\Users\Kenny\AppData\Local\ms-playwright\webkit-2248\Playwright.exe
    ╔═════════════════════════════════════════════════════════════════════════╗
    ║ Looks like Playwright Test or Playwright was just installed or updated. ║
    ║ Please run the following command to download new browsers:              ║
    ║                                                                         ║
    ║     npx playwright install                                              ║
    ║                                                                         ║
    ║ <3 Playwright Team                                                      ║
    ╚═════════════════════════════════════════════════════════════════════════╝


[1A[2K[126/265] [webkit] › src\__tests__\e2e\seo-preview.spec.ts:281:3 › E2E-F005: Bing Preview Tab › E2E-F005-01: clicking the Bing preview tab shows the Bing preview
[1A[2K  110) [webkit] › src\__tests__\e2e\seo-preview.spec.ts:281:3 › E2E-F005: Bing Preview Tab › E2E-F005-01: clicking the Bing preview tab shows the Bing preview 

    Error: browserType.launch: Executable doesn't exist at C:\Users\Kenny\AppData\Local\ms-playwright\webkit-2248\Playwright.exe
    ╔═════════════════════════════════════════════════════════════════════════╗
    ║ Looks like Playwright Test or Playwright was just installed or updated. ║
    ║ Please run the following command to download new browsers:              ║
    ║                                                                         ║
    ║     npx playwright install                                              ║
    ║                                                                         ║
    ║ <3 Playwright Team                                                      ║
    ╚═════════════════════════════════════════════════════════════════════════╝


[1A[2K[127/265] [webkit] › src\__tests__\e2e\seo-preview.spec.ts:293:3 › E2E-F005: Bing Preview Tab › E2E-F005-02: Bing preview shows title with 65-char truncation
[1A[2K  111) [webkit] › src\__tests__\e2e\seo-preview.spec.ts:293:3 › E2E-F005: Bing Preview Tab › E2E-F005-02: Bing preview shows title with 65-char truncation 

    Error: browserType.launch: Executable doesn't exist at C:\Users\Kenny\AppData\Local\ms-playwright\webkit-2248\Playwright.exe
    ╔═════════════════════════════════════════════════════════════════════════╗
    ║ Looks like Playwright Test or Playwright was just installed or updated. ║
    ║ Please run the following command to download new browsers:              ║
    ║                                                                         ║
    ║     npx playwright install                                              ║
    ║                                                                         ║
    ║ <3 Playwright Team                                                      ║
    ╚═════════════════════════════════════════════════════════════════════════╝


[1A[2K[128/265] [webkit] › src\__tests__\e2e\seo-preview.spec.ts:324:3 › E2E-F006: Social / OG Card Preview › E2E-F006-01: social card preview tab or section is present
[1A[2K  112) [webkit] › src\__tests__\e2e\seo-preview.spec.ts:324:3 › E2E-F006: Social / OG Card Preview › E2E-F006-01: social card preview tab or section is present 

    Error: browserType.launch: Executable doesn't exist at C:\Users\Kenny\AppData\Local\ms-playwright\webkit-2248\Playwright.exe
    ╔═════════════════════════════════════════════════════════════════════════╗
    ║ Looks like Playwright Test or Playwright was just installed or updated. ║
    ║ Please run the following command to download new browsers:              ║
    ║                                                                         ║
    ║     npx playwright install                                              ║
    ║                                                                         ║
    ║ <3 Playwright Team                                                      ║
    ╚═════════════════════════════════════════════════════════════════════════╝


[1A[2K[129/265] [webkit] › src\__tests__\e2e\seo-preview.spec.ts:341:3 › E2E-F006: Social / OG Card Preview › E2E-F006-02: social card displays the page title
[1A[2K  113) [webkit] › src\__tests__\e2e\seo-preview.spec.ts:341:3 › E2E-F006: Social / OG Card Preview › E2E-F006-02: social card displays the page title 

    Error: browserType.launch: Executable doesn't exist at C:\Users\Kenny\AppData\Local\ms-playwright\webkit-2248\Playwright.exe
    ╔═════════════════════════════════════════════════════════════════════════╗
    ║ Looks like Playwright Test or Playwright was just installed or updated. ║
    ║ Please run the following command to download new browsers:              ║
    ║                                                                         ║
    ║     npx playwright install                                              ║
    ║                                                                         ║
    ║ <3 Playwright Team                                                      ║
    ╚═════════════════════════════════════════════════════════════════════════╝


[1A[2K[130/265] [webkit] › src\__tests__\e2e\seo-preview.spec.ts:368:3 › E2E-F007: Screenshot Export › E2E-F007-01: Export PNG button is rendered
[1A[2K[131/265] [webkit] › src\__tests__\e2e\seo-preview.spec.ts:374:3 › E2E-F007: Screenshot Export › E2E-F007-02: clicking Export PNG does not navigate away from the page
[1A[2K  114) [webkit] › src\__tests__\e2e\seo-preview.spec.ts:368:3 › E2E-F007: Screenshot Export › E2E-F007-01: Export PNG button is rendered 

    Error: browserType.launch: Executable doesn't exist at C:\Users\Kenny\AppData\Local\ms-playwright\webkit-2248\Playwright.exe
    ╔═════════════════════════════════════════════════════════════════════════╗
    ║ Looks like Playwright Test or Playwright was just installed or updated. ║
    ║ Please run the following command to download new browsers:              ║
    ║                                                                         ║
    ║     npx playwright install                                              ║
    ║                                                                         ║
    ║ <3 Playwright Team                                                      ║
    ╚═════════════════════════════════════════════════════════════════════════╝


[1A[2K  115) [webkit] › src\__tests__\e2e\seo-preview.spec.ts:374:3 › E2E-F007: Screenshot Export › E2E-F007-02: clicking Export PNG does not navigate away from the page 

    Error: browserType.launch: Executable doesn't exist at C:\Users\Kenny\AppData\Local\ms-playwright\webkit-2248\Playwright.exe
    ╔═════════════════════════════════════════════════════════════════════════╗
    ║ Looks like Playwright Test or Playwright was just installed or updated. ║
    ║ Please run the following command to download new browsers:              ║
    ║                                                                         ║
    ║     npx playwright install                                              ║
    ║                                                                         ║
    ║ <3 Playwright Team                                                      ║
    ╚═════════════════════════════════════════════════════════════════════════╝


[1A[2K[132/265] [webkit] › src\__tests__\e2e\seo-preview.spec.ts:390:3 › E2E-F008: Embeddable Widget › E2E-F008-01: embed page loads without errors
[1A[2K  116) [webkit] › src\__tests__\e2e\seo-preview.spec.ts:390:3 › E2E-F008: Embeddable Widget › E2E-F008-01: embed page loads without errors 

    Error: browserType.launch: Executable doesn't exist at C:\Users\Kenny\AppData\Local\ms-playwright\webkit-2248\Playwright.exe
    ╔═════════════════════════════════════════════════════════════════════════╗
    ║ Looks like Playwright Test or Playwright was just installed or updated. ║
    ║ Please run the following command to download new browsers:              ║
    ║                                                                         ║
    ║     npx playwright install                                              ║
    ║                                                                         ║
    ║ <3 Playwright Team                                                      ║
    ╚═════════════════════════════════════════════════════════════════════════╝


[1A[2K[133/265] [webkit] › src\__tests__\e2e\seo-preview.spec.ts:395:3 › E2E-F008: Embeddable Widget › E2E-F008-02: embed link is in the header nav
[1A[2K  117) [webkit] › src\__tests__\e2e\seo-preview.spec.ts:395:3 › E2E-F008: Embeddable Widget › E2E-F008-02: embed link is in the header nav 

    Error: browserType.launch: Executable doesn't exist at C:\Users\Kenny\AppData\Local\ms-playwright\webkit-2248\Playwright.exe
    ╔═════════════════════════════════════════════════════════════════════════╗
    ║ Looks like Playwright Test or Playwright was just installed or updated. ║
    ║ Please run the following command to download new browsers:              ║
    ║                                                                         ║
    ║     npx playwright install                                              ║
    ║                                                                         ║
    ║ <3 Playwright Team                                                      ║
    ╚═════════════════════════════════════════════════════════════════════════╝


[1A[2K[134/265] [webkit] › src\__tests__\e2e\seo-preview.spec.ts:401:3 › E2E-F008: Embeddable Widget › E2E-F008-03: embed page accepts query-param options without crashing
[1A[2K  118) [webkit] › src\__tests__\e2e\seo-preview.spec.ts:401:3 › E2E-F008: Embeddable Widget › E2E-F008-03: embed page accepts query-param options without crashing 

    Error: browserType.launch: Executable doesn't exist at C:\Users\Kenny\AppData\Local\ms-playwright\webkit-2248\Playwright.exe
    ╔═════════════════════════════════════════════════════════════════════════╗
    ║ Looks like Playwright Test or Playwright was just installed or updated. ║
    ║ Please run the following command to download new browsers:              ║
    ║                                                                         ║
    ║     npx playwright install                                              ║
    ║                                                                         ║
    ║ <3 Playwright Team                                                      ║
    ╚═════════════════════════════════════════════════════════════════════════╝


[1A[2K[135/265] [webkit] › src\__tests__\e2e\seo-preview.spec.ts:412:3 › E2E-F008: Embeddable Widget › E2E-F008-04: embed page shows the SEO preview widget
[1A[2K  119) [webkit] › src\__tests__\e2e\seo-preview.spec.ts:412:3 › E2E-F008: Embeddable Widget › E2E-F008-04: embed page shows the SEO preview widget 

    Error: browserType.launch: Executable doesn't exist at C:\Users\Kenny\AppData\Local\ms-playwright\webkit-2248\Playwright.exe
    ╔═════════════════════════════════════════════════════════════════════════╗
    ║ Looks like Playwright Test or Playwright was just installed or updated. ║
    ║ Please run the following command to download new browsers:              ║
    ║                                                                         ║
    ║     npx playwright install                                              ║
    ║                                                                         ║
    ║ <3 Playwright Team                                                      ║
    ╚═════════════════════════════════════════════════════════════════════════╝


[1A[2K[136/265] [webkit] › src\__tests__\e2e\seo-preview.spec.ts:421:3 › E2E-F008: Embeddable Widget › E2E-F008-05: navigating to embed link from header reaches /embed
[1A[2K  120) [webkit] › src\__tests__\e2e\seo-preview.spec.ts:421:3 › E2E-F008: Embeddable Widget › E2E-F008-05: navigating to embed link from header reaches /embed 

    Error: browserType.launch: Executable doesn't exist at C:\Users\Kenny\AppData\Local\ms-playwright\webkit-2248\Playwright.exe
    ╔═════════════════════════════════════════════════════════════════════════╗
    ║ Looks like Playwright Test or Playwright was just installed or updated. ║
    ║ Please run the following command to download new browsers:              ║
    ║                                                                         ║
    ║     npx playwright install                                              ║
    ║                                                                         ║
    ║ <3 Playwright Team                                                      ║
    ╚═════════════════════════════════════════════════════════════════════════╝


[1A[2K[137/265] [webkit] › src\__tests__\e2e\seo-preview.spec.ts:457:3 › E2E-F009: Dark Mode / Theme Toggle › E2E-F009-02: clicking the theme toggle changes the color scheme
[1A[2K[138/265] [webkit] › src\__tests__\e2e\seo-preview.spec.ts:440:3 › E2E-F009: Dark Mode / Theme Toggle › E2E-F009-01: theme toggle button is visible in the header
[1A[2K  121) [webkit] › src\__tests__\e2e\seo-preview.spec.ts:457:3 › E2E-F009: Dark Mode / Theme Toggle › E2E-F009-02: clicking the theme toggle changes the color scheme 

    Error: browserType.launch: Executable doesn't exist at C:\Users\Kenny\AppData\Local\ms-playwright\webkit-2248\Playwright.exe
    ╔═════════════════════════════════════════════════════════════════════════╗
    ║ Looks like Playwright Test or Playwright was just installed or updated. ║
    ║ Please run the following command to download new browsers:              ║
    ║                                                                         ║
    ║     npx playwright install                                              ║
    ║                                                                         ║
    ║ <3 Playwright Team                                                      ║
    ╚═════════════════════════════════════════════════════════════════════════╝


[1A[2K  122) [webkit] › src\__tests__\e2e\seo-preview.spec.ts:440:3 › E2E-F009: Dark Mode / Theme Toggle › E2E-F009-01: theme toggle button is visible in the header 

    Error: browserType.launch: Executable doesn't exist at C:\Users\Kenny\AppData\Local\ms-playwright\webkit-2248\Playwright.exe
    ╔═════════════════════════════════════════════════════════════════════════╗
    ║ Looks like Playwright Test or Playwright was just installed or updated. ║
    ║ Please run the following command to download new browsers:              ║
    ║                                                                         ║
    ║     npx playwright install                                              ║
    ║                                                                         ║
    ║ <3 Playwright Team                                                      ║
    ╚═════════════════════════════════════════════════════════════════════════╝


[1A[2K[139/265] [webkit] › src\__tests__\e2e\seo-preview.spec.ts:490:3 › E2E-F009: Dark Mode / Theme Toggle › E2E-F009-03: page renders correctly in dark mode
[1A[2K  123) [webkit] › src\__tests__\e2e\seo-preview.spec.ts:490:3 › E2E-F009: Dark Mode / Theme Toggle › E2E-F009-03: page renders correctly in dark mode 

    Error: browserType.launch: Executable doesn't exist at C:\Users\Kenny\AppData\Local\ms-playwright\webkit-2248\Playwright.exe
    ╔═════════════════════════════════════════════════════════════════════════╗
    ║ Looks like Playwright Test or Playwright was just installed or updated. ║
    ║ Please run the following command to download new browsers:              ║
    ║                                                                         ║
    ║     npx playwright install                                              ║
    ║                                                                         ║
    ║ <3 Playwright Team                                                      ║
    ╚═════════════════════════════════════════════════════════════════════════╝


[1A[2K[140/265] [webkit] › src\__tests__\e2e\seo-preview.spec.ts:500:3 › E2E-F009: Dark Mode / Theme Toggle › E2E-F009-04: page renders correctly in light mode
[1A[2K  124) [webkit] › src\__tests__\e2e\seo-preview.spec.ts:500:3 › E2E-F009: Dark Mode / Theme Toggle › E2E-F009-04: page renders correctly in light mode 

    Error: browserType.launch: Executable doesn't exist at C:\Users\Kenny\AppData\Local\ms-playwright\webkit-2248\Playwright.exe
    ╔═════════════════════════════════════════════════════════════════════════╗
    ║ Looks like Playwright Test or Playwright was just installed or updated. ║
    ║ Please run the following command to download new browsers:              ║
    ║                                                                         ║
    ║     npx playwright install                                              ║
    ║                                                                         ║
    ║ <3 Playwright Team                                                      ║
    ╚═════════════════════════════════════════════════════════════════════════╝


[1A[2K[141/265] [webkit] › src\__tests__\e2e\seo-preview.spec.ts:520:3 › E2E-F010: History Panel › E2E-F010-01: history button or panel is accessible in the UI
[1A[2K  125) [webkit] › src\__tests__\e2e\seo-preview.spec.ts:520:3 › E2E-F010: History Panel › E2E-F010-01: history button or panel is accessible in the UI 

    Error: browserType.launch: Executable doesn't exist at C:\Users\Kenny\AppData\Local\ms-playwright\webkit-2248\Playwright.exe
    ╔═════════════════════════════════════════════════════════════════════════╗
    ║ Looks like Playwright Test or Playwright was just installed or updated. ║
    ║ Please run the following command to download new browsers:              ║
    ║                                                                         ║
    ║     npx playwright install                                              ║
    ║                                                                         ║
    ║ <3 Playwright Team                                                      ║
    ╚═════════════════════════════════════════════════════════════════════════╝


[1A[2K  126) [chromium] › src\__tests__\e2e\seo-preview.spec.ts:748:3 › E2E-A11Y: Accessibility › E2E-A11Y-04: page is keyboard-navigable (Tab reaches the title field) 

    [31mTest timeout of 30000ms exceeded.[39m

    Error: locator.evaluate: Test timeout of 30000ms exceeded.
    Call log:
    [2m  - waiting for getByLabel(/page title/i)[22m


      756 |     // At some point, the title field should become focused
      757 |     const titleInput = page.getByLabel(/page title/i);
    > 758 |     const isFocused = await titleInput.evaluate(
          |                                        ^
      759 |       (el) => document.activeElement === el,
      760 |     );
      761 |     // Either the field is focused or it's reachable — just verify no JS errors
        at C:\Users\Kenny\projects\seo-meta-preview-scorer\src\__tests__\e2e\seo-preview.spec.ts:758:40

    Error Context: test-results\seo-preview-E2E-A11Y-Acces-a5858-ab-reaches-the-title-field--chromium\error-context.md


[1A[2K[142/265] [webkit] › src\__tests__\e2e\seo-preview.spec.ts:543:3 › E2E-F010: History Panel › E2E-F010-02: entering metadata and navigating away adds a history entry
[1A[2K[143/265] [webkit] › src\__tests__\e2e\seo-preview.spec.ts:567:3 › E2E-F010: History Panel › E2E-F010-03: history entries can be deleted
[1A[2K  127) [webkit] › src\__tests__\e2e\seo-preview.spec.ts:567:3 › E2E-F010: History Panel › E2E-F010-03: history entries can be deleted 

    Error: browserType.launch: Executable doesn't exist at C:\Users\Kenny\AppData\Local\ms-playwright\webkit-2248\Playwright.exe
    ╔═════════════════════════════════════════════════════════════════════════╗
    ║ Looks like Playwright Test or Playwright was just installed or updated. ║
    ║ Please run the following command to download new browsers:              ║
    ║                                                                         ║
    ║     npx playwright install                                              ║
    ║                                                                         ║
    ║ <3 Playwright Team                                                      ║
    ╚═════════════════════════════════════════════════════════════════════════╝


[1A[2K  128) [webkit] › src\__tests__\e2e\seo-preview.spec.ts:543:3 › E2E-F010: History Panel › E2E-F010-02: entering metadata and navigating away adds a history entry 

    Error: browserType.launch: Executable doesn't exist at C:\Users\Kenny\AppData\Local\ms-playwright\webkit-2248\Playwright.exe
    ╔═════════════════════════════════════════════════════════════════════════╗
    ║ Looks like Playwright Test or Playwright was just installed or updated. ║
    ║ Please run the following command to download new browsers:              ║
    ║                                                                         ║
    ║     npx playwright install                                              ║
    ║                                                                         ║
    ║ <3 Playwright Team                                                      ║
    ╚═════════════════════════════════════════════════════════════════════════╝


[1A[2K[144/265] [webkit] › src\__tests__\e2e\seo-preview.spec.ts:599:3 › E2E-F011: Bulk CSV Analysis › E2E-F011-01: bulk analysis page or section loads without errors
[1A[2K  129) [webkit] › src\__tests__\e2e\seo-preview.spec.ts:599:3 › E2E-F011: Bulk CSV Analysis › E2E-F011-01: bulk analysis page or section loads without errors 

    Error: browserType.launch: Executable doesn't exist at C:\Users\Kenny\AppData\Local\ms-playwright\webkit-2248\Playwright.exe
    ╔═════════════════════════════════════════════════════════════════════════╗
    ║ Looks like Playwright Test or Playwright was just installed or updated. ║
    ║ Please run the following command to download new browsers:              ║
    ║                                                                         ║
    ║     npx playwright install                                              ║
    ║                                                                         ║
    ║ <3 Playwright Team                                                      ║
    ╚═════════════════════════════════════════════════════════════════════════╝


[1A[2K[145/265] [webkit] › src\__tests__\e2e\seo-preview.spec.ts:621:3 › E2E-F011: Bulk CSV Analysis › E2E-F011-02: CSV upload input is present on the bulk page
[1A[2K  130) [webkit] › src\__tests__\e2e\seo-preview.spec.ts:621:3 › E2E-F011: Bulk CSV Analysis › E2E-F011-02: CSV upload input is present on the bulk page 

    Error: browserType.launch: Executable doesn't exist at C:\Users\Kenny\AppData\Local\ms-playwright\webkit-2248\Playwright.exe
    ╔═════════════════════════════════════════════════════════════════════════╗
    ║ Looks like Playwright Test or Playwright was just installed or updated. ║
    ║ Please run the following command to download new browsers:              ║
    ║                                                                         ║
    ║     npx playwright install                                              ║
    ║                                                                         ║
    ║ <3 Playwright Team                                                      ║
    ╚═════════════════════════════════════════════════════════════════════════╝


[1A[2K[146/265] [webkit] › src\__tests__\e2e\seo-preview.spec.ts:643:3 › E2E-F011: Bulk CSV Analysis › E2E-F011-03: example CSV download link is present
[1A[2K  131) [webkit] › src\__tests__\e2e\seo-preview.spec.ts:643:3 › E2E-F011: Bulk CSV Analysis › E2E-F011-03: example CSV download link is present 

    Error: browserType.launch: Executable doesn't exist at C:\Users\Kenny\AppData\Local\ms-playwright\webkit-2248\Playwright.exe
    ╔═════════════════════════════════════════════════════════════════════════╗
    ║ Looks like Playwright Test or Playwright was just installed or updated. ║
    ║ Please run the following command to download new browsers:              ║
    ║                                                                         ║
    ║     npx playwright install                                              ║
    ║                                                                         ║
    ║ <3 Playwright Team                                                      ║
    ╚═════════════════════════════════════════════════════════════════════════╝


[1A[2K[147/265] [webkit] › src\__tests__\e2e\seo-preview.spec.ts:679:3 › E2E-F012: URL Validation › E2E-F012-01: entering an invalid URL shows an error message
[1A[2K  132) [webkit] › src\__tests__\e2e\seo-preview.spec.ts:679:3 › E2E-F012: URL Validation › E2E-F012-01: entering an invalid URL shows an error message 

    Error: browserType.launch: Executable doesn't exist at C:\Users\Kenny\AppData\Local\ms-playwright\webkit-2248\Playwright.exe
    ╔═════════════════════════════════════════════════════════════════════════╗
    ║ Looks like Playwright Test or Playwright was just installed or updated. ║
    ║ Please run the following command to download new browsers:              ║
    ║                                                                         ║
    ║     npx playwright install                                              ║
    ║                                                                         ║
    ║ <3 Playwright Team                                                      ║
    ╚═════════════════════════════════════════════════════════════════════════╝


[1A[2K[148/265] [webkit] › src\__tests__\e2e\seo-preview.spec.ts:690:3 › E2E-F012: URL Validation › E2E-F012-02: entering a valid URL clears the URL error
[1A[2K  133) [webkit] › src\__tests__\e2e\seo-preview.spec.ts:690:3 › E2E-F012: URL Validation › E2E-F012-02: entering a valid URL clears the URL error 

    Error: browserType.launch: Executable doesn't exist at C:\Users\Kenny\AppData\Local\ms-playwright\webkit-2248\Playwright.exe
    ╔═════════════════════════════════════════════════════════════════════════╗
    ║ Looks like Playwright Test or Playwright was just installed or updated. ║
    ║ Please run the following command to download new browsers:              ║
    ║                                                                         ║
    ║     npx playwright install                                              ║
    ║                                                                         ║
    ║ <3 Playwright Team                                                      ║
    ╚═════════════════════════════════════════════════════════════════════════╝


[1A[2K[149/265] [webkit] › src\__tests__\e2e\seo-preview.spec.ts:705:3 › E2E-F012: URL Validation › E2E-F012-03: valid HTTPS URL updates the breadcrumb in the preview
[1A[2K  134) [webkit] › src\__tests__\e2e\seo-preview.spec.ts:705:3 › E2E-F012: URL Validation › E2E-F012-03: valid HTTPS URL updates the breadcrumb in the preview 

    Error: browserType.launch: Executable doesn't exist at C:\Users\Kenny\AppData\Local\ms-playwright\webkit-2248\Playwright.exe
    ╔═════════════════════════════════════════════════════════════════════════╗
    ║ Looks like Playwright Test or Playwright was just installed or updated. ║
    ║ Please run the following command to download new browsers:              ║
    ║                                                                         ║
    ║     npx playwright install                                              ║
    ║                                                                         ║
    ║ <3 Playwright Team                                                      ║
    ╚═════════════════════════════════════════════════════════════════════════╝


[1A[2K[150/265] [webkit] › src\__tests__\e2e\seo-preview.spec.ts:725:3 › E2E-A11Y: Accessibility › E2E-A11Y-01: page has no heading-level skips (h1 is present)
[1A[2K[151/265] [webkit] › src\__tests__\e2e\seo-preview.spec.ts:732:3 › E2E-A11Y: Accessibility › E2E-A11Y-02: all form inputs have accessible labels
[1A[2K  135) [webkit] › src\__tests__\e2e\seo-preview.spec.ts:725:3 › E2E-A11Y: Accessibility › E2E-A11Y-01: page has no heading-level skips (h1 is present) 

    Error: browserType.launch: Executable doesn't exist at C:\Users\Kenny\AppData\Local\ms-playwright\webkit-2248\Playwright.exe
    ╔═════════════════════════════════════════════════════════════════════════╗
    ║ Looks like Playwright Test or Playwright was just installed or updated. ║
    ║ Please run the following command to download new browsers:              ║
    ║                                                                         ║
    ║     npx playwright install                                              ║
    ║                                                                         ║
    ║ <3 Playwright Team                                                      ║
    ╚═════════════════════════════════════════════════════════════════════════╝


[1A[2K  136) [webkit] › src\__tests__\e2e\seo-preview.spec.ts:732:3 › E2E-A11Y: Accessibility › E2E-A11Y-02: all form inputs have accessible labels 

    Error: browserType.launch: Executable doesn't exist at C:\Users\Kenny\AppData\Local\ms-playwright\webkit-2248\Playwright.exe
    ╔═════════════════════════════════════════════════════════════════════════╗
    ║ Looks like Playwright Test or Playwright was just installed or updated. ║
    ║ Please run the following command to download new browsers:              ║
    ║                                                                         ║
    ║     npx playwright install                                              ║
    ║                                                                         ║
    ║ <3 Playwright Team                                                      ║
    ╚═════════════════════════════════════════════════════════════════════════╝


[1A[2K[152/265] [webkit] › src\__tests__\e2e\seo-preview.spec.ts:741:3 › E2E-A11Y: Accessibility › E2E-A11Y-03: score progress bar has aria-valuenow attribute
[1A[2K  137) [webkit] › src\__tests__\e2e\seo-preview.spec.ts:741:3 › E2E-A11Y: Accessibility › E2E-A11Y-03: score progress bar has aria-valuenow attribute 

    Error: browserType.launch: Executable doesn't exist at C:\Users\Kenny\AppData\Local\ms-playwright\webkit-2248\Playwright.exe
    ╔═════════════════════════════════════════════════════════════════════════╗
    ║ Looks like Playwright Test or Playwright was just installed or updated. ║
    ║ Please run the following command to download new browsers:              ║
    ║                                                                         ║
    ║     npx playwright install                                              ║
    ║                                                                         ║
    ║ <3 Playwright Team                                                      ║
    ╚═════════════════════════════════════════════════════════════════════════╝


[1A[2K[153/265] [webkit] › src\__tests__\e2e\seo-preview.spec.ts:748:3 › E2E-A11Y: Accessibility › E2E-A11Y-04: page is keyboard-navigable (Tab reaches the title field)
[1A[2K  138) [webkit] › src\__tests__\e2e\seo-preview.spec.ts:748:3 › E2E-A11Y: Accessibility › E2E-A11Y-04: page is keyboard-navigable (Tab reaches the title field) 

    Error: browserType.launch: Executable doesn't exist at C:\Users\Kenny\AppData\Local\ms-playwright\webkit-2248\Playwright.exe
    ╔═════════════════════════════════════════════════════════════════════════╗
    ║ Looks like Playwright Test or Playwright was just installed or updated. ║
    ║ Please run the following command to download new browsers:              ║
    ║                                                                         ║
    ║     npx playwright install                                              ║
    ║                                                                         ║
    ║ <3 Playwright Team                                                      ║
    ╚═════════════════════════════════════════════════════════════════════════╝


[1A[2K[154/265] [webkit] › src\__tests__\e2e\seo-preview.spec.ts:765:3 › E2E-A11Y: Accessibility › E2E-A11Y-05: page has appropriate lang attribute on <html>
[1A[2K  139) [webkit] › src\__tests__\e2e\seo-preview.spec.ts:765:3 › E2E-A11Y: Accessibility › E2E-A11Y-05: page has appropriate lang attribute on <html> 

    Error: browserType.launch: Executable doesn't exist at C:\Users\Kenny\AppData\Local\ms-playwright\webkit-2248\Playwright.exe
    ╔═════════════════════════════════════════════════════════════════════════╗
    ║ Looks like Playwright Test or Playwright was just installed or updated. ║
    ║ Please run the following command to download new browsers:              ║
    ║                                                                         ║
    ║     npx playwright install                                              ║
    ║                                                                         ║
    ║ <3 Playwright Team                                                      ║
    ╚═════════════════════════════════════════════════════════════════════════╝


[1A[2K[155/265] [webkit] › src\__tests__\e2e\seo-preview.spec.ts:773:3 › E2E-A11Y: Accessibility › E2E-A11Y-06: images (if any) have alt text
[1A[2K  140) [webkit] › src\__tests__\e2e\seo-preview.spec.ts:773:3 › E2E-A11Y: Accessibility › E2E-A11Y-06: images (if any) have alt text 

    Error: browserType.launch: Executable doesn't exist at C:\Users\Kenny\AppData\Local\ms-playwright\webkit-2248\Playwright.exe
    ╔═════════════════════════════════════════════════════════════════════════╗
    ║ Looks like Playwright Test or Playwright was just installed or updated. ║
    ║ Please run the following command to download new browsers:              ║
    ║                                                                         ║
    ║     npx playwright install                                              ║
    ║                                                                         ║
    ║ <3 Playwright Team                                                      ║
    ╚═════════════════════════════════════════════════════════════════════════╝


[1A[2K[156/265] [webkit] › src\__tests__\e2e\seo-preview.spec.ts:784:3 › E2E-A11Y: Accessibility › E2E-A11Y-07: interactive buttons have discernible text or aria-label
[1A[2K  141) [webkit] › src\__tests__\e2e\seo-preview.spec.ts:784:3 › E2E-A11Y: Accessibility › E2E-A11Y-07: interactive buttons have discernible text or aria-label 

    Error: browserType.launch: Executable doesn't exist at C:\Users\Kenny\AppData\Local\ms-playwright\webkit-2248\Playwright.exe
    ╔═════════════════════════════════════════════════════════════════════════╗
    ║ Looks like Playwright Test or Playwright was just installed or updated. ║
    ║ Please run the following command to download new browsers:              ║
    ║                                                                         ║
    ║     npx playwright install                                              ║
    ║                                                                         ║
    ║ <3 Playwright Team                                                      ║
    ╚═════════════════════════════════════════════════════════════════════════╝


[1A[2K[157/265] [webkit] › src\__tests__\e2e\seo-preview.spec.ts:815:3 › Navigation & Header › embed link is in the header nav
[1A[2K  142) [webkit] › src\__tests__\e2e\seo-preview.spec.ts:815:3 › Navigation & Header › embed link is in the header nav 

    Error: browserType.launch: Executable doesn't exist at C:\Users\Kenny\AppData\Local\ms-playwright\webkit-2248\Playwright.exe
    ╔═════════════════════════════════════════════════════════════════════════╗
    ║ Looks like Playwright Test or Playwright was just installed or updated. ║
    ║ Please run the following command to download new browsers:              ║
    ║                                                                         ║
    ║     npx playwright install                                              ║
    ║                                                                         ║
    ║ <3 Playwright Team                                                      ║
    ╚═════════════════════════════════════════════════════════════════════════╝


[1A[2K[158/265] [webkit] › src\__tests__\e2e\seo-preview.spec.ts:820:3 › Navigation & Header › subtitle text is visible
[1A[2K[159/265] [webkit] › src\__tests__\e2e\seo-preview.spec.ts:832:3 › Footer › footer contains privacy-centric copy
[1A[2K  143) [webkit] › src\__tests__\e2e\seo-preview.spec.ts:820:3 › Navigation & Header › subtitle text is visible 

    Error: browserType.launch: Executable doesn't exist at C:\Users\Kenny\AppData\Local\ms-playwright\webkit-2248\Playwright.exe
    ╔═════════════════════════════════════════════════════════════════════════╗
    ║ Looks like Playwright Test or Playwright was just installed or updated. ║
    ║ Please run the following command to download new browsers:              ║
    ║                                                                         ║
    ║     npx playwright install                                              ║
    ║                                                                         ║
    ║ <3 Playwright Team                                                      ║
    ╚═════════════════════════════════════════════════════════════════════════╝


[1A[2K  144) [webkit] › src\__tests__\e2e\seo-preview.spec.ts:832:3 › Footer › footer contains privacy-centric copy 

    Error: browserType.launch: Executable doesn't exist at C:\Users\Kenny\AppData\Local\ms-playwright\webkit-2248\Playwright.exe
    ╔═════════════════════════════════════════════════════════════════════════╗
    ║ Looks like Playwright Test or Playwright was just installed or updated. ║
    ║ Please run the following command to download new browsers:              ║
    ║                                                                         ║
    ║     npx playwright install                                              ║
    ║                                                                         ║
    ║ <3 Playwright Team                                                      ║
    ╚═════════════════════════════════════════════════════════════════════════╝


[1A[2K[160/265] [Mobile Chrome] › src\__tests__\e2e\seo-preview.spec.ts:21:3 › E2E-F001: Meta Input Form › E2E-F001-01: page title contains the app name
[1A[2K[161/265] [Mobile Chrome] › src\__tests__\e2e\seo-preview.spec.ts:25:3 › E2E-F001: Meta Input Form › E2E-F001-02: h1 heading is visible on load
[1A[2K[162/265] [Mobile Chrome] › src\__tests__\e2e\seo-preview.spec.ts:31:3 › E2E-F001: Meta Input Form › E2E-F001-03: all four input fields are present and pre-filled
[1A[2K[163/265] [Mobile Chrome] › src\__tests__\e2e\seo-preview.spec.ts:44:3 › E2E-F001: Meta Input Form › E2E-F001-04: typing a new title updates the Google Desktop preview
[1A[2K[164/265] [Mobile Chrome] › src\__tests__\e2e\seo-preview.spec.ts:56:3 › E2E-F001: Meta Input Form › E2E-F001-05: typing a new description updates the preview area
[1A[2K[165/265] [Mobile Chrome] › src\__tests__\e2e\seo-preview.spec.ts:70:3 › E2E-F001: Meta Input Form › E2E-F001-06: clearing the title shows Untitled fallback in preview
[1A[2K[166/265] [Mobile Chrome] › src\__tests__\e2e\seo-preview.spec.ts:79:3 › E2E-F001: Meta Input Form › E2E-F001-07: character counter updates as user types in the title field
[1A[2K[167/265] [Mobile Chrome] › src\__tests__\e2e\seo-preview.spec.ts:99:3 › E2E-F002: Google Desktop Preview › E2E-F002-01: Google Desktop preview tab is present and active by default
[1A[2K  145) [Mobile Chrome] › src\__tests__\e2e\seo-preview.spec.ts:21:3 › E2E-F001: Meta Input Form › E2E-F001-01: page title contains the app name 

    Error: [2mexpect([22m[31mpage[39m[2m).[22mtoHaveTitle[2m([22m[32mexpected[39m[2m)[22m failed

    Expected pattern: [32m/SEO Meta Preview/i[39m
    Received string:  [31m"Dream Interpreter — Decode What Your Dreams Mean"[39m
    Timeout: 5000ms

    Call log:
    [2m  - Expect "toHaveTitle" with timeout 5000ms[22m
    [2m    8 × unexpected value "Dream Interpreter — Decode What Your Dreams Mean"[22m


      20 |
      21 |   test("E2E-F001-01: page title contains the app name", async ({ page }) => {
    > 22 |     await expect(page).toHaveTitle(/SEO Meta Preview/i);
         |                        ^
      23 |   });
      24 |
      25 |   test("E2E-F001-02: h1 heading is visible on load", async ({ page }) => {
        at C:\Users\Kenny\projects\seo-meta-preview-scorer\src\__tests__\e2e\seo-preview.spec.ts:22:24

    Error Context: test-results\seo-preview-E2E-F001-Meta--7128d-title-contains-the-app-name-Mobile-Chrome\error-context.md


[1A[2K  146) [Mobile Chrome] › src\__tests__\e2e\seo-preview.spec.ts:25:3 › E2E-F001: Meta Input Form › E2E-F001-02: h1 heading is visible on load 

    Error: [2mexpect([22m[31mlocator[39m[2m).[22mtoBeVisible[2m([22m[2m)[22m failed

    Locator: getByRole('heading', { name: /SEO Meta Preview/i, level: 1 })
    Expected: visible
    Timeout: 5000ms
    Error: element(s) not found

    Call log:
    [2m  - Expect "toBeVisible" with timeout 5000ms[22m
    [2m  - waiting for getByRole('heading', { name: /SEO Meta Preview/i, level: 1 })[22m


      26 |     await expect(
      27 |       page.getByRole("heading", { level: 1, name: /SEO Meta Preview/i }),
    > 28 |     ).toBeVisible();
         |       ^
      29 |   });
      30 |
      31 |   test("E2E-F001-03: all four input fields are present and pre-filled", async ({
        at C:\Users\Kenny\projects\seo-meta-preview-scorer\src\__tests__\e2e\seo-preview.spec.ts:28:7

    Error Context: test-results\seo-preview-E2E-F001-Meta--ac8df--heading-is-visible-on-load-Mobile-Chrome\error-context.md


[1A[2K  147) [Mobile Chrome] › src\__tests__\e2e\seo-preview.spec.ts:31:3 › E2E-F001: Meta Input Form › E2E-F001-03: all four input fields are present and pre-filled 

    Error: [2mexpect([22m[31mlocator[39m[2m).[22mtoBeVisible[2m([22m[2m)[22m failed

    Locator: getByLabel(/page title/i)
    Expected: visible
    Timeout: 5000ms
    Error: element(s) not found

    Call log:
    [2m  - Expect "toBeVisible" with timeout 5000ms[22m
    [2m  - waiting for getByLabel(/page title/i)[22m


      32 |     page,
      33 |   }) => {
    > 34 |     await expect(page.getByLabel(/page title/i)).toBeVisible();
         |                                                  ^
      35 |     await expect(page.getByLabel(/meta description/i)).toBeVisible();
      36 |     await expect(page.getByLabel(/^url$/i)).toBeVisible();
      37 |     await expect(page.getByLabel(/primary keyword/i)).toBeVisible();
        at C:\Users\Kenny\projects\seo-meta-preview-scorer\src\__tests__\e2e\seo-preview.spec.ts:34:50

    Error Context: test-results\seo-preview-E2E-F001-Meta--9dea2--are-present-and-pre-filled-Mobile-Chrome\error-context.md


[1A[2K[168/265] [Mobile Chrome] › src\__tests__\e2e\seo-preview.spec.ts:119:3 › E2E-F002: Google Desktop Preview › E2E-F002-03: title is truncated at 60 chars in Google Desktop preview
[1A[2K[169/265] [Mobile Chrome] › src\__tests__\e2e\seo-preview.spec.ts:108:3 › E2E-F002: Google Desktop Preview › E2E-F002-02: breadcrumb URL is shown in the preview
[1A[2K[170/265] [Mobile Chrome] › src\__tests__\e2e\seo-preview.spec.ts:137:3 › E2E-F002: Google Desktop Preview › E2E-F002-04: description is shown below the title in the SERP preview
[1A[2K  148) [Mobile Chrome] › src\__tests__\e2e\seo-preview.spec.ts:99:3 › E2E-F002: Google Desktop Preview › E2E-F002-01: Google Desktop preview tab is present and active by default 

    Error: [2mexpect([22m[31mlocator[39m[2m).[22mtoBeVisible[2m([22m[2m)[22m failed

    Locator: getByRole('tab', { name: /google desktop/i }).or(getByText(/google desktop/i).first())
    Expected: visible
    Timeout: 5000ms
    Error: element(s) not found

    Call log:
    [2m  - Expect "toBeVisible" with timeout 5000ms[22m
    [2m  - waiting for getByRole('tab', { name: /google desktop/i }).or(getByText(/google desktop/i).first())[22m


      103 |       .getByRole("tab", { name: /google desktop/i })
      104 |       .or(page.getByText(/google desktop/i).first());
    > 105 |     await expect(googleTab).toBeVisible();
          |                             ^
      106 |   });
      107 |
      108 |   test("E2E-F002-02: breadcrumb URL is shown in the preview", async ({
        at C:\Users\Kenny\projects\seo-meta-preview-scorer\src\__tests__\e2e\seo-preview.spec.ts:105:29

    Error Context: test-results\seo-preview-E2E-F002-Googl-842e2-esent-and-active-by-default-Mobile-Chrome\error-context.md


[1A[2K[171/265] [Mobile Chrome] › src\__tests__\e2e\seo-preview.spec.ts:151:3 › E2E-F002: Google Desktop Preview › E2E-F002-05: keyword is highlighted in the preview
[1A[2K  149) [Mobile Chrome] › src\__tests__\e2e\seo-preview.spec.ts:44:3 › E2E-F001: Meta Input Form › E2E-F001-04: typing a new title updates the Google Desktop preview 

    [31mTest timeout of 30000ms exceeded.[39m

    Error: locator.clear: Test timeout of 30000ms exceeded.
    Call log:
    [2m  - waiting for getByLabel(/page title/i)[22m


      46 |   }) => {
      47 |     const titleInput = page.getByLabel(/page title/i);
    > 48 |     await titleInput.clear();
         |                      ^
      49 |     await titleInput.fill("My Custom SEO Title 2024");
      50 |
      51 |     await expect(
        at C:\Users\Kenny\projects\seo-meta-preview-scorer\src\__tests__\e2e\seo-preview.spec.ts:48:22

    Error Context: test-results\seo-preview-E2E-F001-Meta--dd449--the-Google-Desktop-preview-Mobile-Chrome\error-context.md


[1A[2K  150) [Mobile Chrome] › src\__tests__\e2e\seo-preview.spec.ts:56:3 › E2E-F001: Meta Input Form › E2E-F001-05: typing a new description updates the preview area 

    [31mTest timeout of 30000ms exceeded.[39m

    Error: locator.clear: Test timeout of 30000ms exceeded.
    Call log:
    [2m  - waiting for getByLabel(/meta description/i)[22m


      58 |   }) => {
      59 |     const descInput = page.getByLabel(/meta description/i);
    > 60 |     await descInput.clear();
         |                     ^
      61 |     await descInput.fill(
      62 |       "This is my custom meta description for testing purposes.",
      63 |     );
        at C:\Users\Kenny\projects\seo-meta-preview-scorer\src\__tests__\e2e\seo-preview.spec.ts:60:21

    Error Context: test-results\seo-preview-E2E-F001-Meta--7245a-on-updates-the-preview-area-Mobile-Chrome\error-context.md


[1A[2K[172/265] [Mobile Chrome] › src\__tests__\e2e\seo-preview.spec.ts:176:3 › E2E-F003: Google Mobile Preview › E2E-F003-01: mobile truncation warning appears when title exceeds 50 chars
[1A[2K  151) [Mobile Chrome] › src\__tests__\e2e\seo-preview.spec.ts:176:3 › E2E-F003: Google Mobile Preview › E2E-F003-01: mobile truncation warning appears when title exceeds 50 chars 

    Error: worker process exited unexpectedly (code=3221225794, signal=null)


[1A[2K[173/265] [Mobile Chrome] › src\__tests__\e2e\seo-preview.spec.ts:186:3 › E2E-F003: Google Mobile Preview › E2E-F003-02: no mobile truncation warning when title is within 50 chars
[1A[2K  152) [Mobile Chrome] › src\__tests__\e2e\seo-preview.spec.ts:186:3 › E2E-F003: Google Mobile Preview › E2E-F003-02: no mobile truncation warning when title is within 50 chars 

    Error: worker process exited unexpectedly (code=3221225794, signal=null)


[1A[2K[174/265] [Mobile Chrome] › src\__tests__\e2e\seo-preview.spec.ts:214:3 › E2E-F004: Score Dashboard › E2E-F004-02: /100 suffix is shown in the gauge
[1A[2K  153) [Mobile Chrome] › src\__tests__\e2e\seo-preview.spec.ts:214:3 › E2E-F004: Score Dashboard › E2E-F004-02: /100 suffix is shown in the gauge 

    Error: worker process exited unexpectedly (code=3221225794, signal=null)


[1A[2K[175/265] [Mobile Chrome] › src\__tests__\e2e\seo-preview.spec.ts:218:3 › E2E-F004: Score Dashboard › E2E-F004-03: Title, Description, and Keyword score cards are rendered
[1A[2K  154) [Mobile Chrome] › src\__tests__\e2e\seo-preview.spec.ts:218:3 › E2E-F004: Score Dashboard › E2E-F004-03: Title, Description, and Keyword score cards are rendered 

    Error: worker process exited unexpectedly (code=3221225794, signal=null)


[1A[2K[176/265] [Mobile Chrome] › src\__tests__\e2e\seo-preview.spec.ts:208:3 › E2E-F004: Score Dashboard › E2E-F004-01: Overall SEO Score heading is visible
[1A[2K  155) [Mobile Chrome] › src\__tests__\e2e\seo-preview.spec.ts:208:3 › E2E-F004: Score Dashboard › E2E-F004-01: Overall SEO Score heading is visible 

    Error: worker process exited unexpectedly (code=3221225794, signal=null)


[1A[2K[177/265] [Mobile Chrome] › src\__tests__\e2e\seo-preview.spec.ts:258:3 › E2E-F004: Score Dashboard › E2E-F004-05: empty title and description results in a low/zero score
[1A[2K  156) [Mobile Chrome] › src\__tests__\e2e\seo-preview.spec.ts:258:3 › E2E-F004: Score Dashboard › E2E-F004-05: empty title and description results in a low/zero score 

    Error: worker process exited unexpectedly (code=3221225794, signal=null)


[1A[2K[178/265] [Mobile Chrome] › src\__tests__\e2e\seo-preview.spec.ts:226:3 › E2E-F004: Score Dashboard › E2E-F004-04: score updates when metadata changes
[1A[2K  157) [Mobile Chrome] › src\__tests__\e2e\seo-preview.spec.ts:226:3 › E2E-F004: Score Dashboard › E2E-F004-04: score updates when metadata changes 

    Error: worker process exited unexpectedly (code=3221225794, signal=null)


[1A[2K[179/265] [Mobile Chrome] › src\__tests__\e2e\seo-preview.spec.ts:293:3 › E2E-F005: Bing Preview Tab › E2E-F005-02: Bing preview shows title with 65-char truncation
[1A[2K  158) [Mobile Chrome] › src\__tests__\e2e\seo-preview.spec.ts:293:3 › E2E-F005: Bing Preview Tab › E2E-F005-02: Bing preview shows title with 65-char truncation 

    Error: worker process exited unexpectedly (code=3221225794, signal=null)


[1A[2K[180/265] [Mobile Chrome] › src\__tests__\e2e\seo-preview.spec.ts:281:3 › E2E-F005: Bing Preview Tab › E2E-F005-01: clicking the Bing preview tab shows the Bing preview
[1A[2K  159) [Mobile Chrome] › src\__tests__\e2e\seo-preview.spec.ts:281:3 › E2E-F005: Bing Preview Tab › E2E-F005-01: clicking the Bing preview tab shows the Bing preview 

    Error: worker process exited unexpectedly (code=3221225794, signal=null)


[1A[2K[181/265] [Mobile Chrome] › src\__tests__\e2e\seo-preview.spec.ts:341:3 › E2E-F006: Social / OG Card Preview › E2E-F006-02: social card displays the page title
[1A[2K  160) [Mobile Chrome] › src\__tests__\e2e\seo-preview.spec.ts:341:3 › E2E-F006: Social / OG Card Preview › E2E-F006-02: social card displays the page title 

    Error: worker process exited unexpectedly (code=3221225794, signal=null)


[1A[2K[182/265] [Mobile Chrome] › src\__tests__\e2e\seo-preview.spec.ts:324:3 › E2E-F006: Social / OG Card Preview › E2E-F006-01: social card preview tab or section is present
[1A[2K  161) [Mobile Chrome] › src\__tests__\e2e\seo-preview.spec.ts:324:3 › E2E-F006: Social / OG Card Preview › E2E-F006-01: social card preview tab or section is present 

    Error: worker process exited unexpectedly (code=3221225794, signal=null)


[1A[2K[183/265] [Mobile Chrome] › src\__tests__\e2e\seo-preview.spec.ts:374:3 › E2E-F007: Screenshot Export › E2E-F007-02: clicking Export PNG does not navigate away from the page
[1A[2K  162) [Mobile Chrome] › src\__tests__\e2e\seo-preview.spec.ts:374:3 › E2E-F007: Screenshot Export › E2E-F007-02: clicking Export PNG does not navigate away from the page 

    Error: worker process exited unexpectedly (code=3221225794, signal=null)


[1A[2K[184/265] [Mobile Chrome] › src\__tests__\e2e\seo-preview.spec.ts:368:3 › E2E-F007: Screenshot Export › E2E-F007-01: Export PNG button is rendered
[1A[2K  163) [Mobile Chrome] › src\__tests__\e2e\seo-preview.spec.ts:368:3 › E2E-F007: Screenshot Export › E2E-F007-01: Export PNG button is rendered 

    Error: worker process exited unexpectedly (code=3221225794, signal=null)


[1A[2K[185/265] [Mobile Chrome] › src\__tests__\e2e\seo-preview.spec.ts:395:3 › E2E-F008: Embeddable Widget › E2E-F008-02: embed link is in the header nav
[1A[2K  164) [Mobile Chrome] › src\__tests__\e2e\seo-preview.spec.ts:395:3 › E2E-F008: Embeddable Widget › E2E-F008-02: embed link is in the header nav 

    Error: worker process exited unexpectedly (code=3221225794, signal=null)


[1A[2K[186/265] [Mobile Chrome] › src\__tests__\e2e\seo-preview.spec.ts:390:3 › E2E-F008: Embeddable Widget › E2E-F008-01: embed page loads without errors
[1A[2K  165) [Mobile Chrome] › src\__tests__\e2e\seo-preview.spec.ts:390:3 › E2E-F008: Embeddable Widget › E2E-F008-01: embed page loads without errors 

    Error: worker process exited unexpectedly (code=3221225794, signal=null)


[1A[2K[187/265] [Mobile Chrome] › src\__tests__\e2e\seo-preview.spec.ts:412:3 › E2E-F008: Embeddable Widget › E2E-F008-04: embed page shows the SEO preview widget
[1A[2K  166) [Mobile Chrome] › src\__tests__\e2e\seo-preview.spec.ts:412:3 › E2E-F008: Embeddable Widget › E2E-F008-04: embed page shows the SEO preview widget 

    Error: worker process exited unexpectedly (code=3221225794, signal=null)


[1A[2K[188/265] [Mobile Chrome] › src\__tests__\e2e\seo-preview.spec.ts:401:3 › E2E-F008: Embeddable Widget › E2E-F008-03: embed page accepts query-param options without crashing
[1A[2K  167) [Mobile Chrome] › src\__tests__\e2e\seo-preview.spec.ts:401:3 › E2E-F008: Embeddable Widget › E2E-F008-03: embed page accepts query-param options without crashing 

    Error: worker process exited unexpectedly (code=3221225794, signal=null)


[1A[2K[189/265] [Mobile Chrome] › src\__tests__\e2e\seo-preview.spec.ts:440:3 › E2E-F009: Dark Mode / Theme Toggle › E2E-F009-01: theme toggle button is visible in the header
[1A[2K  168) [Mobile Chrome] › src\__tests__\e2e\seo-preview.spec.ts:440:3 › E2E-F009: Dark Mode / Theme Toggle › E2E-F009-01: theme toggle button is visible in the header 

    Error: worker process exited unexpectedly (code=3221225794, signal=null)


[1A[2K[190/265] [Mobile Chrome] › src\__tests__\e2e\seo-preview.spec.ts:421:3 › E2E-F008: Embeddable Widget › E2E-F008-05: navigating to embed link from header reaches /embed
[1A[2K  169) [Mobile Chrome] › src\__tests__\e2e\seo-preview.spec.ts:421:3 › E2E-F008: Embeddable Widget › E2E-F008-05: navigating to embed link from header reaches /embed 

    Error: worker process exited unexpectedly (code=3221225794, signal=null)


[1A[2K[191/265] [Mobile Chrome] › src\__tests__\e2e\seo-preview.spec.ts:490:3 › E2E-F009: Dark Mode / Theme Toggle › E2E-F009-03: page renders correctly in dark mode
[1A[2K  170) [Mobile Chrome] › src\__tests__\e2e\seo-preview.spec.ts:490:3 › E2E-F009: Dark Mode / Theme Toggle › E2E-F009-03: page renders correctly in dark mode 

    Error: worker process exited unexpectedly (code=3221225794, signal=null)


[1A[2K[192/265] [Mobile Chrome] › src\__tests__\e2e\seo-preview.spec.ts:457:3 › E2E-F009: Dark Mode / Theme Toggle › E2E-F009-02: clicking the theme toggle changes the color scheme
[1A[2K  171) [Mobile Chrome] › src\__tests__\e2e\seo-preview.spec.ts:457:3 › E2E-F009: Dark Mode / Theme Toggle › E2E-F009-02: clicking the theme toggle changes the color scheme 

    Error: worker process exited unexpectedly (code=3221225794, signal=null)


[1A[2K[193/265] [Mobile Chrome] › src\__tests__\e2e\seo-preview.spec.ts:520:3 › E2E-F010: History Panel › E2E-F010-01: history button or panel is accessible in the UI
[1A[2K  172) [Mobile Chrome] › src\__tests__\e2e\seo-preview.spec.ts:520:3 › E2E-F010: History Panel › E2E-F010-01: history button or panel is accessible in the UI 

    Error: worker process exited unexpectedly (code=3221225794, signal=null)


[1A[2K[194/265] [Mobile Chrome] › src\__tests__\e2e\seo-preview.spec.ts:500:3 › E2E-F009: Dark Mode / Theme Toggle › E2E-F009-04: page renders correctly in light mode
[1A[2K  173) [Mobile Chrome] › src\__tests__\e2e\seo-preview.spec.ts:500:3 › E2E-F009: Dark Mode / Theme Toggle › E2E-F009-04: page renders correctly in light mode 

    Error: worker process exited unexpectedly (code=3221225794, signal=null)


[1A[2K[195/265] [Mobile Chrome] › src\__tests__\e2e\seo-preview.spec.ts:567:3 › E2E-F010: History Panel › E2E-F010-03: history entries can be deleted
[1A[2K  174) [Mobile Chrome] › src\__tests__\e2e\seo-preview.spec.ts:567:3 › E2E-F010: History Panel › E2E-F010-03: history entries can be deleted 

    Error: worker process exited unexpectedly (code=3221225794, signal=null)


[1A[2K[196/265] [Mobile Chrome] › src\__tests__\e2e\seo-preview.spec.ts:543:3 › E2E-F010: History Panel › E2E-F010-02: entering metadata and navigating away adds a history entry
[1A[2K  175) [Mobile Chrome] › src\__tests__\e2e\seo-preview.spec.ts:543:3 › E2E-F010: History Panel › E2E-F010-02: entering metadata and navigating away adds a history entry 

    Error: worker process exited unexpectedly (code=3221225794, signal=null)


[1A[2K[197/265] [Mobile Chrome] › src\__tests__\e2e\seo-preview.spec.ts:621:3 › E2E-F011: Bulk CSV Analysis › E2E-F011-02: CSV upload input is present on the bulk page
[1A[2K  176) [Mobile Chrome] › src\__tests__\e2e\seo-preview.spec.ts:621:3 › E2E-F011: Bulk CSV Analysis › E2E-F011-02: CSV upload input is present on the bulk page 

    Error: worker process exited unexpectedly (code=3221225794, signal=null)


[1A[2K[198/265] [Mobile Chrome] › src\__tests__\e2e\seo-preview.spec.ts:599:3 › E2E-F011: Bulk CSV Analysis › E2E-F011-01: bulk analysis page or section loads without errors
[1A[2K  177) [Mobile Chrome] › src\__tests__\e2e\seo-preview.spec.ts:599:3 › E2E-F011: Bulk CSV Analysis › E2E-F011-01: bulk analysis page or section loads without errors 

    Error: worker process exited unexpectedly (code=3221225794, signal=null)


[1A[2K[199/265] [Mobile Chrome] › src\__tests__\e2e\seo-preview.spec.ts:679:3 › E2E-F012: URL Validation › E2E-F012-01: entering an invalid URL shows an error message
[1A[2K  178) [Mobile Chrome] › src\__tests__\e2e\seo-preview.spec.ts:679:3 › E2E-F012: URL Validation › E2E-F012-01: entering an invalid URL shows an error message 

    Error: worker process exited unexpectedly (code=3221225794, signal=null)


[1A[2K[200/265] [Mobile Chrome] › src\__tests__\e2e\seo-preview.spec.ts:643:3 › E2E-F011: Bulk CSV Analysis › E2E-F011-03: example CSV download link is present
[1A[2K  179) [Mobile Chrome] › src\__tests__\e2e\seo-preview.spec.ts:643:3 › E2E-F011: Bulk CSV Analysis › E2E-F011-03: example CSV download link is present 

    Error: worker process exited unexpectedly (code=3221225794, signal=null)


[1A[2K[201/265] [Mobile Chrome] › src\__tests__\e2e\seo-preview.spec.ts:705:3 › E2E-F012: URL Validation › E2E-F012-03: valid HTTPS URL updates the breadcrumb in the preview
[1A[2K  180) [Mobile Chrome] › src\__tests__\e2e\seo-preview.spec.ts:705:3 › E2E-F012: URL Validation › E2E-F012-03: valid HTTPS URL updates the breadcrumb in the preview 

    Error: worker process exited unexpectedly (code=3221225794, signal=null)


[1A[2K[202/265] [Mobile Chrome] › src\__tests__\e2e\seo-preview.spec.ts:690:3 › E2E-F012: URL Validation › E2E-F012-02: entering a valid URL clears the URL error
[1A[2K  181) [Mobile Chrome] › src\__tests__\e2e\seo-preview.spec.ts:690:3 › E2E-F012: URL Validation › E2E-F012-02: entering a valid URL clears the URL error 

    Error: worker process exited unexpectedly (code=3221225794, signal=null)


[1A[2K[203/265] [Mobile Chrome] › src\__tests__\e2e\seo-preview.spec.ts:732:3 › E2E-A11Y: Accessibility › E2E-A11Y-02: all form inputs have accessible labels
[1A[2K  182) [Mobile Chrome] › src\__tests__\e2e\seo-preview.spec.ts:732:3 › E2E-A11Y: Accessibility › E2E-A11Y-02: all form inputs have accessible labels 

    Error: worker process exited unexpectedly (code=3221225794, signal=null)


[1A[2K[204/265] [Mobile Chrome] › src\__tests__\e2e\seo-preview.spec.ts:725:3 › E2E-A11Y: Accessibility › E2E-A11Y-01: page has no heading-level skips (h1 is present)
[1A[2K  183) [Mobile Chrome] › src\__tests__\e2e\seo-preview.spec.ts:725:3 › E2E-A11Y: Accessibility › E2E-A11Y-01: page has no heading-level skips (h1 is present) 

    Error: worker process exited unexpectedly (code=3221225794, signal=null)


[1A[2K[205/265] [Mobile Chrome] › src\__tests__\e2e\seo-preview.spec.ts:748:3 › E2E-A11Y: Accessibility › E2E-A11Y-04: page is keyboard-navigable (Tab reaches the title field)
[1A[2K  184) [Mobile Chrome] › src\__tests__\e2e\seo-preview.spec.ts:748:3 › E2E-A11Y: Accessibility › E2E-A11Y-04: page is keyboard-navigable (Tab reaches the title field) 

    Error: worker process exited unexpectedly (code=3221225794, signal=null)


[1A[2K[206/265] [Mobile Chrome] › src\__tests__\e2e\seo-preview.spec.ts:741:3 › E2E-A11Y: Accessibility › E2E-A11Y-03: score progress bar has aria-valuenow attribute
[1A[2K  185) [Mobile Chrome] › src\__tests__\e2e\seo-preview.spec.ts:741:3 › E2E-A11Y: Accessibility › E2E-A11Y-03: score progress bar has aria-valuenow attribute 

    Error: worker process exited unexpectedly (code=3221225794, signal=null)


[1A[2K[207/265] [Mobile Chrome] › src\__tests__\e2e\seo-preview.spec.ts:773:3 › E2E-A11Y: Accessibility › E2E-A11Y-06: images (if any) have alt text
[1A[2K  186) [Mobile Chrome] › src\__tests__\e2e\seo-preview.spec.ts:773:3 › E2E-A11Y: Accessibility › E2E-A11Y-06: images (if any) have alt text 

    Error: worker process exited unexpectedly (code=3221225794, signal=null)


[1A[2K[208/265] [Mobile Chrome] › src\__tests__\e2e\seo-preview.spec.ts:765:3 › E2E-A11Y: Accessibility › E2E-A11Y-05: page has appropriate lang attribute on <html>
[1A[2K  187) [Mobile Chrome] › src\__tests__\e2e\seo-preview.spec.ts:765:3 › E2E-A11Y: Accessibility › E2E-A11Y-05: page has appropriate lang attribute on <html> 

    Error: worker process exited unexpectedly (code=3221225794, signal=null)


[1A[2K  188) [Mobile Chrome] › src\__tests__\e2e\seo-preview.spec.ts:70:3 › E2E-F001: Meta Input Form › E2E-F001-06: clearing the title shows Untitled fallback in preview 

    [31mTest timeout of 30000ms exceeded.[39m

    Error: locator.clear: Test timeout of 30000ms exceeded.
    Call log:
    [2m  - waiting for getByLabel(/page title/i)[22m


      72 |   }) => {
      73 |     const titleInput = page.getByLabel(/page title/i);
    > 74 |     await titleInput.clear();
         |                      ^
      75 |
      76 |     await expect(page.getByText("Untitled").first()).toBeVisible();
      77 |   });
        at C:\Users\Kenny\projects\seo-meta-preview-scorer\src\__tests__\e2e\seo-preview.spec.ts:74:22

    Error Context: test-results\seo-preview-E2E-F001-Meta--cfc89-ntitled-fallback-in-preview-Mobile-Chrome\error-context.md


[1A[2K[209/265] [Mobile Chrome] › src\__tests__\e2e\seo-preview.spec.ts:815:3 › Navigation & Header › embed link is in the header nav
[1A[2K  189) [Mobile Chrome] › src\__tests__\e2e\seo-preview.spec.ts:815:3 › Navigation & Header › embed link is in the header nav 

    Error: worker process exited unexpectedly (code=3221225794, signal=null)


[1A[2K[210/265] [Mobile Chrome] › src\__tests__\e2e\seo-preview.spec.ts:784:3 › E2E-A11Y: Accessibility › E2E-A11Y-07: interactive buttons have discernible text or aria-label
[1A[2K  190) [Mobile Chrome] › src\__tests__\e2e\seo-preview.spec.ts:784:3 › E2E-A11Y: Accessibility › E2E-A11Y-07: interactive buttons have discernible text or aria-label 

    Error: worker process exited unexpectedly (code=3221225794, signal=null)


[1A[2K[211/265] [Mobile Chrome] › src\__tests__\e2e\seo-preview.spec.ts:832:3 › Footer › footer contains privacy-centric copy
[1A[2K  191) [Mobile Chrome] › src\__tests__\e2e\seo-preview.spec.ts:832:3 › Footer › footer contains privacy-centric copy 

    Error: worker process exited unexpectedly (code=3221225794, signal=null)


[1A[2K[212/265] [Mobile Safari] › src\__tests__\e2e\seo-preview.spec.ts:21:3 › E2E-F001: Meta Input Form › E2E-F001-01: page title contains the app name
[1A[2K  192) [Mobile Safari] › src\__tests__\e2e\seo-preview.spec.ts:21:3 › E2E-F001: Meta Input Form › E2E-F001-01: page title contains the app name 

    Error: worker process exited unexpectedly (code=3221225794, signal=null)


[1A[2K[213/265] [Mobile Safari] › src\__tests__\e2e\seo-preview.spec.ts:31:3 › E2E-F001: Meta Input Form › E2E-F001-03: all four input fields are present and pre-filled
[1A[2K  193) [Mobile Safari] › src\__tests__\e2e\seo-preview.spec.ts:31:3 › E2E-F001: Meta Input Form › E2E-F001-03: all four input fields are present and pre-filled 

    Error: worker process exited unexpectedly (code=3221225794, signal=null)


[1A[2K[214/265] [Mobile Chrome] › src\__tests__\e2e\seo-preview.spec.ts:820:3 › Navigation & Header › subtitle text is visible
[1A[2K  194) [Mobile Chrome] › src\__tests__\e2e\seo-preview.spec.ts:820:3 › Navigation & Header › subtitle text is visible 

    Error: worker process exited unexpectedly (code=3221225794, signal=null)


[1A[2K[215/265] [Mobile Safari] › src\__tests__\e2e\seo-preview.spec.ts:25:3 › E2E-F001: Meta Input Form › E2E-F001-02: h1 heading is visible on load
[1A[2K  195) [Mobile Safari] › src\__tests__\e2e\seo-preview.spec.ts:25:3 › E2E-F001: Meta Input Form › E2E-F001-02: h1 heading is visible on load 

    Error: worker process exited unexpectedly (code=3221225794, signal=null)


[1A[2K[216/265] [Mobile Safari] › src\__tests__\e2e\seo-preview.spec.ts:70:3 › E2E-F001: Meta Input Form › E2E-F001-06: clearing the title shows Untitled fallback in preview
[1A[2K  196) [Mobile Safari] › src\__tests__\e2e\seo-preview.spec.ts:70:3 › E2E-F001: Meta Input Form › E2E-F001-06: clearing the title shows Untitled fallback in preview 

    Error: worker process exited unexpectedly (code=3221225794, signal=null)


[1A[2K[217/265] [Mobile Safari] › src\__tests__\e2e\seo-preview.spec.ts:44:3 › E2E-F001: Meta Input Form › E2E-F001-04: typing a new title updates the Google Desktop preview
[1A[2K  197) [Mobile Safari] › src\__tests__\e2e\seo-preview.spec.ts:44:3 › E2E-F001: Meta Input Form › E2E-F001-04: typing a new title updates the Google Desktop preview 

    Error: worker process exited unexpectedly (code=3221225794, signal=null)


[1A[2K[218/265] [Mobile Safari] › src\__tests__\e2e\seo-preview.spec.ts:56:3 › E2E-F001: Meta Input Form › E2E-F001-05: typing a new description updates the preview area
[1A[2K  198) [Mobile Safari] › src\__tests__\e2e\seo-preview.spec.ts:56:3 › E2E-F001: Meta Input Form › E2E-F001-05: typing a new description updates the preview area 

    Error: worker process exited unexpectedly (code=3221225794, signal=null)


[1A[2K[219/265] [Mobile Safari] › src\__tests__\e2e\seo-preview.spec.ts:79:3 › E2E-F001: Meta Input Form › E2E-F001-07: character counter updates as user types in the title field
[1A[2K  199) [Mobile Safari] › src\__tests__\e2e\seo-preview.spec.ts:79:3 › E2E-F001: Meta Input Form › E2E-F001-07: character counter updates as user types in the title field 

    Error: worker process exited unexpectedly (code=3221225794, signal=null)


[1A[2K[220/265] [Mobile Safari] › src\__tests__\e2e\seo-preview.spec.ts:99:3 › E2E-F002: Google Desktop Preview › E2E-F002-01: Google Desktop preview tab is present and active by default
[1A[2K  200) [Mobile Safari] › src\__tests__\e2e\seo-preview.spec.ts:99:3 › E2E-F002: Google Desktop Preview › E2E-F002-01: Google Desktop preview tab is present and active by default 

    Error: worker process exited unexpectedly (code=3221225794, signal=null)


[1A[2K[221/265] [Mobile Safari] › src\__tests__\e2e\seo-preview.spec.ts:108:3 › E2E-F002: Google Desktop Preview › E2E-F002-02: breadcrumb URL is shown in the preview
[1A[2K  201) [Mobile Safari] › src\__tests__\e2e\seo-preview.spec.ts:108:3 › E2E-F002: Google Desktop Preview › E2E-F002-02: breadcrumb URL is shown in the preview 

    Error: worker process exited unexpectedly (code=3221225794, signal=null)


[1A[2K[222/265] [Mobile Safari] › src\__tests__\e2e\seo-preview.spec.ts:119:3 › E2E-F002: Google Desktop Preview › E2E-F002-03: title is truncated at 60 chars in Google Desktop preview
[1A[2K  202) [Mobile Safari] › src\__tests__\e2e\seo-preview.spec.ts:119:3 › E2E-F002: Google Desktop Preview › E2E-F002-03: title is truncated at 60 chars in Google Desktop preview 

    Error: worker process exited unexpectedly (code=3221225794, signal=null)


[1A[2K[223/265] [Mobile Safari] › src\__tests__\e2e\seo-preview.spec.ts:137:3 › E2E-F002: Google Desktop Preview › E2E-F002-04: description is shown below the title in the SERP preview
[1A[2K  203) [Mobile Safari] › src\__tests__\e2e\seo-preview.spec.ts:137:3 › E2E-F002: Google Desktop Preview › E2E-F002-04: description is shown below the title in the SERP preview 

    Error: worker process exited unexpectedly (code=3221225794, signal=null)


[1A[2K[224/265] [Mobile Safari] › src\__tests__\e2e\seo-preview.spec.ts:151:3 › E2E-F002: Google Desktop Preview › E2E-F002-05: keyword is highlighted in the preview
[1A[2K  204) [Mobile Safari] › src\__tests__\e2e\seo-preview.spec.ts:151:3 › E2E-F002: Google Desktop Preview › E2E-F002-05: keyword is highlighted in the preview 

    Error: worker process exited unexpectedly (code=3221225794, signal=null)


[1A[2K  205) [Mobile Chrome] › src\__tests__\e2e\seo-preview.spec.ts:79:3 › E2E-F001: Meta Input Form › E2E-F001-07: character counter updates as user types in the title field 

    [31mTest timeout of 30000ms exceeded.[39m

    Error: locator.clear: Test timeout of 30000ms exceeded.
    Call log:
    [2m  - waiting for getByLabel(/page title/i)[22m


      81 |   }) => {
      82 |     const titleInput = page.getByLabel(/page title/i);
    > 83 |     await titleInput.clear();
         |                      ^
      84 |     await titleInput.fill("Hello"); // 5 characters
      85 |
      86 |     await expect(page.getByLabel("5 characters")).toBeVisible();
        at C:\Users\Kenny\projects\seo-meta-preview-scorer\src\__tests__\e2e\seo-preview.spec.ts:83:22

    Error Context: test-results\seo-preview-E2E-F001-Meta--17768-er-types-in-the-title-field-Mobile-Chrome\error-context.md


[1A[2K[225/265] [Mobile Safari] › src\__tests__\e2e\seo-preview.spec.ts:176:3 › E2E-F003: Google Mobile Preview › E2E-F003-01: mobile truncation warning appears when title exceeds 50 chars
[1A[2K  206) [Mobile Safari] › src\__tests__\e2e\seo-preview.spec.ts:176:3 › E2E-F003: Google Mobile Preview › E2E-F003-01: mobile truncation warning appears when title exceeds 50 chars 

    Error: worker process exited unexpectedly (code=3221225794, signal=null)


[1A[2K[226/265] [Mobile Safari] › src\__tests__\e2e\seo-preview.spec.ts:208:3 › E2E-F004: Score Dashboard › E2E-F004-01: Overall SEO Score heading is visible
[1A[2K  207) [Mobile Safari] › src\__tests__\e2e\seo-preview.spec.ts:208:3 › E2E-F004: Score Dashboard › E2E-F004-01: Overall SEO Score heading is visible 

    Error: worker process exited unexpectedly (code=3221225794, signal=null)


[1A[2K[227/265] [Mobile Safari] › src\__tests__\e2e\seo-preview.spec.ts:186:3 › E2E-F003: Google Mobile Preview › E2E-F003-02: no mobile truncation warning when title is within 50 chars
[1A[2K  208) [Mobile Safari] › src\__tests__\e2e\seo-preview.spec.ts:186:3 › E2E-F003: Google Mobile Preview › E2E-F003-02: no mobile truncation warning when title is within 50 chars 

    Error: worker process exited unexpectedly (code=3221225794, signal=null)


[1A[2K[228/265] [Mobile Safari] › src\__tests__\e2e\seo-preview.spec.ts:214:3 › E2E-F004: Score Dashboard › E2E-F004-02: /100 suffix is shown in the gauge
[1A[2K  209) [Mobile Safari] › src\__tests__\e2e\seo-preview.spec.ts:214:3 › E2E-F004: Score Dashboard › E2E-F004-02: /100 suffix is shown in the gauge 

    Error: worker process exited unexpectedly (code=3221225794, signal=null)


[1A[2K[229/265] [Mobile Safari] › src\__tests__\e2e\seo-preview.spec.ts:226:3 › E2E-F004: Score Dashboard › E2E-F004-04: score updates when metadata changes
[1A[2K  210) [Mobile Safari] › src\__tests__\e2e\seo-preview.spec.ts:226:3 › E2E-F004: Score Dashboard › E2E-F004-04: score updates when metadata changes 

    Error: worker process exited unexpectedly (code=3221225794, signal=null)


[1A[2K[230/265] [Mobile Safari] › src\__tests__\e2e\seo-preview.spec.ts:258:3 › E2E-F004: Score Dashboard › E2E-F004-05: empty title and description results in a low/zero score
[1A[2K  211) [Mobile Safari] › src\__tests__\e2e\seo-preview.spec.ts:258:3 › E2E-F004: Score Dashboard › E2E-F004-05: empty title and description results in a low/zero score 

    Error: worker process exited unexpectedly (code=3221225794, signal=null)


[1A[2K[231/265] [Mobile Safari] › src\__tests__\e2e\seo-preview.spec.ts:293:3 › E2E-F005: Bing Preview Tab › E2E-F005-02: Bing preview shows title with 65-char truncation
[1A[2K  212) [Mobile Safari] › src\__tests__\e2e\seo-preview.spec.ts:293:3 › E2E-F005: Bing Preview Tab › E2E-F005-02: Bing preview shows title with 65-char truncation 

    Error: worker process exited unexpectedly (code=3221225794, signal=null)


[1A[2K[232/265] [Mobile Safari] › src\__tests__\e2e\seo-preview.spec.ts:324:3 › E2E-F006: Social / OG Card Preview › E2E-F006-01: social card preview tab or section is present
[1A[2K  213) [Mobile Safari] › src\__tests__\e2e\seo-preview.spec.ts:324:3 › E2E-F006: Social / OG Card Preview › E2E-F006-01: social card preview tab or section is present 

    Error: worker process exited unexpectedly (code=3221225794, signal=null)


[1A[2K[233/265] [Mobile Safari] › src\__tests__\e2e\seo-preview.spec.ts:281:3 › E2E-F005: Bing Preview Tab › E2E-F005-01: clicking the Bing preview tab shows the Bing preview
[1A[2K  214) [Mobile Safari] › src\__tests__\e2e\seo-preview.spec.ts:281:3 › E2E-F005: Bing Preview Tab › E2E-F005-01: clicking the Bing preview tab shows the Bing preview 

    Error: worker process exited unexpectedly (code=3221225794, signal=null)


[1A[2K[234/265] [Mobile Safari] › src\__tests__\e2e\seo-preview.spec.ts:341:3 › E2E-F006: Social / OG Card Preview › E2E-F006-02: social card displays the page title
[1A[2K  215) [Mobile Safari] › src\__tests__\e2e\seo-preview.spec.ts:341:3 › E2E-F006: Social / OG Card Preview › E2E-F006-02: social card displays the page title 

    Error: worker process exited unexpectedly (code=3221225794, signal=null)


[1A[2K[235/265] [Mobile Safari] › src\__tests__\e2e\seo-preview.spec.ts:374:3 › E2E-F007: Screenshot Export › E2E-F007-02: clicking Export PNG does not navigate away from the page
[1A[2K  216) [Mobile Safari] › src\__tests__\e2e\seo-preview.spec.ts:374:3 › E2E-F007: Screenshot Export › E2E-F007-02: clicking Export PNG does not navigate away from the page 

    Error: worker process exited unexpectedly (code=3221225794, signal=null)


[1A[2K[236/265] [Mobile Safari] › src\__tests__\e2e\seo-preview.spec.ts:368:3 › E2E-F007: Screenshot Export › E2E-F007-01: Export PNG button is rendered
[1A[2K  217) [Mobile Safari] › src\__tests__\e2e\seo-preview.spec.ts:368:3 › E2E-F007: Screenshot Export › E2E-F007-01: Export PNG button is rendered 

    Error: worker process exited unexpectedly (code=3221225794, signal=null)


[1A[2K[237/265] [Mobile Safari] › src\__tests__\e2e\seo-preview.spec.ts:390:3 › E2E-F008: Embeddable Widget › E2E-F008-01: embed page loads without errors
[1A[2K  218) [Mobile Safari] › src\__tests__\e2e\seo-preview.spec.ts:390:3 › E2E-F008: Embeddable Widget › E2E-F008-01: embed page loads without errors 

    Error: worker process exited unexpectedly (code=3221225794, signal=null)


[1A[2K[238/265] [Mobile Safari] › src\__tests__\e2e\seo-preview.spec.ts:218:3 › E2E-F004: Score Dashboard › E2E-F004-03: Title, Description, and Keyword score cards are rendered
[1A[2K  219) [Mobile Safari] › src\__tests__\e2e\seo-preview.spec.ts:218:3 › E2E-F004: Score Dashboard › E2E-F004-03: Title, Description, and Keyword score cards are rendered 

    Error: worker process exited unexpectedly (code=3221225794, signal=null)


[1A[2K[239/265] [Mobile Safari] › src\__tests__\e2e\seo-preview.spec.ts:401:3 › E2E-F008: Embeddable Widget › E2E-F008-03: embed page accepts query-param options without crashing
[1A[2K  220) [Mobile Safari] › src\__tests__\e2e\seo-preview.spec.ts:401:3 › E2E-F008: Embeddable Widget › E2E-F008-03: embed page accepts query-param options without crashing 

    Error: worker process exited unexpectedly (code=3221225794, signal=null)


[1A[2K[240/265] [Mobile Safari] › src\__tests__\e2e\seo-preview.spec.ts:395:3 › E2E-F008: Embeddable Widget › E2E-F008-02: embed link is in the header nav
[1A[2K  221) [Mobile Safari] › src\__tests__\e2e\seo-preview.spec.ts:395:3 › E2E-F008: Embeddable Widget › E2E-F008-02: embed link is in the header nav 

    Error: worker process exited unexpectedly (code=3221225794, signal=null)


[1A[2K[241/265] [Mobile Safari] › src\__tests__\e2e\seo-preview.spec.ts:421:3 › E2E-F008: Embeddable Widget › E2E-F008-05: navigating to embed link from header reaches /embed
[1A[2K  222) [Mobile Safari] › src\__tests__\e2e\seo-preview.spec.ts:421:3 › E2E-F008: Embeddable Widget › E2E-F008-05: navigating to embed link from header reaches /embed 

    Error: worker process exited unexpectedly (code=3221225794, signal=null)


[1A[2K[242/265] [Mobile Safari] › src\__tests__\e2e\seo-preview.spec.ts:457:3 › E2E-F009: Dark Mode / Theme Toggle › E2E-F009-02: clicking the theme toggle changes the color scheme
[1A[2K  223) [Mobile Safari] › src\__tests__\e2e\seo-preview.spec.ts:457:3 › E2E-F009: Dark Mode / Theme Toggle › E2E-F009-02: clicking the theme toggle changes the color scheme 

    Error: worker process exited unexpectedly (code=3221225794, signal=null)


[1A[2K[243/265] [Mobile Safari] › src\__tests__\e2e\seo-preview.spec.ts:412:3 › E2E-F008: Embeddable Widget › E2E-F008-04: embed page shows the SEO preview widget
[1A[2K  224) [Mobile Safari] › src\__tests__\e2e\seo-preview.spec.ts:412:3 › E2E-F008: Embeddable Widget › E2E-F008-04: embed page shows the SEO preview widget 

    Error: worker process exited unexpectedly (code=3221225794, signal=null)


[1A[2K[244/265] [Mobile Safari] › src\__tests__\e2e\seo-preview.spec.ts:440:3 › E2E-F009: Dark Mode / Theme Toggle › E2E-F009-01: theme toggle button is visible in the header
[1A[2K  225) [Mobile Safari] › src\__tests__\e2e\seo-preview.spec.ts:440:3 › E2E-F009: Dark Mode / Theme Toggle › E2E-F009-01: theme toggle button is visible in the header 

    Error: worker process exited unexpectedly (code=3221225794, signal=null)


[1A[2K[245/265] [Mobile Safari] › src\__tests__\e2e\seo-preview.spec.ts:490:3 › E2E-F009: Dark Mode / Theme Toggle › E2E-F009-03: page renders correctly in dark mode
[1A[2K  226) [Mobile Safari] › src\__tests__\e2e\seo-preview.spec.ts:490:3 › E2E-F009: Dark Mode / Theme Toggle › E2E-F009-03: page renders correctly in dark mode 

    Error: worker process exited unexpectedly (code=3221225794, signal=null)


[1A[2K[246/265] [Mobile Safari] › src\__tests__\e2e\seo-preview.spec.ts:520:3 › E2E-F010: History Panel › E2E-F010-01: history button or panel is accessible in the UI
[1A[2K  227) [Mobile Safari] › src\__tests__\e2e\seo-preview.spec.ts:520:3 › E2E-F010: History Panel › E2E-F010-01: history button or panel is accessible in the UI 

    Error: worker process exited unexpectedly (code=3221225794, signal=null)


[1A[2K[247/265] [Mobile Safari] › src\__tests__\e2e\seo-preview.spec.ts:543:3 › E2E-F010: History Panel › E2E-F010-02: entering metadata and navigating away adds a history entry
[1A[2K  228) [Mobile Safari] › src\__tests__\e2e\seo-preview.spec.ts:543:3 › E2E-F010: History Panel › E2E-F010-02: entering metadata and navigating away adds a history entry 

    Error: worker process exited unexpectedly (code=3221225794, signal=null)


[1A[2K[248/265] [Mobile Safari] › src\__tests__\e2e\seo-preview.spec.ts:567:3 › E2E-F010: History Panel › E2E-F010-03: history entries can be deleted
[1A[2K  229) [Mobile Safari] › src\__tests__\e2e\seo-preview.spec.ts:567:3 › E2E-F010: History Panel › E2E-F010-03: history entries can be deleted 

    Error: worker process exited unexpectedly (code=3221225794, signal=null)


[1A[2K[249/265] [Mobile Safari] › src\__tests__\e2e\seo-preview.spec.ts:500:3 › E2E-F009: Dark Mode / Theme Toggle › E2E-F009-04: page renders correctly in light mode
[1A[2K  230) [Mobile Safari] › src\__tests__\e2e\seo-preview.spec.ts:500:3 › E2E-F009: Dark Mode / Theme Toggle › E2E-F009-04: page renders correctly in light mode 

    Error: worker process exited unexpectedly (code=3221225794, signal=null)


[1A[2K[250/265] [Mobile Safari] › src\__tests__\e2e\seo-preview.spec.ts:599:3 › E2E-F011: Bulk CSV Analysis › E2E-F011-01: bulk analysis page or section loads without errors
[1A[2K  231) [Mobile Safari] › src\__tests__\e2e\seo-preview.spec.ts:599:3 › E2E-F011: Bulk CSV Analysis › E2E-F011-01: bulk analysis page or section loads without errors 

    Error: worker process exited unexpectedly (code=3221225794, signal=null)


[1A[2K[251/265] [Mobile Safari] › src\__tests__\e2e\seo-preview.spec.ts:621:3 › E2E-F011: Bulk CSV Analysis › E2E-F011-02: CSV upload input is present on the bulk page
[1A[2K  232) [Mobile Safari] › src\__tests__\e2e\seo-preview.spec.ts:621:3 › E2E-F011: Bulk CSV Analysis › E2E-F011-02: CSV upload input is present on the bulk page 

    Error: worker process exited unexpectedly (code=3221225794, signal=null)


[1A[2K[252/265] [Mobile Safari] › src\__tests__\e2e\seo-preview.spec.ts:705:3 › E2E-F012: URL Validation › E2E-F012-03: valid HTTPS URL updates the breadcrumb in the preview
[1A[2K  233) [Mobile Safari] › src\__tests__\e2e\seo-preview.spec.ts:705:3 › E2E-F012: URL Validation › E2E-F012-03: valid HTTPS URL updates the breadcrumb in the preview 

    Error: worker process exited unexpectedly (code=3221225794, signal=null)


[1A[2K[253/265] [Mobile Safari] › src\__tests__\e2e\seo-preview.spec.ts:690:3 › E2E-F012: URL Validation › E2E-F012-02: entering a valid URL clears the URL error
[1A[2K  234) [Mobile Safari] › src\__tests__\e2e\seo-preview.spec.ts:690:3 › E2E-F012: URL Validation › E2E-F012-02: entering a valid URL clears the URL error 

    Error: worker process exited unexpectedly (code=3221225794, signal=null)


[1A[2K[254/265] [Mobile Safari] › src\__tests__\e2e\seo-preview.spec.ts:679:3 › E2E-F012: URL Validation › E2E-F012-01: entering an invalid URL shows an error message
[1A[2K  235) [Mobile Safari] › src\__tests__\e2e\seo-preview.spec.ts:679:3 › E2E-F012: URL Validation › E2E-F012-01: entering an invalid URL shows an error message 

    Error: worker process exited unexpectedly (code=3221225794, signal=null)


[1A[2K[255/265] [Mobile Safari] › src\__tests__\e2e\seo-preview.spec.ts:643:3 › E2E-F011: Bulk CSV Analysis › E2E-F011-03: example CSV download link is present
[1A[2K  236) [Mobile Safari] › src\__tests__\e2e\seo-preview.spec.ts:643:3 › E2E-F011: Bulk CSV Analysis › E2E-F011-03: example CSV download link is present 

    Error: worker process exited unexpectedly (code=3221225794, signal=null)


[1A[2K[256/265] [Mobile Safari] › src\__tests__\e2e\seo-preview.spec.ts:725:3 › E2E-A11Y: Accessibility › E2E-A11Y-01: page has no heading-level skips (h1 is present)
[1A[2K  237) [Mobile Safari] › src\__tests__\e2e\seo-preview.spec.ts:725:3 › E2E-A11Y: Accessibility › E2E-A11Y-01: page has no heading-level skips (h1 is present) 

    Error: worker process exited unexpectedly (code=3221225794, signal=null)


[1A[2K[257/265] [Mobile Safari] › src\__tests__\e2e\seo-preview.spec.ts:732:3 › E2E-A11Y: Accessibility › E2E-A11Y-02: all form inputs have accessible labels
[1A[2K  238) [Mobile Safari] › src\__tests__\e2e\seo-preview.spec.ts:732:3 › E2E-A11Y: Accessibility › E2E-A11Y-02: all form inputs have accessible labels 

    Error: worker process exited unexpectedly (code=3221225794, signal=null)


[1A[2K[258/265] [Mobile Safari] › src\__tests__\e2e\seo-preview.spec.ts:748:3 › E2E-A11Y: Accessibility › E2E-A11Y-04: page is keyboard-navigable (Tab reaches the title field)
[1A[2K  239) [Mobile Safari] › src\__tests__\e2e\seo-preview.spec.ts:748:3 › E2E-A11Y: Accessibility › E2E-A11Y-04: page is keyboard-navigable (Tab reaches the title field) 

    Error: worker process exited unexpectedly (code=3221225794, signal=null)


[1A[2K[259/265] [Mobile Safari] › src\__tests__\e2e\seo-preview.spec.ts:765:3 › E2E-A11Y: Accessibility › E2E-A11Y-05: page has appropriate lang attribute on <html>
[1A[2K  240) [Mobile Safari] › src\__tests__\e2e\seo-preview.spec.ts:765:3 › E2E-A11Y: Accessibility › E2E-A11Y-05: page has appropriate lang attribute on <html> 

    Error: worker process exited unexpectedly (code=3221225794, signal=null)


[1A[2K[260/265] [Mobile Safari] › src\__tests__\e2e\seo-preview.spec.ts:773:3 › E2E-A11Y: Accessibility › E2E-A11Y-06: images (if any) have alt text
[1A[2K  241) [Mobile Safari] › src\__tests__\e2e\seo-preview.spec.ts:773:3 › E2E-A11Y: Accessibility › E2E-A11Y-06: images (if any) have alt text 

    Error: worker process exited unexpectedly (code=3221225794, signal=null)


[1A[2K[261/265] [Mobile Safari] › src\__tests__\e2e\seo-preview.spec.ts:741:3 › E2E-A11Y: Accessibility › E2E-A11Y-03: score progress bar has aria-valuenow attribute
[1A[2K  242) [Mobile Safari] › src\__tests__\e2e\seo-preview.spec.ts:741:3 › E2E-A11Y: Accessibility › E2E-A11Y-03: score progress bar has aria-valuenow attribute 

    Error: worker process exited unexpectedly (code=3221225794, signal=null)


[1A[2K[262/265] [Mobile Safari] › src\__tests__\e2e\seo-preview.spec.ts:784:3 › E2E-A11Y: Accessibility › E2E-A11Y-07: interactive buttons have discernible text or aria-label
[1A[2K  243) [Mobile Safari] › src\__tests__\e2e\seo-preview.spec.ts:784:3 › E2E-A11Y: Accessibility › E2E-A11Y-07: interactive buttons have discernible text or aria-label 

    Error: worker process exited unexpectedly (code=3221225794, signal=null)


[1A[2K[263/265] [Mobile Safari] › src\__tests__\e2e\seo-preview.spec.ts:815:3 › Navigation & Header › embed link is in the header nav
[1A[2K  244) [Mobile Safari] › src\__tests__\e2e\seo-preview.spec.ts:815:3 › Navigation & Header › embed link is in the header nav 

    Error: worker process exited unexpectedly (code=3221225794, signal=null)


[1A[2K[264/265] [Mobile Safari] › src\__tests__\e2e\seo-preview.spec.ts:832:3 › Footer › footer contains privacy-centric copy
[1A[2K  245) [Mobile Safari] › src\__tests__\e2e\seo-preview.spec.ts:832:3 › Footer › footer contains privacy-centric copy 

    Error: worker process exited unexpectedly (code=3221225794, signal=null)


[1A[2K[265/265] [Mobile Safari] › src\__tests__\e2e\seo-preview.spec.ts:820:3 › Navigation & Header › subtitle text is visible
[1A[2K  246) [Mobile Safari] › src\__tests__\e2e\seo-preview.spec.ts:820:3 › Navigation & Header › subtitle text is visible 

    Error: worker process exited unexpectedly (code=3221225794, signal=null)


[1A[2K  247) [Mobile Chrome] › src\__tests__\e2e\seo-preview.spec.ts:119:3 › E2E-F002: Google Desktop Preview › E2E-F002-03: title is truncated at 60 chars in Google Desktop preview 

    [31mTest timeout of 30000ms exceeded.[39m

    Error: locator.clear: Test timeout of 30000ms exceeded.
    Call log:
    [2m  - waiting for getByLabel(/page title/i)[22m


      123 |     const longTitle =
      124 |       "This title is way too long and definitely exceeds sixty characters limit";
    > 125 |     await titleInput.clear();
          |                      ^
      126 |     await titleInput.fill(longTitle);
      127 |
      128 |     // The preview renders a truncated version ending with ellipsis
        at C:\Users\Kenny\projects\seo-meta-preview-scorer\src\__tests__\e2e\seo-preview.spec.ts:125:22

    Error Context: test-results\seo-preview-E2E-F002-Googl-1526a-s-in-Google-Desktop-preview-Mobile-Chrome\error-context.md


[1A[2K  248) [Mobile Chrome] › src\__tests__\e2e\seo-preview.spec.ts:108:3 › E2E-F002: Google Desktop Preview › E2E-F002-02: breadcrumb URL is shown in the preview 

    [31mTest timeout of 30000ms exceeded.[39m

    Error: locator.clear: Test timeout of 30000ms exceeded.
    Call log:
    [2m  - waiting for getByLabel(/^url$/i)[22m


      110 |   }) => {
      111 |     const urlInput = page.getByLabel(/^url$/i);
    > 112 |     await urlInput.clear();
          |                    ^
      113 |     await urlInput.fill("https://example.com/my-page");
      114 |
      115 |     // Breadcrumb should show domain
        at C:\Users\Kenny\projects\seo-meta-preview-scorer\src\__tests__\e2e\seo-preview.spec.ts:112:20

    Error Context: test-results\seo-preview-E2E-F002-Googl-1bdc5-URL-is-shown-in-the-preview-Mobile-Chrome\error-context.md


[1A[2K  249) [Mobile Chrome] › src\__tests__\e2e\seo-preview.spec.ts:137:3 › E2E-F002: Google Desktop Preview › E2E-F002-04: description is shown below the title in the SERP preview 

    [31mTest timeout of 30000ms exceeded.[39m

    Error: locator.clear: Test timeout of 30000ms exceeded.
    Call log:
    [2m  - waiting for getByLabel(/meta description/i)[22m


      139 |   }) => {
      140 |     const descInput = page.getByLabel(/meta description/i);
    > 141 |     await descInput.clear();
          |                     ^
      142 |     await descInput.fill("A perfectly crafted meta description for testing.");
      143 |
      144 |     await expect(
        at C:\Users\Kenny\projects\seo-meta-preview-scorer\src\__tests__\e2e\seo-preview.spec.ts:141:21

    Error Context: test-results\seo-preview-E2E-F002-Googl-d1eea-e-title-in-the-SERP-preview-Mobile-Chrome\error-context.md


[1A[2K  250) [Mobile Chrome] › src\__tests__\e2e\seo-preview.spec.ts:151:3 › E2E-F002: Google Desktop Preview › E2E-F002-05: keyword is highlighted in the preview 

    [31mTest timeout of 30000ms exceeded.[39m

    Error: locator.clear: Test timeout of 30000ms exceeded.
    Call log:
    [2m  - waiting for getByLabel(/page title/i)[22m


      155 |     const kwInput = page.getByLabel(/primary keyword/i);
      156 |
    > 157 |     await titleInput.clear();
          |                      ^
      158 |     await titleInput.fill("Best SEO Guide for Beginners");
      159 |     await kwInput.clear();
      160 |     await kwInput.fill("SEO Guide");
        at C:\Users\Kenny\projects\seo-meta-preview-scorer\src\__tests__\e2e\seo-preview.spec.ts:157:22

    Error Context: test-results\seo-preview-E2E-F002-Googl-90352--highlighted-in-the-preview-Mobile-Chrome\error-context.md


[1A[2K  250 failed
    [chromium] › src\__tests__\e2e\seo-preview.spec.ts:21:3 › E2E-F001: Meta Input Form › E2E-F001-01: page title contains the app name 
    [chromium] › src\__tests__\e2e\seo-preview.spec.ts:25:3 › E2E-F001: Meta Input Form › E2E-F001-02: h1 heading is visible on load 
    [chromium] › src\__tests__\e2e\seo-preview.spec.ts:31:3 › E2E-F001: Meta Input Form › E2E-F001-03: all four input fields are present and pre-filled 
    [chromium] › src\__tests__\e2e\seo-preview.spec.ts:44:3 › E2E-F001: Meta Input Form › E2E-F001-04: typing a new title updates the Google Desktop preview 
    [chromium] › src\__tests__\e2e\seo-preview.spec.ts:56:3 › E2E-F001: Meta Input Form › E2E-F001-05: typing a new description updates the preview area 
    [chromium] › src\__tests__\e2e\seo-preview.spec.ts:70:3 › E2E-F001: Meta Input Form › E2E-F001-06: clearing the title shows Untitled fallback in preview 
    [chromium] › src\__tests__\e2e\seo-preview.spec.ts:79:3 › E2E-F001: Meta Input Form › E2E-F001-07: character counter updates as user types in the title field 
    [chromium] › src\__tests__\e2e\seo-preview.spec.ts:99:3 › E2E-F002: Google Desktop Preview › E2E-F002-01: Google Desktop preview tab is present and active by default 
    [chromium] › src\__tests__\e2e\seo-preview.spec.ts:108:3 › E2E-F002: Google Desktop Preview › E2E-F002-02: breadcrumb URL is shown in the preview 
    [chromium] › src\__tests__\e2e\seo-preview.spec.ts:119:3 › E2E-F002: Google Desktop Preview › E2E-F002-03: title is truncated at 60 chars in Google Desktop preview 
    [chromium] › src\__tests__\e2e\seo-preview.spec.ts:137:3 › E2E-F002: Google Desktop Preview › E2E-F002-04: description is shown below the title in the SERP preview 
    [chromium] › src\__tests__\e2e\seo-preview.spec.ts:151:3 › E2E-F002: Google Desktop Preview › E2E-F002-05: keyword is highlighted in the preview 
    [chromium] › src\__tests__\e2e\seo-preview.spec.ts:176:3 › E2E-F003: Google Mobile Preview › E2E-F003-01: mobile truncation warning appears when title exceeds 50 chars 
    [chromium] › src\__tests__\e2e\seo-preview.spec.ts:186:3 › E2E-F003: Google Mobile Preview › E2E-F003-02: no mobile truncation warning when title is within 50 chars 
    [chromium] › src\__tests__\e2e\seo-preview.spec.ts:208:3 › E2E-F004: Score Dashboard › E2E-F004-01: Overall SEO Score heading is visible 
    [chromium] › src\__tests__\e2e\seo-preview.spec.ts:214:3 › E2E-F004: Score Dashboard › E2E-F004-02: /100 suffix is shown in the gauge 
    [chromium] › src\__tests__\e2e\seo-preview.spec.ts:218:3 › E2E-F004: Score Dashboard › E2E-F004-03: Title, Description, and Keyword score cards are rendered 
    [chromium] › src\__tests__\e2e\seo-preview.spec.ts:226:3 › E2E-F004: Score Dashboard › E2E-F004-04: score updates when metadata changes 
    [chromium] › src\__tests__\e2e\seo-preview.spec.ts:258:3 › E2E-F004: Score Dashboard › E2E-F004-05: empty title and description results in a low/zero score 
    [chromium] › src\__tests__\e2e\seo-preview.spec.ts:324:3 › E2E-F006: Social / OG Card Preview › E2E-F006-01: social card preview tab or section is present 
    [chromium] › src\__tests__\e2e\seo-preview.spec.ts:341:3 › E2E-F006: Social / OG Card Preview › E2E-F006-02: social card displays the page title 
    [chromium] › src\__tests__\e2e\seo-preview.spec.ts:368:3 › E2E-F007: Screenshot Export › E2E-F007-01: Export PNG button is rendered 
    [chromium] › src\__tests__\e2e\seo-preview.spec.ts:374:3 › E2E-F007: Screenshot Export › E2E-F007-02: clicking Export PNG does not navigate away from the page 
    [chromium] › src\__tests__\e2e\seo-preview.spec.ts:395:3 › E2E-F008: Embeddable Widget › E2E-F008-02: embed link is in the header nav 
    [chromium] › src\__tests__\e2e\seo-preview.spec.ts:421:3 › E2E-F008: Embeddable Widget › E2E-F008-05: navigating to embed link from header reaches /embed 
    [chromium] › src\__tests__\e2e\seo-preview.spec.ts:490:3 › E2E-F009: Dark Mode / Theme Toggle › E2E-F009-03: page renders correctly in dark mode 
    [chromium] › src\__tests__\e2e\seo-preview.spec.ts:500:3 › E2E-F009: Dark Mode / Theme Toggle › E2E-F009-04: page renders correctly in light mode 
    [chromium] › src\__tests__\e2e\seo-preview.spec.ts:543:3 › E2E-F010: History Panel › E2E-F010-02: entering metadata and navigating away adds a history entry 
    [chromium] › src\__tests__\e2e\seo-preview.spec.ts:567:3 › E2E-F010: History Panel › E2E-F010-03: history entries can be deleted 
    [chromium] › src\__tests__\e2e\seo-preview.spec.ts:679:3 › E2E-F012: URL Validation › E2E-F012-01: entering an invalid URL shows an error message 
    [chromium] › src\__tests__\e2e\seo-preview.spec.ts:690:3 › E2E-F012: URL Validation › E2E-F012-02: entering a valid URL clears the URL error 
    [chromium] › src\__tests__\e2e\seo-preview.spec.ts:705:3 › E2E-F012: URL Validation › E2E-F012-03: valid HTTPS URL updates the breadcrumb in the preview 
    [chromium] › src\__tests__\e2e\seo-preview.spec.ts:732:3 › E2E-A11Y: Accessibility › E2E-A11Y-02: all form inputs have accessible labels 
    [chromium] › src\__tests__\e2e\seo-preview.spec.ts:741:3 › E2E-A11Y: Accessibility › E2E-A11Y-03: score progress bar has aria-valuenow attribute 
    [chromium] › src\__tests__\e2e\seo-preview.spec.ts:748:3 › E2E-A11Y: Accessibility › E2E-A11Y-04: page is keyboard-navigable (Tab reaches the title field) 
    [chromium] › src\__tests__\e2e\seo-preview.spec.ts:815:3 › Navigation & Header › embed link is in the header nav 
    [chromium] › src\__tests__\e2e\seo-preview.spec.ts:820:3 › Navigation & Header › subtitle text is visible 
    [chromium] › src\__tests__\e2e\seo-preview.spec.ts:832:3 › Footer › footer contains privacy-centric copy 
    [firefox] › src\__tests__\e2e\seo-preview.spec.ts:21:3 › E2E-F001: Meta Input Form › E2E-F001-01: page title contains the app name 
    [firefox] › src\__tests__\e2e\seo-preview.spec.ts:25:3 › E2E-F001: Meta Input Form › E2E-F001-02: h1 heading is visible on load 
    [firefox] › src\__tests__\e2e\seo-preview.spec.ts:31:3 › E2E-F001: Meta Input Form › E2E-F001-03: all four input fields are present and pre-filled 
    [firefox] › src\__tests__\e2e\seo-preview.spec.ts:44:3 › E2E-F001: Meta Input Form › E2E-F001-04: typing a new title updates the Google Desktop preview 
    [firefox] › src\__tests__\e2e\seo-preview.spec.ts:56:3 › E2E-F001: Meta Input Form › E2E-F001-05: typing a new description updates the preview area 
    [firefox] › src\__tests__\e2e\seo-preview.spec.ts:70:3 › E2E-F001: Meta Input Form › E2E-F001-06: clearing the title shows Untitled fallback in preview 
    [firefox] › src\__tests__\e2e\seo-preview.spec.ts:79:3 › E2E-F001: Meta Input Form › E2E-F001-07: character counter updates as user types in the title field 
    [firefox] › src\__tests__\e2e\seo-preview.spec.ts:99:3 › E2E-F002: Google Desktop Preview › E2E-F002-01: Google Desktop preview tab is present and active by default 
    [firefox] › src\__tests__\e2e\seo-preview.spec.ts:108:3 › E2E-F002: Google Desktop Preview › E2E-F002-02: breadcrumb URL is shown in the preview 
    [firefox] › src\__tests__\e2e\seo-preview.spec.ts:119:3 › E2E-F002: Google Desktop Preview › E2E-F002-03: title is truncated at 60 chars in Google Desktop preview 
    [firefox] › src\__tests__\e2e\seo-preview.spec.ts:137:3 › E2E-F002: Google Desktop Preview › E2E-F002-04: description is shown below the title in the SERP preview 
    [firefox] › src\__tests__\e2e\seo-preview.spec.ts:151:3 › E2E-F002: Google Desktop Preview › E2E-F002-05: keyword is highlighted in the preview 
    [firefox] › src\__tests__\e2e\seo-preview.spec.ts:176:3 › E2E-F003: Google Mobile Preview › E2E-F003-01: mobile truncation warning appears when title exceeds 50 chars 
    [firefox] › src\__tests__\e2e\seo-preview.spec.ts:186:3 › E2E-F003: Google Mobile Preview › E2E-F003-02: no mobile truncation warning when title is within 50 chars 
    [firefox] › src\__tests__\e2e\seo-preview.spec.ts:208:3 › E2E-F004: Score Dashboard › E2E-F004-01: Overall SEO Score heading is visible 
    [firefox] › src\__tests__\e2e\seo-preview.spec.ts:214:3 › E2E-F004: Score Dashboard › E2E-F004-02: /100 suffix is shown in the gauge 
    [firefox] › src\__tests__\e2e\seo-preview.spec.ts:218:3 › E2E-F004: Score Dashboard › E2E-F004-03: Title, Description, and Keyword score cards are rendered 
    [firefox] › src\__tests__\e2e\seo-preview.spec.ts:226:3 › E2E-F004: Score Dashboard › E2E-F004-04: score updates when metadata changes 
    [firefox] › src\__tests__\e2e\seo-preview.spec.ts:258:3 › E2E-F004: Score Dashboard › E2E-F004-05: empty title and description results in a low/zero score 
    [firefox] › src\__tests__\e2e\seo-preview.spec.ts:281:3 › E2E-F005: Bing Preview Tab › E2E-F005-01: clicking the Bing preview tab shows the Bing preview 
    [firefox] › src\__tests__\e2e\seo-preview.spec.ts:293:3 › E2E-F005: Bing Preview Tab › E2E-F005-02: Bing preview shows title with 65-char truncation 
    [firefox] › src\__tests__\e2e\seo-preview.spec.ts:324:3 › E2E-F006: Social / OG Card Preview › E2E-F006-01: social card preview tab or section is present 
    [firefox] › src\__tests__\e2e\seo-preview.spec.ts:341:3 › E2E-F006: Social / OG Card Preview › E2E-F006-02: social card displays the page title 
    [firefox] › src\__tests__\e2e\seo-preview.spec.ts:368:3 › E2E-F007: Screenshot Export › E2E-F007-01: Export PNG button is rendered 
    [firefox] › src\__tests__\e2e\seo-preview.spec.ts:374:3 › E2E-F007: Screenshot Export › E2E-F007-02: clicking Export PNG does not navigate away from the page 
    [firefox] › src\__tests__\e2e\seo-preview.spec.ts:390:3 › E2E-F008: Embeddable Widget › E2E-F008-01: embed page loads without errors 
    [firefox] › src\__tests__\e2e\seo-preview.spec.ts:395:3 › E2E-F008: Embeddable Widget › E2E-F008-02: embed link is in the header nav 
    [firefox] › src\__tests__\e2e\seo-preview.spec.ts:401:3 › E2E-F008: Embeddable Widget › E2E-F008-03: embed page accepts query-param options without crashing 
    [firefox] › src\__tests__\e2e\seo-preview.spec.ts:412:3 › E2E-F008: Embeddable Widget › E2E-F008-04: embed page shows the SEO preview widget 
    [firefox] › src\__tests__\e2e\seo-preview.spec.ts:421:3 › E2E-F008: Embeddable Widget › E2E-F008-05: navigating to embed link from header reaches /embed 
    [firefox] › src\__tests__\e2e\seo-preview.spec.ts:440:3 › E2E-F009: Dark Mode / Theme Toggle › E2E-F009-01: theme toggle button is visible in the header 
    [firefox] › src\__tests__\e2e\seo-preview.spec.ts:457:3 › E2E-F009: Dark Mode / Theme Toggle › E2E-F009-02: clicking the theme toggle changes the color scheme 
    [firefox] › src\__tests__\e2e\seo-preview.spec.ts:490:3 › E2E-F009: Dark Mode / Theme Toggle › E2E-F009-03: page renders correctly in dark mode 
    [firefox] › src\__tests__\e2e\seo-preview.spec.ts:500:3 › E2E-F009: Dark Mode / Theme Toggle › E2E-F009-04: page renders correctly in light mode 
    [firefox] › src\__tests__\e2e\seo-preview.spec.ts:520:3 › E2E-F010: History Panel › E2E-F010-01: history button or panel is accessible in the UI 
    [firefox] › src\__tests__\e2e\seo-preview.spec.ts:543:3 › E2E-F010: History Panel › E2E-F010-02: entering metadata and navigating away adds a history entry 
    [firefox] › src\__tests__\e2e\seo-preview.spec.ts:567:3 › E2E-F010: History Panel › E2E-F010-03: history entries can be deleted 
    [firefox] › src\__tests__\e2e\seo-preview.spec.ts:599:3 › E2E-F011: Bulk CSV Analysis › E2E-F011-01: bulk analysis page or section loads without errors 
    [firefox] › src\__tests__\e2e\seo-preview.spec.ts:621:3 › E2E-F011: Bulk CSV Analysis › E2E-F011-02: CSV upload input is present on the bulk page 
    [firefox] › src\__tests__\e2e\seo-preview.spec.ts:643:3 › E2E-F011: Bulk CSV Analysis › E2E-F011-03: example CSV download link is present 
    [firefox] › src\__tests__\e2e\seo-preview.spec.ts:679:3 › E2E-F012: URL Validation › E2E-F012-01: entering an invalid URL shows an error message 
    [firefox] › src\__tests__\e2e\seo-preview.spec.ts:690:3 › E2E-F012: URL Validation › E2E-F012-02: entering a valid URL clears the URL error 
    [firefox] › src\__tests__\e2e\seo-preview.spec.ts:705:3 › E2E-F012: URL Validation › E2E-F012-03: valid HTTPS URL updates the breadcrumb in the preview 
    [firefox] › src\__tests__\e2e\seo-preview.spec.ts:725:3 › E2E-A11Y: Accessibility › E2E-A11Y-01: page has no heading-level skips (h1 is present) 
    [firefox] › src\__tests__\e2e\seo-preview.spec.ts:732:3 › E2E-A11Y: Accessibility › E2E-A11Y-02: all form inputs have accessible labels 
    [firefox] › src\__tests__\e2e\seo-preview.spec.ts:741:3 › E2E-A11Y: Accessibility › E2E-A11Y-03: score progress bar has aria-valuenow attribute 
    [firefox] › src\__tests__\e2e\seo-preview.spec.ts:748:3 › E2E-A11Y: Accessibility › E2E-A11Y-04: page is keyboard-navigable (Tab reaches the title field) 
    [firefox] › src\__tests__\e2e\seo-preview.spec.ts:765:3 › E2E-A11Y: Accessibility › E2E-A11Y-05: page has appropriate lang attribute on <html> 
    [firefox] › src\__tests__\e2e\seo-preview.spec.ts:773:3 › E2E-A11Y: Accessibility › E2E-A11Y-06: images (if any) have alt text 
    [firefox] › src\__tests__\e2e\seo-preview.spec.ts:784:3 › E2E-A11Y: Accessibility › E2E-A11Y-07: interactive buttons have discernible text or aria-label 
    [firefox] › src\__tests__\e2e\seo-preview.spec.ts:815:3 › Navigation & Header › embed link is in the header nav 
    [firefox] › src\__tests__\e2e\seo-preview.spec.ts:820:3 › Navigation & Header › subtitle text is visible 
    [firefox] › src\__tests__\e2e\seo-preview.spec.ts:832:3 › Footer › footer contains privacy-centric copy 
    [webkit] › src\__tests__\e2e\seo-preview.spec.ts:21:3 › E2E-F001: Meta Input Form › E2E-F001-01: page title contains the app name 
    [webkit] › src\__tests__\e2e\seo-preview.spec.ts:25:3 › E2E-F001: Meta Input Form › E2E-F001-02: h1 heading is visible on load 
    [webkit] › src\__tests__\e2e\seo-preview.spec.ts:31:3 › E2E-F001: Meta Input Form › E2E-F001-03: all four input fields are present and pre-filled 
    [webkit] › src\__tests__\e2e\seo-preview.spec.ts:44:3 › E2E-F001: Meta Input Form › E2E-F001-04: typing a new title updates the Google Desktop preview 
    [webkit] › src\__tests__\e2e\seo-preview.spec.ts:56:3 › E2E-F001: Meta Input Form › E2E-F001-05: typing a new description updates the preview area 
    [webkit] › src\__tests__\e2e\seo-preview.spec.ts:70:3 › E2E-F001: Meta Input Form › E2E-F001-06: clearing the title shows Untitled fallback in preview 
    [webkit] › src\__tests__\e2e\seo-preview.spec.ts:79:3 › E2E-F001: Meta Input Form › E2E-F001-07: character counter updates as user types in the title field 
    [webkit] › src\__tests__\e2e\seo-preview.spec.ts:99:3 › E2E-F002: Google Desktop Preview › E2E-F002-01: Google Desktop preview tab is present and active by default 
    [webkit] › src\__tests__\e2e\seo-preview.spec.ts:108:3 › E2E-F002: Google Desktop Preview › E2E-F002-02: breadcrumb URL is shown in the preview 
    [webkit] › src\__tests__\e2e\seo-preview.spec.ts:119:3 › E2E-F002: Google Desktop Preview › E2E-F002-03: title is truncated at 60 chars in Google Desktop preview 
    [webkit] › src\__tests__\e2e\seo-preview.spec.ts:137:3 › E2E-F002: Google Desktop Preview › E2E-F002-04: description is shown below the title in the SERP preview 
    [webkit] › src\__tests__\e2e\seo-preview.spec.ts:151:3 › E2E-F002: Google Desktop Preview › E2E-F002-05: keyword is highlighted in the preview 
    [webkit] › src\__tests__\e2e\seo-preview.spec.ts:176:3 › E2E-F003: Google Mobile Preview › E2E-F003-01: mobile truncation warning appears when title exceeds 50 chars 
    [webkit] › src\__tests__\e2e\seo-preview.spec.ts:186:3 › E2E-F003: Google Mobile Preview › E2E-F003-02: no mobile truncation warning when title is within 50 chars 
    [webkit] › src\__tests__\e2e\seo-preview.spec.ts:208:3 › E2E-F004: Score Dashboard › E2E-F004-01: Overall SEO Score heading is visible 
    [webkit] › src\__tests__\e2e\seo-preview.spec.ts:214:3 › E2E-F004: Score Dashboard › E2E-F004-02: /100 suffix is shown in the gauge 
    [webkit] › src\__tests__\e2e\seo-preview.spec.ts:218:3 › E2E-F004: Score Dashboard › E2E-F004-03: Title, Description, and Keyword score cards are rendered 
    [webkit] › src\__tests__\e2e\seo-preview.spec.ts:226:3 › E2E-F004: Score Dashboard › E2E-F004-04: score updates when metadata changes 
    [webkit] › src\__tests__\e2e\seo-preview.spec.ts:258:3 › E2E-F004: Score Dashboard › E2E-F004-05: empty title and description results in a low/zero score 
    [webkit] › src\__tests__\e2e\seo-preview.spec.ts:281:3 › E2E-F005: Bing Preview Tab › E2E-F005-01: clicking the Bing preview tab shows the Bing preview 
    [webkit] › src\__tests__\e2e\seo-preview.spec.ts:293:3 › E2E-F005: Bing Preview Tab › E2E-F005-02: Bing preview shows title with 65-char truncation 
    [webkit] › src\__tests__\e2e\seo-preview.spec.ts:324:3 › E2E-F006: Social / OG Card Preview › E2E-F006-01: social card preview tab or section is present 
    [webkit] › src\__tests__\e2e\seo-preview.spec.ts:341:3 › E2E-F006: Social / OG Card Preview › E2E-F006-02: social card displays the page title 
    [webkit] › src\__tests__\e2e\seo-preview.spec.ts:368:3 › E2E-F007: Screenshot Export › E2E-F007-01: Export PNG button is rendered 
    [webkit] › src\__tests__\e2e\seo-preview.spec.ts:374:3 › E2E-F007: Screenshot Export › E2E-F007-02: clicking Export PNG does not navigate away from the page 
    [webkit] › src\__tests__\e2e\seo-preview.spec.ts:390:3 › E2E-F008: Embeddable Widget › E2E-F008-01: embed page loads without errors 
    [webkit] › src\__tests__\e2e\seo-preview.spec.ts:395:3 › E2E-F008: Embeddable Widget › E2E-F008-02: embed link is in the header nav 
    [webkit] › src\__tests__\e2e\seo-preview.spec.ts:401:3 › E2E-F008: Embeddable Widget › E2E-F008-03: embed page accepts query-param options without crashing 
    [webkit] › src\__tests__\e2e\seo-preview.spec.ts:412:3 › E2E-F008: Embeddable Widget › E2E-F008-04: embed page shows the SEO preview widget 
    [webkit] › src\__tests__\e2e\seo-preview.spec.ts:421:3 › E2E-F008: Embeddable Widget › E2E-F008-05: navigating to embed link from header reaches /embed 
    [webkit] › src\__tests__\e2e\seo-preview.spec.ts:440:3 › E2E-F009: Dark Mode / Theme Toggle › E2E-F009-01: theme toggle button is visible in the header 
    [webkit] › src\__tests__\e2e\seo-preview.spec.ts:457:3 › E2E-F009: Dark Mode / Theme Toggle › E2E-F009-02: clicking the theme toggle changes the color scheme 
    [webkit] › src\__tests__\e2e\seo-preview.spec.ts:490:3 › E2E-F009: Dark Mode / Theme Toggle › E2E-F009-03: page renders correctly in dark mode 
    [webkit] › src\__tests__\e2e\seo-preview.spec.ts:500:3 › E2E-F009: Dark Mode / Theme Toggle › E2E-F009-04: page renders correctly in light mode 
    [webkit] › src\__tests__\e2e\seo-preview.spec.ts:520:3 › E2E-F010: History Panel › E2E-F010-01: history button or panel is accessible in the UI 
    [webkit] › src\__tests__\e2e\seo-preview.spec.ts:543:3 › E2E-F010: History Panel › E2E-F010-02: entering metadata and navigating away adds a history entry 
    [webkit] › src\__tests__\e2e\seo-preview.spec.ts:567:3 › E2E-F010: History Panel › E2E-F010-03: history entries can be deleted 
    [webkit] › src\__tests__\e2e\seo-preview.spec.ts:599:3 › E2E-F011: Bulk CSV Analysis › E2E-F011-01: bulk analysis page or section loads without errors 
    [webkit] › src\__tests__\e2e\seo-preview.spec.ts:621:3 › E2E-F011: Bulk CSV Analysis › E2E-F011-02: CSV upload input is present on the bulk page 
    [webkit] › src\__tests__\e2e\seo-preview.spec.ts:643:3 › E2E-F011: Bulk CSV Analysis › E2E-F011-03: example CSV download link is present 
    [webkit] › src\__tests__\e2e\seo-preview.spec.ts:679:3 › E2E-F012: URL Validation › E2E-F012-01: entering an invalid URL shows an error message 
    [webkit] › src\__tests__\e2e\seo-preview.spec.ts:690:3 › E2E-F012: URL Validation › E2E-F012-02: entering a valid URL clears the URL error 
    [webkit] › src\__tests__\e2e\seo-preview.spec.ts:705:3 › E2E-F012: URL Validation › E2E-F012-03: valid HTTPS URL updates the breadcrumb in the preview 
    [webkit] › src\__tests__\e2e\seo-preview.spec.ts:725:3 › E2E-A11Y: Accessibility › E2E-A11Y-01: page has no heading-level skips (h1 is present) 
    [webkit] › src\__tests__\e2e\seo-preview.spec.ts:732:3 › E2E-A11Y: Accessibility › E2E-A11Y-02: all form inputs have accessible labels 
    [webkit] › src\__tests__\e2e\seo-preview.spec.ts:741:3 › E2E-A11Y: Accessibility › E2E-A11Y-03: score progress bar has aria-valuenow attribute 
    [webkit] › src\__tests__\e2e\seo-preview.spec.ts:748:3 › E2E-A11Y: Accessibility › E2E-A11Y-04: page is keyboard-navigable (Tab reaches the title field) 
    [webkit] › src\__tests__\e2e\seo-preview.spec.ts:765:3 › E2E-A11Y: Accessibility › E2E-A11Y-05: page has appropriate lang attribute on <html> 
    [webkit] › src\__tests__\e2e\seo-preview.spec.ts:773:3 › E2E-A11Y: Accessibility › E2E-A11Y-06: images (if any) have alt text 
    [webkit] › src\__tests__\e2e\seo-preview.spec.ts:784:3 › E2E-A11Y: Accessibility › E2E-A11Y-07: interactive buttons have discernible text or aria-label 
    [webkit] › src\__tests__\e2e\seo-preview.spec.ts:815:3 › Navigation & Header › embed link is in the header nav 
    [webkit] › src\__tests__\e2e\seo-preview.spec.ts:820:3 › Navigation & Header › subtitle text is visible 
    [webkit] › src\__tests__\e2e\seo-preview.spec.ts:832:3 › Footer › footer contains privacy-centric copy 
    [Mobile Chrome] › src\__tests__\e2e\seo-preview.spec.ts:21:3 › E2E-F001: Meta Input Form › E2E-F001-01: page title contains the app name 
    [Mobile Chrome] › src\__tests__\e2e\seo-preview.spec.ts:25:3 › E2E-F001: Meta Input Form › E2E-F001-02: h1 heading is visible on load 
    [Mobile Chrome] › src\__tests__\e2e\seo-preview.spec.ts:31:3 › E2E-F001: Meta Input Form › E2E-F001-03: all four input fields are present and pre-filled 
    [Mobile Chrome] › src\__tests__\e2e\seo-preview.spec.ts:44:3 › E2E-F001: Meta Input Form › E2E-F001-04: typing a new title updates the Google Desktop preview 
    [Mobile Chrome] › src\__tests__\e2e\seo-preview.spec.ts:56:3 › E2E-F001: Meta Input Form › E2E-F001-05: typing a new description updates the preview area 
    [Mobile Chrome] › src\__tests__\e2e\seo-preview.spec.ts:70:3 › E2E-F001: Meta Input Form › E2E-F001-06: clearing the title shows Untitled fallback in preview 
    [Mobile Chrome] › src\__tests__\e2e\seo-preview.spec.ts:79:3 › E2E-F001: Meta Input Form › E2E-F001-07: character counter updates as user types in the title field 
    [Mobile Chrome] › src\__tests__\e2e\seo-preview.spec.ts:99:3 › E2E-F002: Google Desktop Preview › E2E-F002-01: Google Desktop preview tab is present and active by default 
    [Mobile Chrome] › src\__tests__\e2e\seo-preview.spec.ts:108:3 › E2E-F002: Google Desktop Preview › E2E-F002-02: breadcrumb URL is shown in the preview 
    [Mobile Chrome] › src\__tests__\e2e\seo-preview.spec.ts:119:3 › E2E-F002: Google Desktop Preview › E2E-F002-03: title is truncated at 60 chars in Google Desktop preview 
    [Mobile Chrome] › src\__tests__\e2e\seo-preview.spec.ts:137:3 › E2E-F002: Google Desktop Preview › E2E-F002-04: description is shown below the title in the SERP preview 
    [Mobile Chrome] › src\__tests__\e2e\seo-preview.spec.ts:151:3 › E2E-F002: Google Desktop Preview › E2E-F002-05: keyword is highlighted in the preview 
    [Mobile Chrome] › src\__tests__\e2e\seo-preview.spec.ts:176:3 › E2E-F003: Google Mobile Preview › E2E-F003-01: mobile truncation warning appears when title exceeds 50 chars 
    [Mobile Chrome] › src\__tests__\e2e\seo-preview.spec.ts:186:3 › E2E-F003: Google Mobile Preview › E2E-F003-02: no mobile truncation warning when title is within 50 chars 
    [Mobile Chrome] › src\__tests__\e2e\seo-preview.spec.ts:208:3 › E2E-F004: Score Dashboard › E2E-F004-01: Overall SEO Score heading is visible 
    [Mobile Chrome] › src\__tests__\e2e\seo-preview.spec.ts:214:3 › E2E-F004: Score Dashboard › E2E-F004-02: /100 suffix is shown in the gauge 
    [Mobile Chrome] › src\__tests__\e2e\seo-preview.spec.ts:218:3 › E2E-F004: Score Dashboard › E2E-F004-03: Title, Description, and Keyword score cards are rendered 
    [Mobile Chrome] › src\__tests__\e2e\seo-preview.spec.ts:226:3 › E2E-F004: Score Dashboard › E2E-F004-04: score updates when metadata changes 
    [Mobile Chrome] › src\__tests__\e2e\seo-preview.spec.ts:258:3 › E2E-F004: Score Dashboard › E2E-F004-05: empty title and description results in a low/zero score 
    [Mobile Chrome] › src\__tests__\e2e\seo-preview.spec.ts:281:3 › E2E-F005: Bing Preview Tab › E2E-F005-01: clicking the Bing preview tab shows the Bing preview 
    [Mobile Chrome] › src\__tests__\e2e\seo-preview.spec.ts:293:3 › E2E-F005: Bing Preview Tab › E2E-F005-02: Bing preview shows title with 65-char truncation 
    [Mobile Chrome] › src\__tests__\e2e\seo-preview.spec.ts:324:3 › E2E-F006: Social / OG Card Preview › E2E-F006-01: social card preview tab or section is present 
    [Mobile Chrome] › src\__tests__\e2e\seo-preview.spec.ts:341:3 › E2E-F006: Social / OG Card Preview › E2E-F006-02: social card displays the page title 
    [Mobile Chrome] › src\__tests__\e2e\seo-preview.spec.ts:368:3 › E2E-F007: Screenshot Export › E2E-F007-01: Export PNG button is rendered 
    [Mobile Chrome] › src\__tests__\e2e\seo-preview.spec.ts:374:3 › E2E-F007: Screenshot Export › E2E-F007-02: clicking Export PNG does not navigate away from the page 
    [Mobile Chrome] › src\__tests__\e2e\seo-preview.spec.ts:390:3 › E2E-F008: Embeddable Widget › E2E-F008-01: embed page loads without errors 
    [Mobile Chrome] › src\__tests__\e2e\seo-preview.spec.ts:395:3 › E2E-F008: Embeddable Widget › E2E-F008-02: embed link is in the header nav 
    [Mobile Chrome] › src\__tests__\e2e\seo-preview.spec.ts:401:3 › E2E-F008: Embeddable Widget › E2E-F008-03: embed page accepts query-param options without crashing 
    [Mobile Chrome] › src\__tests__\e2e\seo-preview.spec.ts:412:3 › E2E-F008: Embeddable Widget › E2E-F008-04: embed page shows the SEO preview widget 
    [Mobile Chrome] › src\__tests__\e2e\seo-preview.spec.ts:421:3 › E2E-F008: Embeddable Widget › E2E-F008-05: navigating to embed link from header reaches /embed 
    [Mobile Chrome] › src\__tests__\e2e\seo-preview.spec.ts:440:3 › E2E-F009: Dark Mode / Theme Toggle › E2E-F009-01: theme toggle button is visible in the header 
    [Mobile Chrome] › src\__tests__\e2e\seo-preview.spec.ts:457:3 › E2E-F009: Dark Mode / Theme Toggle › E2E-F009-02: clicking the theme toggle changes the color scheme 
    [Mobile Chrome] › src\__tests__\e2e\seo-preview.spec.ts:490:3 › E2E-F009: Dark Mode / Theme Toggle › E2E-F009-03: page renders correctly in dark mode 
    [Mobile Chrome] › src\__tests__\e2e\seo-preview.spec.ts:500:3 › E2E-F009: Dark Mode / Theme Toggle › E2E-F009-04: page renders correctly in light mode 
    [Mobile Chrome] › src\__tests__\e2e\seo-preview.spec.ts:520:3 › E2E-F010: History Panel › E2E-F010-01: history button or panel is accessible in the UI 
    [Mobile Chrome] › src\__tests__\e2e\seo-preview.spec.ts:543:3 › E2E-F010: History Panel › E2E-F010-02: entering metadata and navigating away adds a history entry 
    [Mobile Chrome] › src\__tests__\e2e\seo-preview.spec.ts:567:3 › E2E-F010: History Panel › E2E-F010-03: history entries can be deleted 
    [Mobile Chrome] › src\__tests__\e2e\seo-preview.spec.ts:599:3 › E2E-F011: Bulk CSV Analysis › E2E-F011-01: bulk analysis page or section loads without errors 
    [Mobile Chrome] › src\__tests__\e2e\seo-preview.spec.ts:621:3 › E2E-F011: Bulk CSV Analysis › E2E-F011-02: CSV upload input is present on the bulk page 
    [Mobile Chrome] › src\__tests__\e2e\seo-preview.spec.ts:643:3 › E2E-F011: Bulk CSV Analysis › E2E-F011-03: example CSV download link is present 
    [Mobile Chrome] › src\__tests__\e2e\seo-preview.spec.ts:679:3 › E2E-F012: URL Validation › E2E-F012-01: entering an invalid URL shows an error message 
    [Mobile Chrome] › src\__tests__\e2e\seo-preview.spec.ts:690:3 › E2E-F012: URL Validation › E2E-F012-02: entering a valid URL clears the URL error 
    [Mobile Chrome] › src\__tests__\e2e\seo-preview.spec.ts:705:3 › E2E-F012: URL Validation › E2E-F012-03: valid HTTPS URL updates the breadcrumb in the preview 
    [Mobile Chrome] › src\__tests__\e2e\seo-preview.spec.ts:725:3 › E2E-A11Y: Accessibility › E2E-A11Y-01: page has no heading-level skips (h1 is present) 
    [Mobile Chrome] › src\__tests__\e2e\seo-preview.spec.ts:732:3 › E2E-A11Y: Accessibility › E2E-A11Y-02: all form inputs have accessible labels 
    [Mobile Chrome] › src\__tests__\e2e\seo-preview.spec.ts:741:3 › E2E-A11Y: Accessibility › E2E-A11Y-03: score progress bar has aria-valuenow attribute 
    [Mobile Chrome] › src\__tests__\e2e\seo-preview.spec.ts:748:3 › E2E-A11Y: Accessibility › E2E-A11Y-04: page is keyboard-navigable (Tab reaches the title field) 
    [Mobile Chrome] › src\__tests__\e2e\seo-preview.spec.ts:765:3 › E2E-A11Y: Accessibility › E2E-A11Y-05: page has appropriate lang attribute on <html> 
    [Mobile Chrome] › src\__tests__\e2e\seo-preview.spec.ts:773:3 › E2E-A11Y: Accessibility › E2E-A11Y-06: images (if any) have alt text 
    [Mobile Chrome] › src\__tests__\e2e\seo-preview.spec.ts:784:3 › E2E-A11Y: Accessibility › E2E-A11Y-07: interactive buttons have discernible text or aria-label 
    [Mobile Chrome] › src\__tests__\e2e\seo-preview.spec.ts:815:3 › Navigation & Header › embed link is in the header nav 
    [Mobile Chrome] › src\__tests__\e2e\seo-preview.spec.ts:820:3 › Navigation & Header › subtitle text is visible 
    [Mobile Chrome] › src\__tests__\e2e\seo-preview.spec.ts:832:3 › Footer › footer contains privacy-centric copy 
    [Mobile Safari] › src\__tests__\e2e\seo-preview.spec.ts:21:3 › E2E-F001: Meta Input Form › E2E-F001-01: page title contains the app name 
    [Mobile Safari] › src\__tests__\e2e\seo-preview.spec.ts:25:3 › E2E-F001: Meta Input Form › E2E-F001-02: h1 heading is visible on load 
    [Mobile Safari] › src\__tests__\e2e\seo-preview.spec.ts:31:3 › E2E-F001: Meta Input Form › E2E-F001-03: all four input fields are present and pre-filled 
    [Mobile Safari] › src\__tests__\e2e\seo-preview.spec.ts:44:3 › E2E-F001: Meta Input Form › E2E-F001-04: typing a new title updates the Google Desktop preview 
    [Mobile Safari] › src\__tests__\e2e\seo-preview.spec.ts:56:3 › E2E-F001: Meta Input Form › E2E-F001-05: typing a new description updates the preview area 
    [Mobile Safari] › src\__tests__\e2e\seo-preview.spec.ts:70:3 › E2E-F001: Meta Input Form › E2E-F001-06: clearing the title shows Untitled fallback in preview 
    [Mobile Safari] › src\__tests__\e2e\seo-preview.spec.ts:79:3 › E2E-F001: Meta Input Form › E2E-F001-07: character counter updates as user types in the title field 
    [Mobile Safari] › src\__tests__\e2e\seo-preview.spec.ts:99:3 › E2E-F002: Google Desktop Preview › E2E-F002-01: Google Desktop preview tab is present and active by default 
    [Mobile Safari] › src\__tests__\e2e\seo-preview.spec.ts:108:3 › E2E-F002: Google Desktop Preview › E2E-F002-02: breadcrumb URL is shown in the preview 
    [Mobile Safari] › src\__tests__\e2e\seo-preview.spec.ts:119:3 › E2E-F002: Google Desktop Preview › E2E-F002-03: title is truncated at 60 chars in Google Desktop preview 
    [Mobile Safari] › src\__tests__\e2e\seo-preview.spec.ts:137:3 › E2E-F002: Google Desktop Preview › E2E-F002-04: description is shown below the title in the SERP preview 
    [Mobile Safari] › src\__tests__\e2e\seo-preview.spec.ts:151:3 › E2E-F002: Google Desktop Preview › E2E-F002-05: keyword is highlighted in the preview 
    [Mobile Safari] › src\__tests__\e2e\seo-preview.spec.ts:176:3 › E2E-F003: Google Mobile Preview › E2E-F003-01: mobile truncation warning appears when title exceeds 50 chars 
    [Mobile Safari] › src\__tests__\e2e\seo-preview.spec.ts:186:3 › E2E-F003: Google Mobile Preview › E2E-F003-02: no mobile truncation warning when title is within 50 chars 
    [Mobile Safari] › src\__tests__\e2e\seo-preview.spec.ts:208:3 › E2E-F004: Score Dashboard › E2E-F004-01: Overall SEO Score heading is visible 
    [Mobile Safari] › src\__tests__\e2e\seo-preview.spec.ts:214:3 › E2E-F004: Score Dashboard › E2E-F004-02: /100 suffix is shown in the gauge 
    [Mobile Safari] › src\__tests__\e2e\seo-preview.spec.ts:218:3 › E2E-F004: Score Dashboard › E2E-F004-03: Title, Description, and Keyword score cards are rendered 
    [Mobile Safari] › src\__tests__\e2e\seo-preview.spec.ts:226:3 › E2E-F004: Score Dashboard › E2E-F004-04: score updates when metadata changes 
    [Mobile Safari] › src\__tests__\e2e\seo-preview.spec.ts:258:3 › E2E-F004: Score Dashboard › E2E-F004-05: empty title and description results in a low/zero score 
    [Mobile Safari] › src\__tests__\e2e\seo-preview.spec.ts:281:3 › E2E-F005: Bing Preview Tab › E2E-F005-01: clicking the Bing preview tab shows the Bing preview 
    [Mobile Safari] › src\__tests__\e2e\seo-preview.spec.ts:293:3 › E2E-F005: Bing Preview Tab › E2E-F005-02: Bing preview shows title with 65-char truncation 
    [Mobile Safari] › src\__tests__\e2e\seo-preview.spec.ts:324:3 › E2E-F006: Social / OG Card Preview › E2E-F006-01: social card preview tab or section is present 
    [Mobile Safari] › src\__tests__\e2e\seo-preview.spec.ts:341:3 › E2E-F006: Social / OG Card Preview › E2E-F006-02: social card displays the page title 
    [Mobile Safari] › src\__tests__\e2e\seo-preview.spec.ts:368:3 › E2E-F007: Screenshot Export › E2E-F007-01: Export PNG button is rendered 
    [Mobile Safari] › src\__tests__\e2e\seo-preview.spec.ts:374:3 › E2E-F007: Screenshot Export › E2E-F007-02: clicking Export PNG does not navigate away from the page 
    [Mobile Safari] › src\__tests__\e2e\seo-preview.spec.ts:390:3 › E2E-F008: Embeddable Widget › E2E-F008-01: embed page loads without errors 
    [Mobile Safari] › src\__tests__\e2e\seo-preview.spec.ts:395:3 › E2E-F008: Embeddable Widget › E2E-F008-02: embed link is in the header nav 
    [Mobile Safari] › src\__tests__\e2e\seo-preview.spec.ts:401:3 › E2E-F008: Embeddable Widget › E2E-F008-03: embed page accepts query-param options without crashing 
    [Mobile Safari] › src\__tests__\e2e\seo-preview.spec.ts:412:3 › E2E-F008: Embeddable Widget › E2E-F008-04: embed page shows the SEO preview widget 
    [Mobile Safari] › src\__tests__\e2e\seo-preview.spec.ts:421:3 › E2E-F008: Embeddable Widget › E2E-F008-05: navigating to embed link from header reaches /embed 
    [Mobile Safari] › src\__tests__\e2e\seo-preview.spec.ts:440:3 › E2E-F009: Dark Mode / Theme Toggle › E2E-F009-01: theme toggle button is visible in the header 
    [Mobile Safari] › src\__tests__\e2e\seo-preview.spec.ts:457:3 › E2E-F009: Dark Mode / Theme Toggle › E2E-F009-02: clicking the theme toggle changes the color scheme 
    [Mobile Safari] › src\__tests__\e2e\seo-preview.spec.ts:490:3 › E2E-F009: Dark Mode / Theme Toggle › E2E-F009-03: page renders correctly in dark mode 
    [Mobile Safari] › src\__tests__\e2e\seo-preview.spec.ts:500:3 › E2E-F009: Dark Mode / Theme Toggle › E2E-F009-04: page renders correctly in light mode 
    [Mobile Safari] › src\__tests__\e2e\seo-preview.spec.ts:520:3 › E2E-F010: History Panel › E2E-F010-01: history button or panel is accessible in the UI 
    [Mobile Safari] › src\__tests__\e2e\seo-preview.spec.ts:543:3 › E2E-F010: History Panel › E2E-F010-02: entering metadata and navigating away adds a history entry 
    [Mobile Safari] › src\__tests__\e2e\seo-preview.spec.ts:567:3 › E2E-F010: History Panel › E2E-F010-03: history entries can be deleted 
    [Mobile Safari] › src\__tests__\e2e\seo-preview.spec.ts:599:3 › E2E-F011: Bulk CSV Analysis › E2E-F011-01: bulk analysis page or section loads without errors 
    [Mobile Safari] › src\__tests__\e2e\seo-preview.spec.ts:621:3 › E2E-F011: Bulk CSV Analysis › E2E-F011-02: CSV upload input is present on the bulk page 
    [Mobile Safari] › src\__tests__\e2e\seo-preview.spec.ts:643:3 › E2E-F011: Bulk CSV Analysis › E2E-F011-03: example CSV download link is present 
    [Mobile Safari] › src\__tests__\e2e\seo-preview.spec.ts:679:3 › E2E-F012: URL Validation › E2E-F012-01: entering an invalid URL shows an error message 
    [Mobile Safari] › src\__tests__\e2e\seo-preview.spec.ts:690:3 › E2E-F012: URL Validation › E2E-F012-02: entering a valid URL clears the URL error 
    [Mobile Safari] › src\__tests__\e2e\seo-preview.spec.ts:705:3 › E2E-F012: URL Validation › E2E-F012-03: valid HTTPS URL updates the breadcrumb in the preview 
    [Mobile Safari] › src\__tests__\e2e\seo-preview.spec.ts:725:3 › E2E-A11Y: Accessibility › E2E-A11Y-01: page has no heading-level skips (h1 is present) 
    [Mobile Safari] › src\__tests__\e2e\seo-preview.spec.ts:732:3 › E2E-A11Y: Accessibility › E2E-A11Y-02: all form inputs have accessible labels 
    [Mobile Safari] › src\__tests__\e2e\seo-preview.spec.ts:741:3 › E2E-A11Y: Accessibility › E2E-A11Y-03: score progress bar has aria-valuenow attribute 
    [Mobile Safari] › src\__tests__\e2e\seo-preview.spec.ts:748:3 › E2E-A11Y: Accessibility › E2E-A11Y-04: page is keyboard-navigable (Tab reaches the title field) 
    [Mobile Safari] › src\__tests__\e2e\seo-preview.spec.ts:765:3 › E2E-A11Y: Accessibility › E2E-A11Y-05: page has appropriate lang attribute on <html> 
    [Mobile Safari] › src\__tests__\e2e\seo-preview.spec.ts:773:3 › E2E-A11Y: Accessibility › E2E-A11Y-06: images (if any) have alt text 
    [Mobile Safari] › src\__tests__\e2e\seo-preview.spec.ts:784:3 › E2E-A11Y: Accessibility › E2E-A11Y-07: interactive buttons have discernible text or aria-label 
    [Mobile Safari] › src\__tests__\e2e\seo-preview.spec.ts:815:3 › Navigation & Header › embed link is in the header nav 
    [Mobile Safari] › src\__tests__\e2e\seo-preview.spec.ts:820:3 › Navigation & Header › subtitle text is visible 
    [Mobile Safari] › src\__tests__\e2e\seo-preview.spec.ts:832:3 › Footer › footer contains privacy-centric copy 
  4 skipped
  11 passed (2.5m)
